Archive member included to satisfy reference by file (symbol)

c:/program files (x86)/gnu tools arm embedded/5.4 2016q3/bin/../lib/gcc/arm-none-eabi/5.4.1/armv7e-m\libgcc.a(_arm_addsubdf3.o)
                              ..\obj\main.o (__aeabi_dadd)
c:/program files (x86)/gnu tools arm embedded/5.4 2016q3/bin/../lib/gcc/arm-none-eabi/5.4.1/armv7e-m\libgcc.a(_arm_muldivdf3.o)
                              ..\obj\main.o (__aeabi_dmul)
c:/program files (x86)/gnu tools arm embedded/5.4 2016q3/bin/../lib/gcc/arm-none-eabi/5.4.1/armv7e-m\libgcc.a(_arm_fixdfsi.o)
                              ..\obj\main.o (__aeabi_d2iz)
c:/program files (x86)/gnu tools arm embedded/5.4 2016q3/bin/../lib/gcc/arm-none-eabi/5.4.1/armv7e-m\libgcc.a(_arm_fixunsdfsi.o)
                              ..\obj\adc_multichannel_init.o (__aeabi_d2uiz)

Allocating common symbols
Common symbol       size              file

VCO1_Output_Buffer  0x40              ..\obj\codec_configuration.o
fine_fm_frequency_value
                    0x2               ..\obj\codec_configuration.o
out2Active          0x1               ..\obj\main.o
VirtAddVarTab       0x20d0            ..\obj\saveBanks.o
ADC_Buffer          0xe               ..\obj\main.o
out1Active          0x1               ..\obj\main.o
VCO2_Lock           0x7               ..\obj\codec_configuration.o
ADC_Mean_Values     0xe               ..\obj\main.o
VCO2                0x1c              ..\obj\codec_configuration.o
recActive           0x1               ..\obj\main.o
linlogActive        0x1               ..\obj\main.o
Bank_Value          0x1               ..\obj\codec_configuration.o
Transfer_Complete_Flag
                    0x1               ..\obj\codec_configuration.o
I2S_Init_Struct     0x10              ..\obj\codec_configuration.o
ADC_Differences     0xe               ..\obj\main.o
coarse_fm_frequency_value
                    0x2               ..\obj\codec_configuration.o
VCO2_Output_Buffer  0x40              ..\obj\codec_configuration.o
I2C_Init_Struct     0x10              ..\obj\codec_configuration.o
holdActive          0x1               ..\obj\main.o
VCO1_Lock           0x7               ..\obj\codec_configuration.o
Input_Mean_Buffer   0x1c              ..\obj\main.o
i2s_Out             0x80              ..\obj\codec_configuration.o
VCO1                0x1c              ..\obj\codec_configuration.o
ADC_Values          0xe               ..\obj\main.o

Discarded input sections

 .text          0x00000000        0x0 ..\obj\semihosting.o
 .data          0x00000000        0x0 ..\obj\semihosting.o
 .bss           0x00000000       0x11 ..\obj\semihosting.o
 .text.SH_SendChar
                0x00000000       0x64 ..\obj\semihosting.o
 .text.SH_SendString
                0x00000000       0x20 ..\obj\semihosting.o
 .text.SH_GetChar
                0x00000000       0x40 ..\obj\semihosting.o
 .debug_info    0x00000000      0x136 ..\obj\semihosting.o
 .debug_abbrev  0x00000000       0xad ..\obj\semihosting.o
 .debug_aranges
                0x00000000       0x30 ..\obj\semihosting.o
 .debug_ranges  0x00000000       0x20 ..\obj\semihosting.o
 .debug_line    0x00000000       0xb0 ..\obj\semihosting.o
 .debug_str     0x00000000      0x1dc ..\obj\semihosting.o
 .comment       0x00000000       0x6f ..\obj\semihosting.o
 .debug_frame   0x00000000       0x7c ..\obj\semihosting.o
 .ARM.attributes
                0x00000000       0x33 ..\obj\semihosting.o
 .text          0x00000000        0x0 ..\obj\codec_configuration.o
 .data          0x00000000        0x0 ..\obj\codec_configuration.o
 .text          0x00000000        0x0 ..\obj\stm32f4xx_pwr.o
 .data          0x00000000        0x0 ..\obj\stm32f4xx_pwr.o
 .bss           0x00000000        0x0 ..\obj\stm32f4xx_pwr.o
 .text.PWR_DeInit
                0x00000000       0x1c ..\obj\stm32f4xx_pwr.o
 .text.PWR_BackupAccessCmd
                0x00000000       0x20 ..\obj\stm32f4xx_pwr.o
 .text.PWR_PVDLevelConfig
                0x00000000       0x38 ..\obj\stm32f4xx_pwr.o
 .text.PWR_PVDCmd
                0x00000000       0x20 ..\obj\stm32f4xx_pwr.o
 .text.PWR_WakeUpPinCmd
                0x00000000       0x20 ..\obj\stm32f4xx_pwr.o
 .text.PWR_BackupRegulatorCmd
                0x00000000       0x20 ..\obj\stm32f4xx_pwr.o
 .text.PWR_MainRegulatorModeConfig
                0x00000000       0x38 ..\obj\stm32f4xx_pwr.o
 .text.PWR_FlashPowerDownCmd
                0x00000000       0x20 ..\obj\stm32f4xx_pwr.o
 .text.PWR_EnterSTOPMode
                0x00000000       0x64 ..\obj\stm32f4xx_pwr.o
 .text.PWR_EnterSTANDBYMode
                0x00000000       0x3c ..\obj\stm32f4xx_pwr.o
 .text.PWR_GetFlagStatus
                0x00000000       0x34 ..\obj\stm32f4xx_pwr.o
 .text.PWR_ClearFlag
                0x00000000       0x24 ..\obj\stm32f4xx_pwr.o
 .debug_info    0x00000000      0x519 ..\obj\stm32f4xx_pwr.o
 .debug_abbrev  0x00000000      0x181 ..\obj\stm32f4xx_pwr.o
 .debug_aranges
                0x00000000       0x78 ..\obj\stm32f4xx_pwr.o
 .debug_ranges  0x00000000       0x68 ..\obj\stm32f4xx_pwr.o
 .debug_line    0x00000000      0x2d0 ..\obj\stm32f4xx_pwr.o
 .debug_str     0x00000000      0x393 ..\obj\stm32f4xx_pwr.o
 .comment       0x00000000       0x6f ..\obj\stm32f4xx_pwr.o
 .debug_frame   0x00000000      0x1dc ..\obj\stm32f4xx_pwr.o
 .ARM.attributes
                0x00000000       0x33 ..\obj\stm32f4xx_pwr.o
 .text          0x00000000        0x0 ..\obj\stm32f4xx_dac.o
 .data          0x00000000        0x0 ..\obj\stm32f4xx_dac.o
 .bss           0x00000000        0x0 ..\obj\stm32f4xx_dac.o
 .text.DAC_DeInit
                0x00000000       0x1c ..\obj\stm32f4xx_dac.o
 .text.DAC_Init
                0x00000000       0x64 ..\obj\stm32f4xx_dac.o
 .text.DAC_StructInit
                0x00000000       0x2c ..\obj\stm32f4xx_dac.o
 .text.DAC_Cmd  0x00000000       0x48 ..\obj\stm32f4xx_dac.o
 .text.DAC_SoftwareTriggerCmd
                0x00000000       0x4c ..\obj\stm32f4xx_dac.o
 .text.DAC_DualSoftwareTriggerCmd
                0x00000000       0x38 ..\obj\stm32f4xx_dac.o
 .text.DAC_WaveGenerationCmd
                0x00000000       0x4c ..\obj\stm32f4xx_dac.o
 .text.DAC_SetChannel1Data
                0x00000000       0x34 ..\obj\stm32f4xx_dac.o
 .text.DAC_SetChannel2Data
                0x00000000       0x34 ..\obj\stm32f4xx_dac.o
 .text.DAC_SetDualChannelData
                0x00000000       0x58 ..\obj\stm32f4xx_dac.o
 .text.DAC_GetDataOutputValue
                0x00000000       0x30 ..\obj\stm32f4xx_dac.o
 .text.DAC_DMACmd
                0x00000000       0x4c ..\obj\stm32f4xx_dac.o
 .text.DAC_ITConfig
                0x00000000       0x4c ..\obj\stm32f4xx_dac.o
 .text.DAC_GetFlagStatus
                0x00000000       0x3c ..\obj\stm32f4xx_dac.o
 .text.DAC_ClearFlag
                0x00000000       0x24 ..\obj\stm32f4xx_dac.o
 .text.DAC_GetITStatus
                0x00000000       0x54 ..\obj\stm32f4xx_dac.o
 .text.DAC_ClearITPendingBit
                0x00000000       0x24 ..\obj\stm32f4xx_dac.o
 .debug_info    0x00000000      0x642 ..\obj\stm32f4xx_dac.o
 .debug_abbrev  0x00000000      0x17e ..\obj\stm32f4xx_dac.o
 .debug_aranges
                0x00000000       0xa0 ..\obj\stm32f4xx_dac.o
 .debug_ranges  0x00000000       0x90 ..\obj\stm32f4xx_dac.o
 .debug_line    0x00000000      0x37a ..\obj\stm32f4xx_dac.o
 .debug_str     0x00000000      0x455 ..\obj\stm32f4xx_dac.o
 .comment       0x00000000       0x6f ..\obj\stm32f4xx_dac.o
 .debug_frame   0x00000000      0x2ac ..\obj\stm32f4xx_dac.o
 .ARM.attributes
                0x00000000       0x33 ..\obj\stm32f4xx_dac.o
 .text          0x00000000        0x0 ..\obj\startup_stm32f4xx.o
 .data          0x00000000        0x0 ..\obj\startup_stm32f4xx.o
 .bss           0x00000000        0x0 ..\obj\startup_stm32f4xx.o
 .text          0x00000000        0x0 ..\obj\main.o
 .data          0x00000000        0x0 ..\obj\main.o
 .bss           0x00000000        0x0 ..\obj\main.o
 .rodata        0x00000000    0x1f003 ..\obj\main.o
 .text.Linear_Interpolation
                0x00000000       0x74 ..\obj\main.o
 .text.Subtable_Interpolation
                0x00000000       0x78 ..\obj\main.o
 .text.Waveshape_Modulation
                0x00000000      0x14c ..\obj\main.o
 .text.Mix_Modulation
                0x00000000       0x38 ..\obj\main.o
 .text.get_FM_Values
                0x00000000       0x94 ..\obj\main.o
 .text          0x00000000        0x0 ..\obj\stm32f4xx_rcc.o
 .bss           0x00000000        0x0 ..\obj\stm32f4xx_rcc.o
 .text.RCC_DeInit
                0x00000000       0x50 ..\obj\stm32f4xx_rcc.o
 .text.RCC_HSEConfig
                0x00000000       0x24 ..\obj\stm32f4xx_rcc.o
 .text.RCC_WaitForHSEStartUp
                0x00000000       0x50 ..\obj\stm32f4xx_rcc.o
 .text.RCC_AdjustHSICalibrationValue
                0x00000000       0x3c ..\obj\stm32f4xx_rcc.o
 .text.RCC_HSICmd
                0x00000000       0x20 ..\obj\stm32f4xx_rcc.o
 .text.RCC_LSEConfig
                0x00000000       0x40 ..\obj\stm32f4xx_rcc.o
 .text.RCC_LSICmd
                0x00000000       0x20 ..\obj\stm32f4xx_rcc.o
 .text.RCC_PLLConfig
                0x00000000       0x3c ..\obj\stm32f4xx_rcc.o
 .text.RCC_PLLCmd
                0x00000000       0x20 ..\obj\stm32f4xx_rcc.o
 .text.RCC_PLLI2SConfig
                0x00000000       0x28 ..\obj\stm32f4xx_rcc.o
 .text.RCC_ClockSecuritySystemCmd
                0x00000000       0x20 ..\obj\stm32f4xx_rcc.o
 .text.RCC_MCO1Config
                0x00000000       0x3c ..\obj\stm32f4xx_rcc.o
 .text.RCC_MCO2Config
                0x00000000       0x3c ..\obj\stm32f4xx_rcc.o
 .text.RCC_SYSCLKConfig
                0x00000000       0x38 ..\obj\stm32f4xx_rcc.o
 .text.RCC_GetSYSCLKSource
                0x00000000       0x1c ..\obj\stm32f4xx_rcc.o
 .text.RCC_HCLKConfig
                0x00000000       0x38 ..\obj\stm32f4xx_rcc.o
 .text.RCC_PCLK1Config
                0x00000000       0x38 ..\obj\stm32f4xx_rcc.o
 .text.RCC_PCLK2Config
                0x00000000       0x38 ..\obj\stm32f4xx_rcc.o
 .text.RCC_RTCCLKConfig
                0x00000000       0x5c ..\obj\stm32f4xx_rcc.o
 .text.RCC_RTCCLKCmd
                0x00000000       0x20 ..\obj\stm32f4xx_rcc.o
 .text.RCC_BackupResetCmd
                0x00000000       0x20 ..\obj\stm32f4xx_rcc.o
 .text.RCC_I2SCLKConfig
                0x00000000       0x1c ..\obj\stm32f4xx_rcc.o
 .text.RCC_AHB2PeriphClockCmd
                0x00000000       0x3c ..\obj\stm32f4xx_rcc.o
 .text.RCC_AHB3PeriphClockCmd
                0x00000000       0x3c ..\obj\stm32f4xx_rcc.o
 .text.RCC_AHB1PeriphResetCmd
                0x00000000       0x3c ..\obj\stm32f4xx_rcc.o
 .text.RCC_AHB2PeriphResetCmd
                0x00000000       0x3c ..\obj\stm32f4xx_rcc.o
 .text.RCC_AHB3PeriphResetCmd
                0x00000000       0x3c ..\obj\stm32f4xx_rcc.o
 .text.RCC_AHB1PeriphClockLPModeCmd
                0x00000000       0x3c ..\obj\stm32f4xx_rcc.o
 .text.RCC_AHB2PeriphClockLPModeCmd
                0x00000000       0x3c ..\obj\stm32f4xx_rcc.o
 .text.RCC_AHB3PeriphClockLPModeCmd
                0x00000000       0x3c ..\obj\stm32f4xx_rcc.o
 .text.RCC_APB1PeriphClockLPModeCmd
                0x00000000       0x3c ..\obj\stm32f4xx_rcc.o
 .text.RCC_APB2PeriphClockLPModeCmd
                0x00000000       0x3c ..\obj\stm32f4xx_rcc.o
 .text.RCC_ITConfig
                0x00000000       0x4c ..\obj\stm32f4xx_rcc.o
 .text.RCC_GetFlagStatus
                0x00000000       0x74 ..\obj\stm32f4xx_rcc.o
 .text.RCC_ClearFlag
                0x00000000       0x1c ..\obj\stm32f4xx_rcc.o
 .text.RCC_GetITStatus
                0x00000000       0x34 ..\obj\stm32f4xx_rcc.o
 .text.RCC_ClearITPendingBit
                0x00000000       0x20 ..\obj\stm32f4xx_rcc.o
 .text          0x00000000        0x0 ..\obj\inputProcessing.o
 .data          0x00000000        0x0 ..\obj\inputProcessing.o
 .text          0x00000000        0x0 ..\obj\stm32f4xx_adc.o
 .data          0x00000000        0x0 ..\obj\stm32f4xx_adc.o
 .bss           0x00000000        0x0 ..\obj\stm32f4xx_adc.o
 .text.ADC_DeInit
                0x00000000       0x1c ..\obj\stm32f4xx_adc.o
 .text.ADC_StructInit
                0x00000000       0x3c ..\obj\stm32f4xx_adc.o
 .text.ADC_CommonStructInit
                0x00000000       0x2c ..\obj\stm32f4xx_adc.o
 .text.ADC_AnalogWatchdogCmd
                0x00000000       0x38 ..\obj\stm32f4xx_adc.o
 .text.ADC_AnalogWatchdogThresholdsConfig
                0x00000000       0x28 ..\obj\stm32f4xx_adc.o
 .text.ADC_AnalogWatchdogSingleChannelConfig
                0x00000000       0x38 ..\obj\stm32f4xx_adc.o
 .text.ADC_TempSensorVrefintCmd
                0x00000000       0x38 ..\obj\stm32f4xx_adc.o
 .text.ADC_VBATCmd
                0x00000000       0x38 ..\obj\stm32f4xx_adc.o
 .text.ADC_GetSoftwareStartConvStatus
                0x00000000       0x30 ..\obj\stm32f4xx_adc.o
 .text.ADC_EOCOnEachRegularChannelCmd
                0x00000000       0x38 ..\obj\stm32f4xx_adc.o
 .text.ADC_ContinuousModeCmd
                0x00000000       0x38 ..\obj\stm32f4xx_adc.o
 .text.ADC_DiscModeChannelCountConfig
                0x00000000       0x44 ..\obj\stm32f4xx_adc.o
 .text.ADC_DiscModeCmd
                0x00000000       0x38 ..\obj\stm32f4xx_adc.o
 .text.ADC_GetConversionValue
                0x00000000       0x18 ..\obj\stm32f4xx_adc.o
 .text.ADC_GetMultiModeConversionValue
                0x00000000       0x14 ..\obj\stm32f4xx_adc.o
 .text.ADC_MultiModeDMARequestAfterLastTransferCmd
                0x00000000       0x38 ..\obj\stm32f4xx_adc.o
 .text.ADC_InjectedChannelConfig
                0x00000000      0x120 ..\obj\stm32f4xx_adc.o
 .text.ADC_InjectedSequencerLengthConfig
                0x00000000       0x44 ..\obj\stm32f4xx_adc.o
 .text.ADC_SetInjectedOffset
                0x00000000       0x34 ..\obj\stm32f4xx_adc.o
 .text.ADC_ExternalTrigInjectedConvConfig
                0x00000000       0x34 ..\obj\stm32f4xx_adc.o
 .text.ADC_ExternalTrigInjectedConvEdgeConfig
                0x00000000       0x34 ..\obj\stm32f4xx_adc.o
 .text.ADC_SoftwareStartInjectedConv
                0x00000000       0x20 ..\obj\stm32f4xx_adc.o
 .text.ADC_GetSoftwareStartInjectedConvCmdStatus
                0x00000000       0x30 ..\obj\stm32f4xx_adc.o
 .text.ADC_AutoInjectedConvCmd
                0x00000000       0x38 ..\obj\stm32f4xx_adc.o
 .text.ADC_InjectedDiscModeCmd
                0x00000000       0x38 ..\obj\stm32f4xx_adc.o
 .text.ADC_GetInjectedConversionValue
                0x00000000       0x30 ..\obj\stm32f4xx_adc.o
 .text.ADC_ITConfig
                0x00000000       0x50 ..\obj\stm32f4xx_adc.o
 .text.ADC_GetFlagStatus
                0x00000000       0x34 ..\obj\stm32f4xx_adc.o
 .text.ADC_ClearFlag
                0x00000000       0x20 ..\obj\stm32f4xx_adc.o
 .text.ADC_GetITStatus
                0x00000000       0x5c ..\obj\stm32f4xx_adc.o
 .text.ADC_ClearITPendingBit
                0x00000000       0x2c ..\obj\stm32f4xx_adc.o
 .text          0x00000000        0x0 ..\obj\printf.o
 .data          0x00000000      0x42c ..\obj\printf.o
 .bss           0x00000000        0x0 ..\obj\printf.o
 .text.PrintChar
                0x00000000       0x1c ..\obj\printf.o
 .text.PutChar  0x00000000       0x20 ..\obj\printf.o
 .text.PutString
                0x00000000       0x3c ..\obj\printf.o
 .text.PutUnsignedInt
                0x00000000       0x9c ..\obj\printf.o
 .text.PutSignedInt
                0x00000000       0xf8 ..\obj\printf.o
 .text.PutHexa  0x00000000       0xd4 ..\obj\printf.o
 .text.vsnprintf
                0x00000000      0x254 ..\obj\printf.o
 .text.snprintf
                0x00000000       0x30 ..\obj\printf.o
 .text.vsprintf
                0x00000000       0x24 ..\obj\printf.o
 .rodata        0x00000000       0x24 ..\obj\printf.o
 .text.vfprintf
                0x00000000       0x68 ..\obj\printf.o
 .text.vprintf  0x00000000       0x28 ..\obj\printf.o
 .text.fprintf  0x00000000       0x2c ..\obj\printf.o
 .text.printf   0x00000000       0x28 ..\obj\printf.o
 .text.sprintf  0x00000000       0x2c ..\obj\printf.o
 .text.puts     0x00000000       0x24 ..\obj\printf.o
 .text.fputc    0x00000000       0x40 ..\obj\printf.o
 .text.fputs    0x00000000       0x48 ..\obj\printf.o
 .debug_info    0x00000000      0xe4a ..\obj\printf.o
 .debug_abbrev  0x00000000      0x287 ..\obj\printf.o
 .debug_aranges
                0x00000000       0xa0 ..\obj\printf.o
 .debug_ranges  0x00000000       0x90 ..\obj\printf.o
 .debug_line    0x00000000      0x379 ..\obj\printf.o
 .debug_str     0x00000000      0x683 ..\obj\printf.o
 .comment       0x00000000       0x6f ..\obj\printf.o
 .debug_frame   0x00000000      0x2d8 ..\obj\printf.o
 .ARM.attributes
                0x00000000       0x33 ..\obj\printf.o
 .text          0x00000000        0x0 ..\obj\saveBanks.o
 .data          0x00000000        0x0 ..\obj\saveBanks.o
 .bss           0x00000000        0x0 ..\obj\saveBanks.o
 .text          0x00000000        0x0 ..\obj\sevenSegment.o
 .data          0x00000000        0x0 ..\obj\sevenSegment.o
 .bss           0x00000000        0x0 ..\obj\sevenSegment.o
 .text.sevenSegmentInit
                0x00000000       0x94 ..\obj\sevenSegment.o
 .text          0x00000000        0x0 ..\obj\stm32f4xx_gpio.o
 .data          0x00000000        0x0 ..\obj\stm32f4xx_gpio.o
 .bss           0x00000000        0x0 ..\obj\stm32f4xx_gpio.o
 .text.GPIO_DeInit
                0x00000000      0x120 ..\obj\stm32f4xx_gpio.o
 .text.GPIO_PinLockConfig
                0x00000000       0x44 ..\obj\stm32f4xx_gpio.o
 .text.GPIO_ReadInputData
                0x00000000       0x18 ..\obj\stm32f4xx_gpio.o
 .text.GPIO_ReadOutputDataBit
                0x00000000       0x34 ..\obj\stm32f4xx_gpio.o
 .text.GPIO_ReadOutputData
                0x00000000       0x18 ..\obj\stm32f4xx_gpio.o
 .text.GPIO_WriteBit
                0x00000000       0x30 ..\obj\stm32f4xx_gpio.o
 .text.GPIO_Write
                0x00000000       0x1c ..\obj\stm32f4xx_gpio.o
 .text          0x00000000        0x0 ..\obj\stm32f4xx_flash.o
 .data          0x00000000        0x0 ..\obj\stm32f4xx_flash.o
 .bss           0x00000000        0x0 ..\obj\stm32f4xx_flash.o
 .text.FLASH_SetLatency
                0x00000000       0x20 ..\obj\stm32f4xx_flash.o
 .text.FLASH_PrefetchBufferCmd
                0x00000000       0x38 ..\obj\stm32f4xx_flash.o
 .text.FLASH_InstructionCacheCmd
                0x00000000       0x38 ..\obj\stm32f4xx_flash.o
 .text.FLASH_DataCacheCmd
                0x00000000       0x38 ..\obj\stm32f4xx_flash.o
 .text.FLASH_InstructionCacheReset
                0x00000000       0x1c ..\obj\stm32f4xx_flash.o
 .text.FLASH_DataCacheReset
                0x00000000       0x1c ..\obj\stm32f4xx_flash.o
 .text.FLASH_Lock
                0x00000000       0x1c ..\obj\stm32f4xx_flash.o
 .text.FLASH_EraseAllSectors
                0x00000000       0xa0 ..\obj\stm32f4xx_flash.o
 .text.FLASH_ProgramDoubleWord
                0x00000000       0x70 ..\obj\stm32f4xx_flash.o
 .text.FLASH_ProgramWord
                0x00000000       0x68 ..\obj\stm32f4xx_flash.o
 .text.FLASH_ProgramByte
                0x00000000       0x68 ..\obj\stm32f4xx_flash.o
 .text.FLASH_OB_Unlock
                0x00000000       0x30 ..\obj\stm32f4xx_flash.o
 .text.FLASH_OB_Lock
                0x00000000       0x1c ..\obj\stm32f4xx_flash.o
 .text.FLASH_OB_WRPConfig
                0x00000000       0x5c ..\obj\stm32f4xx_flash.o
 .text.FLASH_OB_RDPConfig
                0x00000000       0x30 ..\obj\stm32f4xx_flash.o
 .text.FLASH_OB_UserConfig
                0x00000000       0x58 ..\obj\stm32f4xx_flash.o
 .text.FLASH_OB_BORConfig
                0x00000000       0x38 ..\obj\stm32f4xx_flash.o
 .text.FLASH_OB_Launch
                0x00000000       0x30 ..\obj\stm32f4xx_flash.o
 .text.FLASH_OB_GetUser
                0x00000000       0x18 ..\obj\stm32f4xx_flash.o
 .text.FLASH_OB_GetWRP
                0x00000000       0x18 ..\obj\stm32f4xx_flash.o
 .text.FLASH_OB_GetRDP
                0x00000000       0x30 ..\obj\stm32f4xx_flash.o
 .text.FLASH_OB_GetBOR
                0x00000000       0x1c ..\obj\stm32f4xx_flash.o
 .text.FLASH_ITConfig
                0x00000000       0x3c ..\obj\stm32f4xx_flash.o
 .text.FLASH_GetFlagStatus
                0x00000000       0x34 ..\obj\stm32f4xx_flash.o
 .text.FLASH_ClearFlag
                0x00000000       0x1c ..\obj\stm32f4xx_flash.o
 .data          0x00000000        0x0 ..\obj\sh_cmd.o
 .bss           0x00000000        0x0 ..\obj\sh_cmd.o
 .text          0x00000000        0x0 ..\obj\system_stm32f4xx.o
 .data          0x00000000       0x14 ..\obj\system_stm32f4xx.o
 .bss           0x00000000        0x0 ..\obj\system_stm32f4xx.o
 .text.SystemCoreClockUpdate
                0x00000000       0xf8 ..\obj\system_stm32f4xx.o
 .text          0x00000000        0x0 ..\obj\syscalls.o
 .data          0x00000000        0x0 ..\obj\syscalls.o
 .bss           0x00000000        0x4 ..\obj\syscalls.o
 .text._sbrk    0x00000000       0x3c ..\obj\syscalls.o
 .text.link     0x00000000       0x18 ..\obj\syscalls.o
 .text._close   0x00000000       0x18 ..\obj\syscalls.o
 .text._fstat   0x00000000       0x20 ..\obj\syscalls.o
 .text._isatty  0x00000000       0x14 ..\obj\syscalls.o
 .text._lseek   0x00000000       0x18 ..\obj\syscalls.o
 .text._read    0x00000000       0x18 ..\obj\syscalls.o
 .text._write   0x00000000       0x18 ..\obj\syscalls.o
 .text.abort    0x00000000        0x8 ..\obj\syscalls.o
 .debug_info    0x00000000      0x458 ..\obj\syscalls.o
 .debug_abbrev  0x00000000       0xe5 ..\obj\syscalls.o
 .debug_aranges
                0x00000000       0x60 ..\obj\syscalls.o
 .debug_ranges  0x00000000       0x50 ..\obj\syscalls.o
 .debug_line    0x00000000      0x1f3 ..\obj\syscalls.o
 .debug_str     0x00000000      0x342 ..\obj\syscalls.o
 .comment       0x00000000       0x6f ..\obj\syscalls.o
 .debug_frame   0x00000000      0x168 ..\obj\syscalls.o
 .ARM.attributes
                0x00000000       0x33 ..\obj\syscalls.o
 .text          0x00000000        0x0 ..\obj\stm32f4xx_dma.o
 .data          0x00000000        0x0 ..\obj\stm32f4xx_dma.o
 .bss           0x00000000        0x0 ..\obj\stm32f4xx_dma.o
 .text.DMA_StructInit
                0x00000000       0x6c ..\obj\stm32f4xx_dma.o
 .text.DMA_PeriphIncOffsetSizeConfig
                0x00000000       0x34 ..\obj\stm32f4xx_dma.o
 .text.DMA_FlowControllerConfig
                0x00000000       0x34 ..\obj\stm32f4xx_dma.o
 .text.DMA_SetCurrDataCounter
                0x00000000       0x1c ..\obj\stm32f4xx_dma.o
 .text.DMA_GetCurrDataCounter
                0x00000000       0x18 ..\obj\stm32f4xx_dma.o
 .text.DMA_MemoryTargetConfig
                0x00000000       0x2c ..\obj\stm32f4xx_dma.o
 .text.DMA_GetCurrentMemoryTarget
                0x00000000       0x30 ..\obj\stm32f4xx_dma.o
 .text.DMA_GetCmdStatus
                0x00000000       0x30 ..\obj\stm32f4xx_dma.o
 .text.DMA_GetFIFOStatus
                0x00000000       0x24 ..\obj\stm32f4xx_dma.o
 .text.DMA_GetFlagStatus
                0x00000000       0x74 ..\obj\stm32f4xx_dma.o
 .text.DMA_ClearFlag
                0x00000000       0x5c ..\obj\stm32f4xx_dma.o
 .text          0x00000000        0x0 ..\obj\stm32f4xx_spi.o
 .data          0x00000000        0x0 ..\obj\stm32f4xx_spi.o
 .bss           0x00000000        0x0 ..\obj\stm32f4xx_spi.o
 .text.SPI_Init
                0x00000000       0x88 ..\obj\stm32f4xx_spi.o
 .text.SPI_StructInit
                0x00000000       0x48 ..\obj\stm32f4xx_spi.o
 .text.I2S_StructInit
                0x00000000       0x38 ..\obj\stm32f4xx_spi.o
 .text.SPI_Cmd  0x00000000       0x40 ..\obj\stm32f4xx_spi.o
 .text.SPI_DataSizeConfig
                0x00000000       0x38 ..\obj\stm32f4xx_spi.o
 .text.SPI_BiDirectionalLineConfig
                0x00000000       0x40 ..\obj\stm32f4xx_spi.o
 .text.SPI_NSSInternalSoftwareConfig
                0x00000000       0x44 ..\obj\stm32f4xx_spi.o
 .text.SPI_SSOutputCmd
                0x00000000       0x40 ..\obj\stm32f4xx_spi.o
 .text.SPI_TIModeCmd
                0x00000000       0x40 ..\obj\stm32f4xx_spi.o
 .text.I2S_FullDuplexConfig
                0x00000000       0x9c ..\obj\stm32f4xx_spi.o
 .text.SPI_I2S_ReceiveData
                0x00000000       0x18 ..\obj\stm32f4xx_spi.o
 .text.SPI_I2S_SendData
                0x00000000       0x1c ..\obj\stm32f4xx_spi.o
 .text.SPI_CalculateCRC
                0x00000000       0x40 ..\obj\stm32f4xx_spi.o
 .text.SPI_TransmitCRC
                0x00000000       0x24 ..\obj\stm32f4xx_spi.o
 .text.SPI_GetCRC
                0x00000000       0x30 ..\obj\stm32f4xx_spi.o
 .text.SPI_GetCRCPolynomial
                0x00000000       0x18 ..\obj\stm32f4xx_spi.o
 .text.SPI_I2S_GetFlagStatus
                0x00000000       0x38 ..\obj\stm32f4xx_spi.o
 .text.SPI_I2S_ClearFlag
                0x00000000       0x20 ..\obj\stm32f4xx_spi.o
 .text.SPI_I2S_GetITStatus
                0x00000000       0x74 ..\obj\stm32f4xx_spi.o
 .text.SPI_I2S_ClearITPendingBit
                0x00000000       0x34 ..\obj\stm32f4xx_spi.o
 .text          0x00000000        0x0 ..\obj\stm32f4xx_i2c.o
 .data          0x00000000        0x0 ..\obj\stm32f4xx_i2c.o
 .bss           0x00000000        0x0 ..\obj\stm32f4xx_i2c.o
 .text.I2C_StructInit
                0x00000000       0x3c ..\obj\stm32f4xx_i2c.o
 .text.I2C_OwnAddress2Config
                0x00000000       0x44 ..\obj\stm32f4xx_i2c.o
 .text.I2C_DualAddressCmd
                0x00000000       0x40 ..\obj\stm32f4xx_i2c.o
 .text.I2C_GeneralCallCmd
                0x00000000       0x40 ..\obj\stm32f4xx_i2c.o
 .text.I2C_SoftwareResetCmd
                0x00000000       0x44 ..\obj\stm32f4xx_i2c.o
 .text.I2C_StretchClockCmd
                0x00000000       0x40 ..\obj\stm32f4xx_i2c.o
 .text.I2C_FastModeDutyCycleConfig
                0x00000000       0x40 ..\obj\stm32f4xx_i2c.o
 .text.I2C_NACKPositionConfig
                0x00000000       0x40 ..\obj\stm32f4xx_i2c.o
 .text.I2C_SMBusAlertConfig
                0x00000000       0x40 ..\obj\stm32f4xx_i2c.o
 .text.I2C_ARPCmd
                0x00000000       0x40 ..\obj\stm32f4xx_i2c.o
 .text.I2C_TransmitPEC
                0x00000000       0x40 ..\obj\stm32f4xx_i2c.o
 .text.I2C_PECPositionConfig
                0x00000000       0x40 ..\obj\stm32f4xx_i2c.o
 .text.I2C_CalculatePEC
                0x00000000       0x40 ..\obj\stm32f4xx_i2c.o
 .text.I2C_GetPEC
                0x00000000       0x20 ..\obj\stm32f4xx_i2c.o
 .text.I2C_DMACmd
                0x00000000       0x40 ..\obj\stm32f4xx_i2c.o
 .text.I2C_DMALastTransferCmd
                0x00000000       0x40 ..\obj\stm32f4xx_i2c.o
 .text.I2C_ReadRegister
                0x00000000       0x2c ..\obj\stm32f4xx_i2c.o
 .text.I2C_ITConfig
                0x00000000       0x48 ..\obj\stm32f4xx_i2c.o
 .text.I2C_GetLastEvent
                0x00000000       0x44 ..\obj\stm32f4xx_i2c.o
 .text.I2C_ClearFlag
                0x00000000       0x2c ..\obj\stm32f4xx_i2c.o
 .text.I2C_GetITStatus
                0x00000000       0x58 ..\obj\stm32f4xx_i2c.o
 .text.I2C_ClearITPendingBit
                0x00000000       0x2c ..\obj\stm32f4xx_i2c.o
 .text          0x00000000        0x0 ..\obj\stm32f4xx_exti.o
 .data          0x00000000        0x0 ..\obj\stm32f4xx_exti.o
 .bss           0x00000000        0x0 ..\obj\stm32f4xx_exti.o
 .text.EXTI_DeInit
                0x00000000       0x34 ..\obj\stm32f4xx_exti.o
 .text.EXTI_Init
                0x00000000       0xe4 ..\obj\stm32f4xx_exti.o
 .text.EXTI_StructInit
                0x00000000       0x2c ..\obj\stm32f4xx_exti.o
 .text.EXTI_GenerateSWInterrupt
                0x00000000       0x24 ..\obj\stm32f4xx_exti.o
 .text.EXTI_GetFlagStatus
                0x00000000       0x34 ..\obj\stm32f4xx_exti.o
 .text.EXTI_ClearFlag
                0x00000000       0x1c ..\obj\stm32f4xx_exti.o
 .text.EXTI_GetITStatus
                0x00000000       0x48 ..\obj\stm32f4xx_exti.o
 .text.EXTI_ClearITPendingBit
                0x00000000       0x1c ..\obj\stm32f4xx_exti.o
 .debug_info    0x00000000      0x357 ..\obj\stm32f4xx_exti.o
 .debug_abbrev  0x00000000      0x1a9 ..\obj\stm32f4xx_exti.o
 .debug_aranges
                0x00000000       0x58 ..\obj\stm32f4xx_exti.o
 .debug_ranges  0x00000000       0x48 ..\obj\stm32f4xx_exti.o
 .debug_line    0x00000000      0x2c9 ..\obj\stm32f4xx_exti.o
 .debug_str     0x00000000      0x35b ..\obj\stm32f4xx_exti.o
 .comment       0x00000000       0x6f ..\obj\stm32f4xx_exti.o
 .debug_frame   0x00000000      0x148 ..\obj\stm32f4xx_exti.o
 .ARM.attributes
                0x00000000       0x33 ..\obj\stm32f4xx_exti.o
 .text          0x00000000        0x0 ..\obj\misc.o
 .data          0x00000000        0x0 ..\obj\misc.o
 .bss           0x00000000        0x0 ..\obj\misc.o
 .text.NVIC_PriorityGroupConfig
                0x00000000       0x24 ..\obj\misc.o
 .text.NVIC_SetVectorTable
                0x00000000       0x2c ..\obj\misc.o
 .text.NVIC_SystemLPConfig
                0x00000000       0x40 ..\obj\misc.o
 .text.SysTick_CLKSourceConfig
                0x00000000       0x38 ..\obj\misc.o
 .text          0x00000000        0x0 ..\obj\adc_multichannel_init.o
 .data          0x00000000        0x0 ..\obj\adc_multichannel_init.o
 .bss           0x00000000        0x0 ..\obj\adc_multichannel_init.o
 .text.Get_ADC_Values
                0x00000000       0x90 ..\obj\adc_multichannel_init.o
 .text.Get_Lock_Values
                0x00000000       0xa4 ..\obj\adc_multichannel_init.o
 .text.Get_Mean_Values
                0x00000000       0xa0 ..\obj\adc_multichannel_init.o
 .text          0x00000000        0x0 ..\obj\stm32f4xx_tim.o
 .data          0x00000000        0x0 ..\obj\stm32f4xx_tim.o
 .bss           0x00000000        0x0 ..\obj\stm32f4xx_tim.o
 .text.TIM_DeInit
                0x00000000      0x1c0 ..\obj\stm32f4xx_tim.o
 .text.TIM_TimeBaseStructInit
                0x00000000       0x34 ..\obj\stm32f4xx_tim.o
 .text.TIM_PrescalerConfig
                0x00000000       0x28 ..\obj\stm32f4xx_tim.o
 .text.TIM_CounterModeConfig
                0x00000000       0x38 ..\obj\stm32f4xx_tim.o
 .text.TIM_SetCounter
                0x00000000       0x1c ..\obj\stm32f4xx_tim.o
 .text.TIM_SetAutoreload
                0x00000000       0x1c ..\obj\stm32f4xx_tim.o
 .text.TIM_GetCounter
                0x00000000       0x18 ..\obj\stm32f4xx_tim.o
 .text.TIM_GetPrescaler
                0x00000000       0x18 ..\obj\stm32f4xx_tim.o
 .text.TIM_UpdateDisableConfig
                0x00000000       0x40 ..\obj\stm32f4xx_tim.o
 .text.TIM_UpdateRequestConfig
                0x00000000       0x40 ..\obj\stm32f4xx_tim.o
 .text.TIM_ARRPreloadConfig
                0x00000000       0x40 ..\obj\stm32f4xx_tim.o
 .text.TIM_SelectOnePulseMode
                0x00000000       0x38 ..\obj\stm32f4xx_tim.o
 .text.TIM_SetClockDivision
                0x00000000       0x38 ..\obj\stm32f4xx_tim.o
 .text.TIM_OC1Init
                0x00000000       0xf4 ..\obj\stm32f4xx_tim.o
 .text.TIM_OC2Init
                0x00000000      0x110 ..\obj\stm32f4xx_tim.o
 .text.TIM_OC3Init
                0x00000000      0x10c ..\obj\stm32f4xx_tim.o
 .text.TIM_OC4Init
                0x00000000       0xcc ..\obj\stm32f4xx_tim.o
 .text.TIM_OCStructInit
                0x00000000       0x44 ..\obj\stm32f4xx_tim.o
 .text.TIM_SelectOCxM
                0x00000000       0xb0 ..\obj\stm32f4xx_tim.o
 .text.TIM_SetCompare1
                0x00000000       0x1c ..\obj\stm32f4xx_tim.o
 .text.TIM_SetCompare2
                0x00000000       0x1c ..\obj\stm32f4xx_tim.o
 .text.TIM_SetCompare3
                0x00000000       0x1c ..\obj\stm32f4xx_tim.o
 .text.TIM_SetCompare4
                0x00000000       0x1c ..\obj\stm32f4xx_tim.o
 .text.TIM_ForcedOC1Config
                0x00000000       0x38 ..\obj\stm32f4xx_tim.o
 .text.TIM_ForcedOC2Config
                0x00000000       0x3c ..\obj\stm32f4xx_tim.o
 .text.TIM_ForcedOC3Config
                0x00000000       0x38 ..\obj\stm32f4xx_tim.o
 .text.TIM_ForcedOC4Config
                0x00000000       0x3c ..\obj\stm32f4xx_tim.o
 .text.TIM_OC1PreloadConfig
                0x00000000       0x38 ..\obj\stm32f4xx_tim.o
 .text.TIM_OC2PreloadConfig
                0x00000000       0x3c ..\obj\stm32f4xx_tim.o
 .text.TIM_OC3PreloadConfig
                0x00000000       0x38 ..\obj\stm32f4xx_tim.o
 .text.TIM_OC4PreloadConfig
                0x00000000       0x3c ..\obj\stm32f4xx_tim.o
 .text.TIM_OC1FastConfig
                0x00000000       0x38 ..\obj\stm32f4xx_tim.o
 .text.TIM_OC2FastConfig
                0x00000000       0x3c ..\obj\stm32f4xx_tim.o
 .text.TIM_OC3FastConfig
                0x00000000       0x38 ..\obj\stm32f4xx_tim.o
 .text.TIM_OC4FastConfig
                0x00000000       0x3c ..\obj\stm32f4xx_tim.o
 .text.TIM_ClearOC1Ref
                0x00000000       0x38 ..\obj\stm32f4xx_tim.o
 .text.TIM_ClearOC2Ref
                0x00000000       0x3c ..\obj\stm32f4xx_tim.o
 .text.TIM_ClearOC3Ref
                0x00000000       0x38 ..\obj\stm32f4xx_tim.o
 .text.TIM_ClearOC4Ref
                0x00000000       0x3c ..\obj\stm32f4xx_tim.o
 .text.TIM_OC1PolarityConfig
                0x00000000       0x38 ..\obj\stm32f4xx_tim.o
 .text.TIM_OC1NPolarityConfig
                0x00000000       0x38 ..\obj\stm32f4xx_tim.o
 .text.TIM_OC2PolarityConfig
                0x00000000       0x3c ..\obj\stm32f4xx_tim.o
 .text.TIM_OC2NPolarityConfig
                0x00000000       0x3c ..\obj\stm32f4xx_tim.o
 .text.TIM_OC3PolarityConfig
                0x00000000       0x3c ..\obj\stm32f4xx_tim.o
 .text.TIM_OC3NPolarityConfig
                0x00000000       0x3c ..\obj\stm32f4xx_tim.o
 .text.TIM_OC4PolarityConfig
                0x00000000       0x3c ..\obj\stm32f4xx_tim.o
 .text.TIM_CCxCmd
                0x00000000       0x54 ..\obj\stm32f4xx_tim.o
 .text.TIM_CCxNCmd
                0x00000000       0x54 ..\obj\stm32f4xx_tim.o
 .text.TIM_ICInit
                0x00000000       0xa8 ..\obj\stm32f4xx_tim.o
 .text.TIM_ICStructInit
                0x00000000       0x30 ..\obj\stm32f4xx_tim.o
 .text.TIM_PWMIConfig
                0x00000000       0xb8 ..\obj\stm32f4xx_tim.o
 .text.TIM_GetCapture1
                0x00000000       0x18 ..\obj\stm32f4xx_tim.o
 .text.TIM_GetCapture2
                0x00000000       0x18 ..\obj\stm32f4xx_tim.o
 .text.TIM_GetCapture3
                0x00000000       0x18 ..\obj\stm32f4xx_tim.o
 .text.TIM_GetCapture4
                0x00000000       0x18 ..\obj\stm32f4xx_tim.o
 .text.TIM_SetIC1Prescaler
                0x00000000       0x38 ..\obj\stm32f4xx_tim.o
 .text.TIM_SetIC2Prescaler
                0x00000000       0x3c ..\obj\stm32f4xx_tim.o
 .text.TIM_SetIC3Prescaler
                0x00000000       0x38 ..\obj\stm32f4xx_tim.o
 .text.TIM_SetIC4Prescaler
                0x00000000       0x3c ..\obj\stm32f4xx_tim.o
 .text.TIM_BDTRConfig
                0x00000000       0x50 ..\obj\stm32f4xx_tim.o
 .text.TIM_BDTRStructInit
                0x00000000       0x3c ..\obj\stm32f4xx_tim.o
 .text.TIM_CtrlPWMOutputs
                0x00000000       0x4c ..\obj\stm32f4xx_tim.o
 .text.TIM_SelectCOM
                0x00000000       0x40 ..\obj\stm32f4xx_tim.o
 .text.TIM_CCPreloadControl
                0x00000000       0x40 ..\obj\stm32f4xx_tim.o
 .text.TIM_GenerateEvent
                0x00000000       0x1c ..\obj\stm32f4xx_tim.o
 .text.TIM_GetFlagStatus
                0x00000000       0x38 ..\obj\stm32f4xx_tim.o
 .text.TIM_ClearFlag
                0x00000000       0x20 ..\obj\stm32f4xx_tim.o
 .text.TIM_GetITStatus
                0x00000000       0x54 ..\obj\stm32f4xx_tim.o
 .text.TIM_DMAConfig
                0x00000000       0x28 ..\obj\stm32f4xx_tim.o
 .text.TIM_DMACmd
                0x00000000       0x48 ..\obj\stm32f4xx_tim.o
 .text.TIM_SelectCCDMA
                0x00000000       0x40 ..\obj\stm32f4xx_tim.o
 .text.TIM_InternalClockConfig
                0x00000000       0x24 ..\obj\stm32f4xx_tim.o
 .text.TIM_ITRxExternalClockConfig
                0x00000000       0x30 ..\obj\stm32f4xx_tim.o
 .text.TIM_TIxExternalClockConfig
                0x00000000       0x5c ..\obj\stm32f4xx_tim.o
 .text.TIM_ETRClockMode1Config
                0x00000000       0x60 ..\obj\stm32f4xx_tim.o
 .text.TIM_ETRClockMode2Config
                0x00000000       0x40 ..\obj\stm32f4xx_tim.o
 .text.TIM_SelectInputTrigger
                0x00000000       0x38 ..\obj\stm32f4xx_tim.o
 .text.TIM_SelectOutputTrigger
                0x00000000       0x38 ..\obj\stm32f4xx_tim.o
 .text.TIM_SelectSlaveMode
                0x00000000       0x38 ..\obj\stm32f4xx_tim.o
 .text.TIM_SelectMasterSlaveMode
                0x00000000       0x38 ..\obj\stm32f4xx_tim.o
 .text.TIM_ETRConfig
                0x00000000       0x54 ..\obj\stm32f4xx_tim.o
 .text.TIM_EncoderInterfaceConfig
                0x00000000       0x98 ..\obj\stm32f4xx_tim.o
 .text.TIM_SelectHallSensor
                0x00000000       0x40 ..\obj\stm32f4xx_tim.o
 .text.TIM_RemapConfig
                0x00000000       0x20 ..\obj\stm32f4xx_tim.o
 .text.TI1_Config
                0x00000000       0x84 ..\obj\stm32f4xx_tim.o
 .text.TI2_Config
                0x00000000       0x98 ..\obj\stm32f4xx_tim.o
 .text.TI3_Config
                0x00000000       0x90 ..\obj\stm32f4xx_tim.o
 .text.TI4_Config
                0x00000000       0x9c ..\obj\stm32f4xx_tim.o
 .text          0x00000000        0x0 ..\obj\eeprom.o
 .data          0x00000000        0x0 ..\obj\eeprom.o
 .text          0x00000000      0x370 c:/program files (x86)/gnu tools arm embedded/5.4 2016q3/bin/../lib/gcc/arm-none-eabi/5.4.1/armv7e-m\libgcc.a(_arm_addsubdf3.o)
 .data          0x00000000        0x0 c:/program files (x86)/gnu tools arm embedded/5.4 2016q3/bin/../lib/gcc/arm-none-eabi/5.4.1/armv7e-m\libgcc.a(_arm_addsubdf3.o)
 .bss           0x00000000        0x0 c:/program files (x86)/gnu tools arm embedded/5.4 2016q3/bin/../lib/gcc/arm-none-eabi/5.4.1/armv7e-m\libgcc.a(_arm_addsubdf3.o)
 .ARM.attributes
                0x00000000       0x1e c:/program files (x86)/gnu tools arm embedded/5.4 2016q3/bin/../lib/gcc/arm-none-eabi/5.4.1/armv7e-m\libgcc.a(_arm_addsubdf3.o)
 .text          0x00000000      0x424 c:/program files (x86)/gnu tools arm embedded/5.4 2016q3/bin/../lib/gcc/arm-none-eabi/5.4.1/armv7e-m\libgcc.a(_arm_muldivdf3.o)
 .data          0x00000000        0x0 c:/program files (x86)/gnu tools arm embedded/5.4 2016q3/bin/../lib/gcc/arm-none-eabi/5.4.1/armv7e-m\libgcc.a(_arm_muldivdf3.o)
 .bss           0x00000000        0x0 c:/program files (x86)/gnu tools arm embedded/5.4 2016q3/bin/../lib/gcc/arm-none-eabi/5.4.1/armv7e-m\libgcc.a(_arm_muldivdf3.o)
 .ARM.attributes
                0x00000000       0x1e c:/program files (x86)/gnu tools arm embedded/5.4 2016q3/bin/../lib/gcc/arm-none-eabi/5.4.1/armv7e-m\libgcc.a(_arm_muldivdf3.o)
 .text          0x00000000       0x50 c:/program files (x86)/gnu tools arm embedded/5.4 2016q3/bin/../lib/gcc/arm-none-eabi/5.4.1/armv7e-m\libgcc.a(_arm_fixdfsi.o)
 .data          0x00000000        0x0 c:/program files (x86)/gnu tools arm embedded/5.4 2016q3/bin/../lib/gcc/arm-none-eabi/5.4.1/armv7e-m\libgcc.a(_arm_fixdfsi.o)
 .bss           0x00000000        0x0 c:/program files (x86)/gnu tools arm embedded/5.4 2016q3/bin/../lib/gcc/arm-none-eabi/5.4.1/armv7e-m\libgcc.a(_arm_fixdfsi.o)
 .ARM.attributes
                0x00000000       0x1e c:/program files (x86)/gnu tools arm embedded/5.4 2016q3/bin/../lib/gcc/arm-none-eabi/5.4.1/armv7e-m\libgcc.a(_arm_fixdfsi.o)
 .text          0x00000000       0x40 c:/program files (x86)/gnu tools arm embedded/5.4 2016q3/bin/../lib/gcc/arm-none-eabi/5.4.1/armv7e-m\libgcc.a(_arm_fixunsdfsi.o)
 .data          0x00000000        0x0 c:/program files (x86)/gnu tools arm embedded/5.4 2016q3/bin/../lib/gcc/arm-none-eabi/5.4.1/armv7e-m\libgcc.a(_arm_fixunsdfsi.o)
 .bss           0x00000000        0x0 c:/program files (x86)/gnu tools arm embedded/5.4 2016q3/bin/../lib/gcc/arm-none-eabi/5.4.1/armv7e-m\libgcc.a(_arm_fixunsdfsi.o)
 .ARM.attributes
                0x00000000       0x1e c:/program files (x86)/gnu tools arm embedded/5.4 2016q3/bin/../lib/gcc/arm-none-eabi/5.4.1/armv7e-m\libgcc.a(_arm_fixunsdfsi.o)

Memory Configuration

Name             Origin             Length             Attributes
rom              0x08000000         0x00100000         xr
ram              0x20000000         0x00020000         xrw
ram1             0x10000000         0x00010000         xrw
*default*        0x00000000         0xffffffff

Linker script and memory map

                0x20020000                _eram = 0x20020000

.text           0x08000000     0x3f34
 *(.isr_vector)
 .isr_vector    0x08000000      0x188 ..\obj\startup_stm32f4xx.o
                0x08000000                g_pfnVectors
 *(.text*)
 .text.codec_Init
                0x08000188      0x16c ..\obj\codec_configuration.o
                0x08000188                codec_Init
 .text.send_Codec_Config
                0x080002f4       0xa8 ..\obj\codec_configuration.o
                0x080002f4                send_Codec_Config
 .text.codec_Configuration
                0x0800039c      0x160 ..\obj\codec_configuration.o
                0x0800039c                codec_Configuration
 .text.receive_Codec_Data
                0x080004fc      0x100 ..\obj\codec_configuration.o
                0x080004fc                receive_Codec_Data
 .text.codec_DMA_Init
                0x080005fc      0x104 ..\obj\codec_configuration.o
                0x080005fc                codec_DMA_Init
 .text.DMA1_Stream5_IRQHandler
                0x08000700      0x10c ..\obj\codec_configuration.o
                0x08000700                DMA1_Stream5_IRQHandler
 .text.Default_Reset_Handler
                0x0800080c       0x5c ..\obj\startup_stm32f4xx.o
                0x0800080c                Default_Reset_Handler
                0x0800080c                Reset_Handler
 .text.Default_Handler
                0x08000868        0x8 ..\obj\startup_stm32f4xx.o
                0x08000868                RTC_Alarm_IRQHandler
                0x08000868                HASH_RNG_IRQHandler
                0x08000868                EXTI2_IRQHandler
                0x08000868                TIM8_CC_IRQHandler
                0x08000868                DebugMon_Handler
                0x08000868                TIM1_CC_IRQHandler
                0x08000868                DMA2_Stream5_IRQHandler
                0x08000868                SysTick_Handler
                0x08000868                PVD_IRQHandler
                0x08000868                SDIO_IRQHandler
                0x08000868                TAMP_STAMP_IRQHandler
                0x08000868                PendSV_Handler
                0x08000868                NMI_Handler
                0x08000868                CAN2_RX1_IRQHandler
                0x08000868                EXTI3_IRQHandler
                0x08000868                TIM8_TRG_COM_TIM14_IRQHandler
                0x08000868                TIM1_UP_TIM10_IRQHandler
                0x08000868                TIM8_UP_TIM13_IRQHandler
                0x08000868                I2C3_ER_IRQHandler
                0x08000868                EXTI0_IRQHandler
                0x08000868                I2C2_EV_IRQHandler
                0x08000868                DMA1_Stream2_IRQHandler
                0x08000868                CAN1_RX0_IRQHandler
                0x08000868                FPU_IRQHandler
                0x08000868                OTG_HS_WKUP_IRQHandler
                0x08000868                UsageFault_Handler
                0x08000868                CAN2_SCE_IRQHandler
                0x08000868                DMA2_Stream2_IRQHandler
                0x08000868                SPI1_IRQHandler
                0x08000868                TIM6_DAC_IRQHandler
                0x08000868                TIM1_BRK_TIM9_IRQHandler
                0x08000868                DCMI_IRQHandler
                0x08000868                CAN2_RX0_IRQHandler
                0x08000868                DMA2_Stream3_IRQHandler
                0x08000868                USART6_IRQHandler
                0x08000868                USART3_IRQHandler
                0x08000868                CRYP_IRQHandler
                0x08000868                CAN1_RX1_IRQHandler
                0x08000868                UART5_IRQHandler
                0x08000868                DMA2_Stream0_IRQHandler
                0x08000868                TIM4_IRQHandler
                0x08000868                I2C1_EV_IRQHandler
                0x08000868                DMA1_Stream6_IRQHandler
                0x08000868                DMA1_Stream1_IRQHandler
                0x08000868                UART4_IRQHandler
                0x08000868                TIM3_IRQHandler
                0x08000868                RCC_IRQHandler
                0x08000868                TIM8_BRK_TIM12_IRQHandler
                0x08000868                EXTI15_10_IRQHandler
                0x08000868                ADC_IRQHandler
                0x08000868                DMA1_Stream7_IRQHandler
                0x08000868                CAN2_TX_IRQHandler
                0x08000868                TIM5_IRQHandler
                0x08000868                DMA2_Stream7_IRQHandler
                0x08000868                I2C3_EV_IRQHandler
                0x08000868                EXTI9_5_IRQHandler
                0x08000868                RTC_WKUP_IRQHandler
                0x08000868                ETH_WKUP_IRQHandler
                0x08000868                SPI2_IRQHandler
                0x08000868                OTG_HS_EP1_IN_IRQHandler
                0x08000868                MemManage_Handler
                0x08000868                DMA1_Stream0_IRQHandler
                0x08000868                CAN1_TX_IRQHandler
                0x08000868                SVC_Handler
                0x08000868                EXTI4_IRQHandler
                0x08000868                FSMC_IRQHandler
                0x08000868                ETH_IRQHandler
                0x08000868                OTG_HS_EP1_OUT_IRQHandler
                0x08000868                WWDG_IRQHandler
                0x08000868                TIM2_IRQHandler
                0x08000868                OTG_FS_WKUP_IRQHandler
                0x08000868                TIM1_TRG_COM_TIM11_IRQHandler
                0x08000868                OTG_HS_IRQHandler
                0x08000868                EXTI1_IRQHandler
                0x08000868                USART2_IRQHandler
                0x08000868                I2C2_ER_IRQHandler
                0x08000868                DMA2_Stream1_IRQHandler
                0x08000868                CAN1_SCE_IRQHandler
                0x08000868                FLASH_IRQHandler
                0x08000868                DMA2_Stream4_IRQHandler
                0x08000868                BusFault_Handler
                0x08000868                USART1_IRQHandler
                0x08000868                OTG_FS_IRQHandler
                0x08000868                SPI3_IRQHandler
                0x08000868                DMA1_Stream4_IRQHandler
                0x08000868                I2C1_ER_IRQHandler
                0x08000868                DMA2_Stream6_IRQHandler
                0x08000868                DMA1_Stream3_IRQHandler
 .text.main     0x08000870       0x34 ..\obj\main.o
                0x08000870                main
 .text.LED_Init
                0x080008a4      0x100 ..\obj\main.o
                0x080008a4                LED_Init
 .text.LED_Button_Test
                0x080009a4      0x184 ..\obj\main.o
                0x080009a4                LED_Button_Test
 .text.RCC_PLLI2SCmd
                0x08000b28       0x20 ..\obj\stm32f4xx_rcc.o
                0x08000b28                RCC_PLLI2SCmd
 .text.RCC_GetClocksFreq
                0x08000b48      0x154 ..\obj\stm32f4xx_rcc.o
                0x08000b48                RCC_GetClocksFreq
 .text.RCC_AHB1PeriphClockCmd
                0x08000c9c       0x3c ..\obj\stm32f4xx_rcc.o
                0x08000c9c                RCC_AHB1PeriphClockCmd
 .text.RCC_APB1PeriphClockCmd
                0x08000cd8       0x3c ..\obj\stm32f4xx_rcc.o
                0x08000cd8                RCC_APB1PeriphClockCmd
 .text.RCC_APB2PeriphClockCmd
                0x08000d14       0x3c ..\obj\stm32f4xx_rcc.o
                0x08000d14                RCC_APB2PeriphClockCmd
 .text.RCC_APB1PeriphResetCmd
                0x08000d50       0x3c ..\obj\stm32f4xx_rcc.o
                0x08000d50                RCC_APB1PeriphResetCmd
 .text.RCC_APB2PeriphResetCmd
                0x08000d8c       0x3c ..\obj\stm32f4xx_rcc.o
                0x08000d8c                RCC_APB2PeriphResetCmd
 .text.inputProcessingInit
                0x08000dc8      0x10c ..\obj\inputProcessing.o
                0x08000dc8                inputProcessingInit
 .text.TIM7_IRQHandler
                0x08000ed4      0x3ec ..\obj\inputProcessing.o
                0x08000ed4                TIM7_IRQHandler
 .text.ADC_Init
                0x080012c0       0xa8 ..\obj\stm32f4xx_adc.o
                0x080012c0                ADC_Init
 .text.ADC_CommonInit
                0x08001368       0x50 ..\obj\stm32f4xx_adc.o
                0x08001368                ADC_CommonInit
 .text.ADC_Cmd  0x080013b8       0x38 ..\obj\stm32f4xx_adc.o
                0x080013b8                ADC_Cmd
 .text.ADC_RegularChannelConfig
                0x080013f0      0x194 ..\obj\stm32f4xx_adc.o
                0x080013f0                ADC_RegularChannelConfig
 .text.ADC_SoftwareStartConv
                0x08001584       0x20 ..\obj\stm32f4xx_adc.o
                0x08001584                ADC_SoftwareStartConv
 .text.ADC_DMACmd
                0x080015a4       0x38 ..\obj\stm32f4xx_adc.o
                0x080015a4                ADC_DMACmd
 .text.ADC_DMARequestAfterLastTransferCmd
                0x080015dc       0x38 ..\obj\stm32f4xx_adc.o
                0x080015dc                ADC_DMARequestAfterLastTransferCmd
 .text.saveBanksInit
                0x08001614       0x3c ..\obj\saveBanks.o
                0x08001614                saveBanksInit
 .text.saveBank
                0x08001650      0x418 ..\obj\saveBanks.o
                0x08001650                saveBank
 .text.loadBank
                0x08001a68      0x464 ..\obj\saveBanks.o
                0x08001a68                loadBank
 .text.sevenSegmentIntToDisplay
                0x08001ecc      0x4b0 ..\obj\sevenSegment.o
                0x08001ecc                sevenSegmentIntToDisplay
 .text.GPIO_Init
                0x0800237c      0x11c ..\obj\stm32f4xx_gpio.o
                0x0800237c                GPIO_Init
 .text.GPIO_StructInit
                0x08002498       0x34 ..\obj\stm32f4xx_gpio.o
                0x08002498                GPIO_StructInit
 .text.GPIO_ReadInputDataBit
                0x080024cc       0x34 ..\obj\stm32f4xx_gpio.o
                0x080024cc                GPIO_ReadInputDataBit
 .text.GPIO_SetBits
                0x08002500       0x1c ..\obj\stm32f4xx_gpio.o
                0x08002500                GPIO_SetBits
 .text.GPIO_ResetBits
                0x0800251c       0x1c ..\obj\stm32f4xx_gpio.o
                0x0800251c                GPIO_ResetBits
 .text.GPIO_ToggleBits
                0x08002538       0x24 ..\obj\stm32f4xx_gpio.o
                0x08002538                GPIO_ToggleBits
 .text.GPIO_PinAFConfig
                0x0800255c       0x90 ..\obj\stm32f4xx_gpio.o
                0x0800255c                GPIO_PinAFConfig
 .text.FLASH_Unlock
                0x080025ec       0x2c ..\obj\stm32f4xx_flash.o
                0x080025ec                FLASH_Unlock
 .text.FLASH_EraseSector
                0x08002618       0xc0 ..\obj\stm32f4xx_flash.o
                0x08002618                FLASH_EraseSector
 .text.FLASH_ProgramHalfWord
                0x080026d8       0x6c ..\obj\stm32f4xx_flash.o
                0x080026d8                FLASH_ProgramHalfWord
 .text.FLASH_GetStatus
                0x08002744       0x68 ..\obj\stm32f4xx_flash.o
                0x08002744                FLASH_GetStatus
 .text.FLASH_WaitForLastOperation
                0x080027ac       0x30 ..\obj\stm32f4xx_flash.o
                0x080027ac                FLASH_WaitForLastOperation
 .text          0x080027dc       0x26 ..\obj\sh_cmd.o
                0x080027dc                SH_DoCommand
                0x080027ee                HardFault_Handler
 *fill*         0x08002802        0x2 
 .text.SystemInit
                0x08002804       0x5c ..\obj\system_stm32f4xx.o
                0x08002804                SystemInit
 .text.SetSysClock
                0x08002860       0xf4 ..\obj\system_stm32f4xx.o
 .text.DMA_DeInit
                0x08002954      0x1a4 ..\obj\stm32f4xx_dma.o
                0x08002954                DMA_DeInit
 .text.DMA_Init
                0x08002af8       0xac ..\obj\stm32f4xx_dma.o
                0x08002af8                DMA_Init
 .text.DMA_Cmd  0x08002ba4       0x38 ..\obj\stm32f4xx_dma.o
                0x08002ba4                DMA_Cmd
 .text.DMA_DoubleBufferModeConfig
                0x08002bdc       0x3c ..\obj\stm32f4xx_dma.o
                0x08002bdc                DMA_DoubleBufferModeConfig
 .text.DMA_DoubleBufferModeCmd
                0x08002c18       0x38 ..\obj\stm32f4xx_dma.o
                0x08002c18                DMA_DoubleBufferModeCmd
 .text.DMA_ITConfig
                0x08002c50       0x74 ..\obj\stm32f4xx_dma.o
                0x08002c50                DMA_ITConfig
 .text.DMA_GetITStatus
                0x08002cc4       0xac ..\obj\stm32f4xx_dma.o
                0x08002cc4                DMA_GetITStatus
 .text.DMA_ClearITPendingBit
                0x08002d70       0x5c ..\obj\stm32f4xx_dma.o
                0x08002d70                DMA_ClearITPendingBit
 .text.SPI_I2S_DeInit
                0x08002dcc       0x74 ..\obj\stm32f4xx_spi.o
                0x08002dcc                SPI_I2S_DeInit
 .text.I2S_Init
                0x08002e40      0x1b4 ..\obj\stm32f4xx_spi.o
                0x08002e40                I2S_Init
 .text.I2S_Cmd  0x08002ff4       0x40 ..\obj\stm32f4xx_spi.o
                0x08002ff4                I2S_Cmd
 .text.SPI_I2S_DMACmd
                0x08003034       0x48 ..\obj\stm32f4xx_spi.o
                0x08003034                SPI_I2S_DMACmd
 .text.SPI_I2S_ITConfig
                0x0800307c       0x60 ..\obj\stm32f4xx_spi.o
                0x0800307c                SPI_I2S_ITConfig
 .text.I2C_DeInit
                0x080030dc       0x74 ..\obj\stm32f4xx_i2c.o
                0x080030dc                I2C_DeInit
 .text.I2C_Init
                0x08003150      0x184 ..\obj\stm32f4xx_i2c.o
                0x08003150                I2C_Init
 .text.I2C_Cmd  0x080032d4       0x40 ..\obj\stm32f4xx_i2c.o
                0x080032d4                I2C_Cmd
 .text.I2C_GenerateSTART
                0x08003314       0x40 ..\obj\stm32f4xx_i2c.o
                0x08003314                I2C_GenerateSTART
 .text.I2C_GenerateSTOP
                0x08003354       0x40 ..\obj\stm32f4xx_i2c.o
                0x08003354                I2C_GenerateSTOP
 .text.I2C_Send7bitAddress
                0x08003394       0x3c ..\obj\stm32f4xx_i2c.o
                0x08003394                I2C_Send7bitAddress
 .text.I2C_AcknowledgeConfig
                0x080033d0       0x40 ..\obj\stm32f4xx_i2c.o
                0x080033d0                I2C_AcknowledgeConfig
 .text.I2C_SendData
                0x08003410       0x20 ..\obj\stm32f4xx_i2c.o
                0x08003410                I2C_SendData
 .text.I2C_ReceiveData
                0x08003430       0x1c ..\obj\stm32f4xx_i2c.o
                0x08003430                I2C_ReceiveData
 .text.I2C_CheckEvent
                0x0800344c       0x60 ..\obj\stm32f4xx_i2c.o
                0x0800344c                I2C_CheckEvent
 .text.I2C_GetFlagStatus
                0x080034ac       0x64 ..\obj\stm32f4xx_i2c.o
                0x080034ac                I2C_GetFlagStatus
 .text.NVIC_Init
                0x08003510       0xc0 ..\obj\misc.o
                0x08003510                NVIC_Init
 .text.ADC1_Poti_Init
                0x080035d0      0x1a0 ..\obj\adc_multichannel_init.o
                0x080035d0                ADC1_Poti_Init
 .text.TIM_TimeBaseInit
                0x08003770       0xd4 ..\obj\stm32f4xx_tim.o
                0x08003770                TIM_TimeBaseInit
 .text.TIM_Cmd  0x08003844       0x40 ..\obj\stm32f4xx_tim.o
                0x08003844                TIM_Cmd
 .text.TIM_ITConfig
                0x08003884       0x48 ..\obj\stm32f4xx_tim.o
                0x08003884                TIM_ITConfig
 .text.TIM_ClearITPendingBit
                0x080038cc       0x20 ..\obj\stm32f4xx_tim.o
                0x080038cc                TIM_ClearITPendingBit
 .text.EE_Init  0x080038ec      0x2b0 ..\obj\eeprom.o
                0x080038ec                EE_Init
 .text.EE_ReadVariable
                0x08003b9c       0x94 ..\obj\eeprom.o
                0x08003b9c                EE_ReadVariable
 .text.EE_WriteVariable
                0x08003c30       0x44 ..\obj\eeprom.o
                0x08003c30                EE_WriteVariable
 .text.EE_Format
                0x08003c74       0x50 ..\obj\eeprom.o
 .text.EE_FindValidPage
                0x08003cc4       0x88 ..\obj\eeprom.o
 .text.EE_VerifyPageFullWriteVariable
                0x08003d4c       0xb0 ..\obj\eeprom.o
 .text.EE_PageTransfer
                0x08003dfc      0x138 ..\obj\eeprom.o
 *(.init)
 *(.fini)
 *crtbegin.o(.ctors)
 *crtbegin?.o(.ctors)
 *(EXCLUDE_FILE(*crtend.o *crtend?.o) .ctors)
 *(SORT(.ctors.*))
 *(.ctors)
 *crtbegin.o(.dtors)
 *crtbegin?.o(.dtors)
 *(EXCLUDE_FILE(*crtend.o *crtend?.o) .dtors)
 *(SORT(.dtors.*))
 *(.dtors)
 *(.rodata*)
 *(.eh_fram e*)

.glue_7         0x08003f34        0x0
 .glue_7        0x08003f34        0x0 linker stubs

.glue_7t        0x08003f34        0x0
 .glue_7t       0x08003f34        0x0 linker stubs

.vfp11_veneer   0x08003f34        0x0
 .vfp11_veneer  0x08003f34        0x0 linker stubs

.v4_bx          0x08003f34        0x0
 .v4_bx         0x08003f34        0x0 linker stubs

.iplt           0x08003f34        0x0
 .iplt          0x08003f34        0x0 ..\obj\semihosting.o

.rel.dyn        0x08003f34        0x0
 .rel.iplt      0x08003f34        0x0 ..\obj\semihosting.o

.ARM.extab
 *(.ARM.extab* .gnu.linkonce.armextab.*)
                0x08003f34                __exidx_start = .

.ARM.exidx
 *(.ARM.exidx* .gnu.linkonce.armexidx.*)
                0x08003f34                __exidx_end = .
                0x08003f34                __etext = .
                0x08003f34                _sidata = __etext

.data           0x20000000       0x10 load address 0x08003f34
                0x20000000                __data_start__ = .
                0x20000000                _sdata = __data_start__
 *(vtable)
 *(.data*)
 .data          0x20000000       0x10 ..\obj\stm32f4xx_rcc.o
                0x20000010                . = ALIGN (0x4)
                [!provide]                PROVIDE (__preinit_array_start, .)
 *(.preinit_array)
                [!provide]                PROVIDE (__preinit_array_end, .)
                0x20000010                . = ALIGN (0x4)
                [!provide]                PROVIDE (__init_array_start, .)
 *(SORT(.init_array.*))
 *(.init_array)
                [!provide]                PROVIDE (__init_array_end, .)
                0x20000010                . = ALIGN (0x4)
                [!provide]                PROVIDE (__fini_array_start, .)
 *(SORT(.fini_array.*))
 *(.fini_array)
                [!provide]                PROVIDE (__fini_array_end, .)
 *(.jcr*)
                0x20000010                . = ALIGN (0x4)
                0x20000010                __data_end__ = .
                0x20000010                _edata = __data_end__

.igot.plt       0x20000010        0x0 load address 0x08003f44
 .igot.plt      0x20000010        0x0 ..\obj\semihosting.o

.bss            0x20000010     0x22ec load address 0x08003f44
                0x20000010                . = ALIGN (0x4)
                0x20000010                __bss_start__ = .
                0x20000010                _sbss = __bss_start__
 *(.bss*)
 .bss           0x20000010        0x4 ..\obj\codec_configuration.o
 .bss           0x20000014       0x40 ..\obj\inputProcessing.o
 .bss           0x20000054        0x2 ..\obj\eeprom.o
                0x20000054                DataVar
 *(COMMON)
 *fill*         0x20000056        0x2 
 COMMON         0x20000058      0x174 ..\obj\codec_configuration.o
                0x20000058                VCO1_Output_Buffer
                0x20000098                fine_fm_frequency_value
                0x2000009c                VCO2_Lock
                0x200000a4                VCO2
                0x200000c0                Bank_Value
                0x200000c1                Transfer_Complete_Flag
                0x200000c4                I2S_Init_Struct
                0x200000d4                coarse_fm_frequency_value
                0x200000d8                VCO2_Output_Buffer
                0x20000118                I2C_Init_Struct
                0x20000128                VCO1_Lock
                0x20000130                i2s_Out
                0x200001b0                VCO1
 COMMON         0x200001cc       0x5e ..\obj\main.o
                0x200001cc                out2Active
                0x200001d0                ADC_Buffer
                0x200001de                out1Active
                0x200001e0                ADC_Mean_Values
                0x200001ee                recActive
                0x200001ef                linlogActive
                0x200001f0                ADC_Differences
                0x200001fe                holdActive
                0x20000200                Input_Mean_Buffer
                0x2000021c                ADC_Values
 *fill*         0x2000022a        0x2 
 COMMON         0x2000022c     0x20d0 ..\obj\saveBanks.o
                0x2000022c                VirtAddVarTab
                0x200022fc                . = ALIGN (0x4)
                0x200022fc                __bss_end__ = .
                0x200022fc                _ebss = __bss_end__

.heap           0x200022fc        0x0
                0x200022fc                __end__ = .
                0x200022fc                _end = __end__
                0x200022fc                end = __end__
 *(.heap*)
                0x200022fc                __HeapLimit = .

.co_stack       0x200022fc      0x804 load address 0x08006230
                0x20002300                . = ALIGN (0x8)
 *fill*         0x200022fc        0x4 
 *(.co_stack .co_stack.*)
 .co_stack      0x20002300      0x800 ..\obj\startup_stm32f4xx.o
                0x20002300                pulStack
                0x20020000                __StackTop = (ORIGIN (ram) + LENGTH (ram))
                0x2001f7fc                __StackLimit = (__StackTop - SIZEOF (.co_stack))
                [!provide]                PROVIDE (__stack, __StackTop)
                0x00000001                ASSERT ((__StackLimit >= __HeapLimit), region ram  overflowed with stack)
LOAD ..\obj\semihosting.o
LOAD ..\obj\codec_configuration.o
LOAD ..\obj\stm32f4xx_pwr.o
LOAD ..\obj\stm32f4xx_dac.o
LOAD ..\obj\startup_stm32f4xx.o
LOAD ..\obj\main.o
LOAD ..\obj\stm32f4xx_rcc.o
LOAD ..\obj\inputProcessing.o
LOAD ..\obj\stm32f4xx_adc.o
LOAD ..\obj\printf.o
LOAD ..\obj\saveBanks.o
LOAD ..\obj\sevenSegment.o
LOAD ..\obj\stm32f4xx_gpio.o
LOAD ..\obj\stm32f4xx_flash.o
LOAD ..\obj\sh_cmd.o
LOAD ..\obj\system_stm32f4xx.o
LOAD ..\obj\syscalls.o
LOAD ..\obj\stm32f4xx_dma.o
LOAD ..\obj\stm32f4xx_spi.o
LOAD ..\obj\stm32f4xx_i2c.o
LOAD ..\obj\stm32f4xx_exti.o
LOAD ..\obj\misc.o
LOAD ..\obj\adc_multichannel_init.o
LOAD ..\obj\stm32f4xx_tim.o
LOAD ..\obj\eeprom.o
LOAD c:/program files (x86)/gnu tools arm embedded/5.4 2016q3/bin/../lib/gcc/arm-none-eabi/5.4.1/../../../../arm-none-eabi/lib/armv7e-m\libm.a
START GROUP
LOAD c:/program files (x86)/gnu tools arm embedded/5.4 2016q3/bin/../lib/gcc/arm-none-eabi/5.4.1/armv7e-m\libgcc.a
LOAD c:/program files (x86)/gnu tools arm embedded/5.4 2016q3/bin/../lib/gcc/arm-none-eabi/5.4.1/../../../../arm-none-eabi/lib/armv7e-m\libg.a
LOAD c:/program files (x86)/gnu tools arm embedded/5.4 2016q3/bin/../lib/gcc/arm-none-eabi/5.4.1/../../../../arm-none-eabi/lib/armv7e-m\libc.a
END GROUP
OUTPUT(VCO_Firmware_V0.elf elf32-littlearm)

.debug_info     0x00000000     0xa178
 .debug_info    0x00000000      0xcef ..\obj\codec_configuration.o
 .debug_info    0x00000cef       0xf2 ..\obj\startup_stm32f4xx.o
 .debug_info    0x00000de1      0x89d ..\obj\main.o
 .debug_info    0x0000167e      0xc63 ..\obj\stm32f4xx_rcc.o
 .debug_info    0x000022e1      0xb41 ..\obj\inputProcessing.o
 .debug_info    0x00002e22      0xc40 ..\obj\stm32f4xx_adc.o
 .debug_info    0x00003a62      0x36a ..\obj\saveBanks.o
 .debug_info    0x00003dcc      0x2f5 ..\obj\sevenSegment.o
 .debug_info    0x000040c1      0x61a ..\obj\stm32f4xx_gpio.o
 .debug_info    0x000046db      0x727 ..\obj\stm32f4xx_flash.o
 .debug_info    0x00004e02       0xab ..\obj\sh_cmd.o
 .debug_info    0x00004ead      0x5c5 ..\obj\system_stm32f4xx.o
 .debug_info    0x00005472      0x741 ..\obj\stm32f4xx_dma.o
 .debug_info    0x00005bb3      0xb0f ..\obj\stm32f4xx_spi.o
 .debug_info    0x000066c2      0xb00 ..\obj\stm32f4xx_i2c.o
 .debug_info    0x000071c2      0x556 ..\obj\misc.o
 .debug_info    0x00007718      0x9c0 ..\obj\adc_multichannel_init.o
 .debug_info    0x000080d8     0x1c69 ..\obj\stm32f4xx_tim.o
 .debug_info    0x00009d41      0x437 ..\obj\eeprom.o

.debug_abbrev   0x00000000     0x1995
 .debug_abbrev  0x00000000      0x1cc ..\obj\codec_configuration.o
 .debug_abbrev  0x000001cc       0xb0 ..\obj\startup_stm32f4xx.o
 .debug_abbrev  0x0000027c      0x1ee ..\obj\main.o
 .debug_abbrev  0x0000046a      0x1e5 ..\obj\stm32f4xx_rcc.o
 .debug_abbrev  0x0000064f      0x15b ..\obj\inputProcessing.o
 .debug_abbrev  0x000007aa      0x198 ..\obj\stm32f4xx_adc.o
 .debug_abbrev  0x00000942       0xdc ..\obj\saveBanks.o
 .debug_abbrev  0x00000a1e      0x112 ..\obj\sevenSegment.o
 .debug_abbrev  0x00000b30      0x1a7 ..\obj\stm32f4xx_gpio.o
 .debug_abbrev  0x00000cd7      0x1b2 ..\obj\stm32f4xx_flash.o
 .debug_abbrev  0x00000e89       0x14 ..\obj\sh_cmd.o
 .debug_abbrev  0x00000e9d      0x138 ..\obj\system_stm32f4xx.o
 .debug_abbrev  0x00000fd5      0x157 ..\obj\stm32f4xx_dma.o
 .debug_abbrev  0x0000112c      0x169 ..\obj\stm32f4xx_spi.o
 .debug_abbrev  0x00001295      0x166 ..\obj\stm32f4xx_i2c.o
 .debug_abbrev  0x000013fb      0x147 ..\obj\misc.o
 .debug_abbrev  0x00001542      0x180 ..\obj\adc_multichannel_init.o
 .debug_abbrev  0x000016c2      0x189 ..\obj\stm32f4xx_tim.o
 .debug_abbrev  0x0000184b      0x14a ..\obj\eeprom.o

.debug_aranges  0x00000000      0xc58
 .debug_aranges
                0x00000000       0x48 ..\obj\codec_configuration.o
 .debug_aranges
                0x00000048       0x28 ..\obj\startup_stm32f4xx.o
 .debug_aranges
                0x00000070       0x58 ..\obj\main.o
 .debug_aranges
                0x000000c8      0x178 ..\obj\stm32f4xx_rcc.o
 .debug_aranges
                0x00000240       0x28 ..\obj\inputProcessing.o
 .debug_aranges
                0x00000268      0x148 ..\obj\stm32f4xx_adc.o
 .debug_aranges
                0x000003b0       0x30 ..\obj\saveBanks.o
 .debug_aranges
                0x000003e0       0x28 ..\obj\sevenSegment.o
 .debug_aranges
                0x00000408       0x88 ..\obj\stm32f4xx_gpio.o
 .debug_aranges
                0x00000490      0x108 ..\obj\stm32f4xx_flash.o
 .debug_aranges
                0x00000598       0x20 ..\obj\sh_cmd.o
 .debug_aranges
                0x000005b8       0x30 ..\obj\system_stm32f4xx.o
 .debug_aranges
                0x000005e8       0xb0 ..\obj\stm32f4xx_dma.o
 .debug_aranges
                0x00000698       0xe0 ..\obj\stm32f4xx_spi.o
 .debug_aranges
                0x00000778      0x120 ..\obj\stm32f4xx_i2c.o
 .debug_aranges
                0x00000898       0x40 ..\obj\misc.o
 .debug_aranges
                0x000008d8       0x38 ..\obj\adc_multichannel_init.o
 .debug_aranges
                0x00000910      0x2f8 ..\obj\stm32f4xx_tim.o
 .debug_aranges
                0x00000c08       0x50 ..\obj\eeprom.o

.debug_ranges   0x00000000      0xb18
 .debug_ranges  0x00000000       0x38 ..\obj\codec_configuration.o
 .debug_ranges  0x00000038       0x18 ..\obj\startup_stm32f4xx.o
 .debug_ranges  0x00000050       0x48 ..\obj\main.o
 .debug_ranges  0x00000098      0x168 ..\obj\stm32f4xx_rcc.o
 .debug_ranges  0x00000200       0x18 ..\obj\inputProcessing.o
 .debug_ranges  0x00000218      0x138 ..\obj\stm32f4xx_adc.o
 .debug_ranges  0x00000350       0x20 ..\obj\saveBanks.o
 .debug_ranges  0x00000370       0x18 ..\obj\sevenSegment.o
 .debug_ranges  0x00000388       0x78 ..\obj\stm32f4xx_gpio.o
 .debug_ranges  0x00000400       0xf8 ..\obj\stm32f4xx_flash.o
 .debug_ranges  0x000004f8       0x20 ..\obj\system_stm32f4xx.o
 .debug_ranges  0x00000518       0xa0 ..\obj\stm32f4xx_dma.o
 .debug_ranges  0x000005b8       0xd0 ..\obj\stm32f4xx_spi.o
 .debug_ranges  0x00000688      0x110 ..\obj\stm32f4xx_i2c.o
 .debug_ranges  0x00000798       0x30 ..\obj\misc.o
 .debug_ranges  0x000007c8       0x28 ..\obj\adc_multichannel_init.o
 .debug_ranges  0x000007f0      0x2e8 ..\obj\stm32f4xx_tim.o
 .debug_ranges  0x00000ad8       0x40 ..\obj\eeprom.o

.debug_line     0x00000000     0x491d
 .debug_line    0x00000000      0x44e ..\obj\codec_configuration.o
 .debug_line    0x0000044e       0xa3 ..\obj\startup_stm32f4xx.o
 .debug_line    0x000004f1      0x3bf ..\obj\main.o
 .debug_line    0x000008b0      0x5cd ..\obj\stm32f4xx_rcc.o
 .debug_line    0x00000e7d      0x35a ..\obj\inputProcessing.o
 .debug_line    0x000011d7      0x585 ..\obj\stm32f4xx_adc.o
 .debug_line    0x0000175c      0x29a ..\obj\saveBanks.o
 .debug_line    0x000019f6      0x27a ..\obj\sevenSegment.o
 .debug_line    0x00001c70      0x388 ..\obj\stm32f4xx_gpio.o
 .debug_line    0x00001ff8      0x4a4 ..\obj\stm32f4xx_flash.o
 .debug_line    0x0000249c       0x81 ..\obj\sh_cmd.o
 .debug_line    0x0000251d      0x206 ..\obj\system_stm32f4xx.o
 .debug_line    0x00002723      0x452 ..\obj\stm32f4xx_dma.o
 .debug_line    0x00002b75      0x481 ..\obj\stm32f4xx_spi.o
 .debug_line    0x00002ff6      0x513 ..\obj\stm32f4xx_i2c.o
 .debug_line    0x00003509      0x266 ..\obj\misc.o
 .debug_line    0x0000376f      0x3a0 ..\obj\adc_multichannel_init.o
 .debug_line    0x00003b0f      0xae9 ..\obj\stm32f4xx_tim.o
 .debug_line    0x000045f8      0x325 ..\obj\eeprom.o

.debug_str      0x00000000     0x3e40
 .debug_str     0x00000000      0xe02 ..\obj\codec_configuration.o
                                0xe72 (size before relaxing)
 .debug_str     0x00000e02       0xb2 ..\obj\startup_stm32f4xx.o
                                0x149 (size before relaxing)
 .debug_str     0x00000eb4      0x24b ..\obj\main.o
                                0x757 (size before relaxing)
 .debug_str     0x000010ff      0x651 ..\obj\stm32f4xx_rcc.o
                                0x852 (size before relaxing)
 .debug_str     0x00001750      0x24c ..\obj\inputProcessing.o
                                0xd3e (size before relaxing)
 .debug_str     0x0000199c      0x643 ..\obj\stm32f4xx_adc.o
                                0x806 (size before relaxing)
 .debug_str     0x00001fdf       0x77 ..\obj\saveBanks.o
                                0x3ba (size before relaxing)
 .debug_str     0x00002056       0xa5 ..\obj\sevenSegment.o
                                0x39c (size before relaxing)
 .debug_str     0x000020fb      0x1a5 ..\obj\stm32f4xx_gpio.o
                                0x4a5 (size before relaxing)
 .debug_str     0x000022a0      0x3cb ..\obj\stm32f4xx_flash.o
                                0x592 (size before relaxing)
 .debug_str     0x0000266b       0xfe ..\obj\system_stm32f4xx.o
                                0x3ac (size before relaxing)
 .debug_str     0x00002769      0x260 ..\obj\stm32f4xx_dma.o
                                0x544 (size before relaxing)
 .debug_str     0x000029c9      0x320 ..\obj\stm32f4xx_spi.o
                                0x68c (size before relaxing)
 .debug_str     0x00002ce9      0x349 ..\obj\stm32f4xx_i2c.o
                                0x667 (size before relaxing)
 .debug_str     0x00003032      0x15c ..\obj\misc.o
                                0x3d0 (size before relaxing)
 .debug_str     0x0000318e       0xd8 ..\obj\adc_multichannel_init.o
                                0x8c6 (size before relaxing)
 .debug_str     0x00003266      0xa88 ..\obj\stm32f4xx_tim.o
                                0xdd2 (size before relaxing)
 .debug_str     0x00003cee      0x152 ..\obj\eeprom.o
                                0x38d (size before relaxing)

.comment        0x00000000       0x6e
 .comment       0x00000000       0x6e ..\obj\codec_configuration.o
                                 0x6f (size before relaxing)
 .comment       0x0000006e       0x6f ..\obj\startup_stm32f4xx.o
 .comment       0x0000006e       0x6f ..\obj\main.o
 .comment       0x0000006e       0x6f ..\obj\stm32f4xx_rcc.o
 .comment       0x0000006e       0x6f ..\obj\inputProcessing.o
 .comment       0x0000006e       0x6f ..\obj\stm32f4xx_adc.o
 .comment       0x0000006e       0x6f ..\obj\saveBanks.o
 .comment       0x0000006e       0x6f ..\obj\sevenSegment.o
 .comment       0x0000006e       0x6f ..\obj\stm32f4xx_gpio.o
 .comment       0x0000006e       0x6f ..\obj\stm32f4xx_flash.o
 .comment       0x0000006e       0x6f ..\obj\system_stm32f4xx.o
 .comment       0x0000006e       0x6f ..\obj\stm32f4xx_dma.o
 .comment       0x0000006e       0x6f ..\obj\stm32f4xx_spi.o
 .comment       0x0000006e       0x6f ..\obj\stm32f4xx_i2c.o
 .comment       0x0000006e       0x6f ..\obj\misc.o
 .comment       0x0000006e       0x6f ..\obj\adc_multichannel_init.o
 .comment       0x0000006e       0x6f ..\obj\stm32f4xx_tim.o
 .comment       0x0000006e       0x6f ..\obj\eeprom.o

.ARM.attributes
                0x00000000       0x31
 .ARM.attributes
                0x00000000       0x33 ..\obj\codec_configuration.o
 .ARM.attributes
                0x00000033       0x33 ..\obj\startup_stm32f4xx.o
 .ARM.attributes
                0x00000066       0x33 ..\obj\main.o
 .ARM.attributes
                0x00000099       0x33 ..\obj\stm32f4xx_rcc.o
 .ARM.attributes
                0x000000cc       0x33 ..\obj\inputProcessing.o
 .ARM.attributes
                0x000000ff       0x33 ..\obj\stm32f4xx_adc.o
 .ARM.attributes
                0x00000132       0x33 ..\obj\saveBanks.o
 .ARM.attributes
                0x00000165       0x33 ..\obj\sevenSegment.o
 .ARM.attributes
                0x00000198       0x33 ..\obj\stm32f4xx_gpio.o
 .ARM.attributes
                0x000001cb       0x33 ..\obj\stm32f4xx_flash.o
 .ARM.attributes
                0x000001fe       0x21 ..\obj\sh_cmd.o
 .ARM.attributes
                0x0000021f       0x33 ..\obj\system_stm32f4xx.o
 .ARM.attributes
                0x00000252       0x33 ..\obj\stm32f4xx_dma.o
 .ARM.attributes
                0x00000285       0x33 ..\obj\stm32f4xx_spi.o
 .ARM.attributes
                0x000002b8       0x33 ..\obj\stm32f4xx_i2c.o
 .ARM.attributes
                0x000002eb       0x33 ..\obj\misc.o
 .ARM.attributes
                0x0000031e       0x33 ..\obj\adc_multichannel_init.o
 .ARM.attributes
                0x00000351       0x33 ..\obj\stm32f4xx_tim.o
 .ARM.attributes
                0x00000384       0x33 ..\obj\eeprom.o

.debug_frame    0x00000000     0x3484
 .debug_frame   0x00000000       0xe8 ..\obj\codec_configuration.o
 .debug_frame   0x000000e8       0x4c ..\obj\startup_stm32f4xx.o
 .debug_frame   0x00000134      0x134 ..\obj\main.o
 .debug_frame   0x00000268      0x6d4 ..\obj\stm32f4xx_rcc.o
 .debug_frame   0x0000093c       0x5c ..\obj\inputProcessing.o
 .debug_frame   0x00000998      0x5ec ..\obj\stm32f4xx_adc.o
 .debug_frame   0x00000f84       0x84 ..\obj\saveBanks.o
 .debug_frame   0x00001008       0x5c ..\obj\sevenSegment.o
 .debug_frame   0x00001064      0x23c ..\obj\stm32f4xx_gpio.o
 .debug_frame   0x000012a0      0x450 ..\obj\stm32f4xx_flash.o
 .debug_frame   0x000016f0       0x7c ..\obj\system_stm32f4xx.o
 .debug_frame   0x0000176c      0x308 ..\obj\stm32f4xx_dma.o
 .debug_frame   0x00001a74      0x3f4 ..\obj\stm32f4xx_spi.o
 .debug_frame   0x00001e68      0x530 ..\obj\stm32f4xx_i2c.o
 .debug_frame   0x00002398       0xd8 ..\obj\misc.o
 .debug_frame   0x00002470       0xac ..\obj\adc_multichannel_init.o
 .debug_frame   0x0000251c      0xe54 ..\obj\stm32f4xx_tim.o
 .debug_frame   0x00003370      0x114 ..\obj\eeprom.o
