Archive member included to satisfy reference by file (symbol)

c:/program files (x86)/gnu tools arm embedded/5.4 2016q2/bin/../lib/gcc/arm-none-eabi/5.4.1/../../../../arm-none-eabi/lib/armv7e-m\libm.a(lib_a-w_pow.o)
                              ..\obj\main.o (pow)
c:/program files (x86)/gnu tools arm embedded/5.4 2016q2/bin/../lib/gcc/arm-none-eabi/5.4.1/../../../../arm-none-eabi/lib/armv7e-m\libm.a(lib_a-e_pow.o)
                              c:/program files (x86)/gnu tools arm embedded/5.4 2016q2/bin/../lib/gcc/arm-none-eabi/5.4.1/../../../../arm-none-eabi/lib/armv7e-m\libm.a(lib_a-w_pow.o) (__ieee754_pow)
c:/program files (x86)/gnu tools arm embedded/5.4 2016q2/bin/../lib/gcc/arm-none-eabi/5.4.1/../../../../arm-none-eabi/lib/armv7e-m\libm.a(lib_a-e_sqrt.o)
                              c:/program files (x86)/gnu tools arm embedded/5.4 2016q2/bin/../lib/gcc/arm-none-eabi/5.4.1/../../../../arm-none-eabi/lib/armv7e-m\libm.a(lib_a-e_pow.o) (__ieee754_sqrt)
c:/program files (x86)/gnu tools arm embedded/5.4 2016q2/bin/../lib/gcc/arm-none-eabi/5.4.1/../../../../arm-none-eabi/lib/armv7e-m\libm.a(lib_a-s_fabs.o)
                              c:/program files (x86)/gnu tools arm embedded/5.4 2016q2/bin/../lib/gcc/arm-none-eabi/5.4.1/../../../../arm-none-eabi/lib/armv7e-m\libm.a(lib_a-e_pow.o) (fabs)
c:/program files (x86)/gnu tools arm embedded/5.4 2016q2/bin/../lib/gcc/arm-none-eabi/5.4.1/../../../../arm-none-eabi/lib/armv7e-m\libm.a(lib_a-s_finite.o)
                              c:/program files (x86)/gnu tools arm embedded/5.4 2016q2/bin/../lib/gcc/arm-none-eabi/5.4.1/../../../../arm-none-eabi/lib/armv7e-m\libm.a(lib_a-w_pow.o) (finite)
c:/program files (x86)/gnu tools arm embedded/5.4 2016q2/bin/../lib/gcc/arm-none-eabi/5.4.1/../../../../arm-none-eabi/lib/armv7e-m\libm.a(lib_a-s_lib_ver.o)
                              c:/program files (x86)/gnu tools arm embedded/5.4 2016q2/bin/../lib/gcc/arm-none-eabi/5.4.1/../../../../arm-none-eabi/lib/armv7e-m\libm.a(lib_a-w_pow.o) (__fdlib_version)
c:/program files (x86)/gnu tools arm embedded/5.4 2016q2/bin/../lib/gcc/arm-none-eabi/5.4.1/../../../../arm-none-eabi/lib/armv7e-m\libm.a(lib_a-s_matherr.o)
                              c:/program files (x86)/gnu tools arm embedded/5.4 2016q2/bin/../lib/gcc/arm-none-eabi/5.4.1/../../../../arm-none-eabi/lib/armv7e-m\libm.a(lib_a-w_pow.o) (matherr)
c:/program files (x86)/gnu tools arm embedded/5.4 2016q2/bin/../lib/gcc/arm-none-eabi/5.4.1/../../../../arm-none-eabi/lib/armv7e-m\libm.a(lib_a-s_nan.o)
                              c:/program files (x86)/gnu tools arm embedded/5.4 2016q2/bin/../lib/gcc/arm-none-eabi/5.4.1/../../../../arm-none-eabi/lib/armv7e-m\libm.a(lib_a-e_pow.o) (nan)
c:/program files (x86)/gnu tools arm embedded/5.4 2016q2/bin/../lib/gcc/arm-none-eabi/5.4.1/../../../../arm-none-eabi/lib/armv7e-m\libm.a(lib_a-s_rint.o)
                              c:/program files (x86)/gnu tools arm embedded/5.4 2016q2/bin/../lib/gcc/arm-none-eabi/5.4.1/../../../../arm-none-eabi/lib/armv7e-m\libm.a(lib_a-w_pow.o) (rint)
c:/program files (x86)/gnu tools arm embedded/5.4 2016q2/bin/../lib/gcc/arm-none-eabi/5.4.1/../../../../arm-none-eabi/lib/armv7e-m\libm.a(lib_a-s_scalbn.o)
                              c:/program files (x86)/gnu tools arm embedded/5.4 2016q2/bin/../lib/gcc/arm-none-eabi/5.4.1/../../../../arm-none-eabi/lib/armv7e-m\libm.a(lib_a-e_pow.o) (scalbn)
c:/program files (x86)/gnu tools arm embedded/5.4 2016q2/bin/../lib/gcc/arm-none-eabi/5.4.1/../../../../arm-none-eabi/lib/armv7e-m\libm.a(lib_a-s_copysign.o)
                              c:/program files (x86)/gnu tools arm embedded/5.4 2016q2/bin/../lib/gcc/arm-none-eabi/5.4.1/../../../../arm-none-eabi/lib/armv7e-m\libm.a(lib_a-s_scalbn.o) (copysign)
c:/program files (x86)/gnu tools arm embedded/5.4 2016q2/bin/../lib/gcc/arm-none-eabi/5.4.1/armv7e-m\libgcc.a(_arm_addsubdf3.o)
                              c:/program files (x86)/gnu tools arm embedded/5.4 2016q2/bin/../lib/gcc/arm-none-eabi/5.4.1/../../../../arm-none-eabi/lib/armv7e-m\libm.a(lib_a-e_pow.o) (__aeabi_dsub)
c:/program files (x86)/gnu tools arm embedded/5.4 2016q2/bin/../lib/gcc/arm-none-eabi/5.4.1/armv7e-m\libgcc.a(_arm_muldivdf3.o)
                              ..\obj\main.o (__aeabi_dmul)
c:/program files (x86)/gnu tools arm embedded/5.4 2016q2/bin/../lib/gcc/arm-none-eabi/5.4.1/armv7e-m\libgcc.a(_arm_cmpdf2.o)
                              c:/program files (x86)/gnu tools arm embedded/5.4 2016q2/bin/../lib/gcc/arm-none-eabi/5.4.1/../../../../arm-none-eabi/lib/armv7e-m\libm.a(lib_a-w_pow.o) (__aeabi_dcmpeq)
c:/program files (x86)/gnu tools arm embedded/5.4 2016q2/bin/../lib/gcc/arm-none-eabi/5.4.1/armv7e-m\libgcc.a(_arm_unorddf2.o)
                              c:/program files (x86)/gnu tools arm embedded/5.4 2016q2/bin/../lib/gcc/arm-none-eabi/5.4.1/../../../../arm-none-eabi/lib/armv7e-m\libm.a(lib_a-w_pow.o) (__aeabi_dcmpun)
c:/program files (x86)/gnu tools arm embedded/5.4 2016q2/bin/../lib/gcc/arm-none-eabi/5.4.1/armv7e-m\libgcc.a(_arm_fixdfsi.o)
                              ..\obj\main.o (__aeabi_d2iz)
c:/program files (x86)/gnu tools arm embedded/5.4 2016q2/bin/../lib/gcc/arm-none-eabi/5.4.1/armv7e-m\libgcc.a(_arm_fixunsdfsi.o)
                              ..\obj\adc_multichannel_init.o (__aeabi_d2uiz)
c:/program files (x86)/gnu tools arm embedded/5.4 2016q2/bin/../lib/gcc/arm-none-eabi/5.4.1/../../../../arm-none-eabi/lib/armv7e-m\libg.a(lib_a-errno.o)
                              c:/program files (x86)/gnu tools arm embedded/5.4 2016q2/bin/../lib/gcc/arm-none-eabi/5.4.1/../../../../arm-none-eabi/lib/armv7e-m\libm.a(lib_a-w_pow.o) (__errno)

Allocating common symbols
Common symbol       size              file

VCO1_Output_Buffer  0x100             ..\obj\codec_configuration.o
out2Active          0x1               ..\obj\main.o
ADC_Buffer          0xe               ..\obj\main.o
out1Active          0x1               ..\obj\main.o
VCO2_Lock           0x7               ..\obj\codec_configuration.o
ADC_Mean_Values     0xe               ..\obj\main.o
VCO2                0x20              ..\obj\codec_configuration.o
recActive           0x1               ..\obj\main.o
linlogActive        0x1               ..\obj\main.o
Bank_Value          0x1               ..\obj\codec_configuration.o
Transfer_Complete_Flag
                    0x1               ..\obj\codec_configuration.o
I2S_Init_Struct     0x10              ..\obj\codec_configuration.o
ADC_Differences     0xe               ..\obj\main.o
VCO2_Output_Buffer  0x100             ..\obj\codec_configuration.o
I2C_Init_Struct     0x10              ..\obj\codec_configuration.o
holdActive          0x1               ..\obj\main.o
VCO1_Lock           0x7               ..\obj\codec_configuration.o
Input_Mean_Buffer   0xe0              ..\obj\main.o
i2s_Out             0x200             ..\obj\codec_configuration.o
VCO1                0x20              ..\obj\codec_configuration.o
ADC_Values          0xe               ..\obj\main.o

Discarded input sections

 .text          0x00000000        0x0 ..\obj\semihosting.o
 .data          0x00000000        0x0 ..\obj\semihosting.o
 .bss           0x00000000       0x11 ..\obj\semihosting.o
 .text.SH_SendChar
                0x00000000       0x64 ..\obj\semihosting.o
 .text.SH_SendString
                0x00000000       0x20 ..\obj\semihosting.o
 .text.SH_GetChar
                0x00000000       0x40 ..\obj\semihosting.o
 .debug_info    0x00000000      0x136 ..\obj\semihosting.o
 .debug_abbrev  0x00000000       0xad ..\obj\semihosting.o
 .debug_aranges
                0x00000000       0x30 ..\obj\semihosting.o
 .debug_ranges  0x00000000       0x20 ..\obj\semihosting.o
 .debug_line    0x00000000       0xb0 ..\obj\semihosting.o
 .debug_str     0x00000000      0x1dc ..\obj\semihosting.o
 .comment       0x00000000       0x6f ..\obj\semihosting.o
 .debug_frame   0x00000000       0x7c ..\obj\semihosting.o
 .ARM.attributes
                0x00000000       0x33 ..\obj\semihosting.o
 .text          0x00000000        0x0 ..\obj\codec_configuration.o
 .data          0x00000000        0x0 ..\obj\codec_configuration.o
 .text          0x00000000        0x0 ..\obj\stm32f4xx_pwr.o
 .data          0x00000000        0x0 ..\obj\stm32f4xx_pwr.o
 .bss           0x00000000        0x0 ..\obj\stm32f4xx_pwr.o
 .text.PWR_DeInit
                0x00000000       0x1c ..\obj\stm32f4xx_pwr.o
 .text.PWR_BackupAccessCmd
                0x00000000       0x20 ..\obj\stm32f4xx_pwr.o
 .text.PWR_PVDLevelConfig
                0x00000000       0x38 ..\obj\stm32f4xx_pwr.o
 .text.PWR_PVDCmd
                0x00000000       0x20 ..\obj\stm32f4xx_pwr.o
 .text.PWR_WakeUpPinCmd
                0x00000000       0x20 ..\obj\stm32f4xx_pwr.o
 .text.PWR_BackupRegulatorCmd
                0x00000000       0x20 ..\obj\stm32f4xx_pwr.o
 .text.PWR_MainRegulatorModeConfig
                0x00000000       0x38 ..\obj\stm32f4xx_pwr.o
 .text.PWR_FlashPowerDownCmd
                0x00000000       0x20 ..\obj\stm32f4xx_pwr.o
 .text.PWR_EnterSTOPMode
                0x00000000       0x64 ..\obj\stm32f4xx_pwr.o
 .text.PWR_EnterSTANDBYMode
                0x00000000       0x3c ..\obj\stm32f4xx_pwr.o
 .text.PWR_GetFlagStatus
                0x00000000       0x34 ..\obj\stm32f4xx_pwr.o
 .text.PWR_ClearFlag
                0x00000000       0x24 ..\obj\stm32f4xx_pwr.o
 .debug_info    0x00000000      0x519 ..\obj\stm32f4xx_pwr.o
 .debug_abbrev  0x00000000      0x181 ..\obj\stm32f4xx_pwr.o
 .debug_aranges
                0x00000000       0x78 ..\obj\stm32f4xx_pwr.o
 .debug_ranges  0x00000000       0x68 ..\obj\stm32f4xx_pwr.o
 .debug_line    0x00000000      0x2d0 ..\obj\stm32f4xx_pwr.o
 .debug_str     0x00000000      0x393 ..\obj\stm32f4xx_pwr.o
 .comment       0x00000000       0x6f ..\obj\stm32f4xx_pwr.o
 .debug_frame   0x00000000      0x1dc ..\obj\stm32f4xx_pwr.o
 .ARM.attributes
                0x00000000       0x33 ..\obj\stm32f4xx_pwr.o
 .text          0x00000000        0x0 ..\obj\stm32f4xx_dac.o
 .data          0x00000000        0x0 ..\obj\stm32f4xx_dac.o
 .bss           0x00000000        0x0 ..\obj\stm32f4xx_dac.o
 .text.DAC_DeInit
                0x00000000       0x1c ..\obj\stm32f4xx_dac.o
 .text.DAC_Init
                0x00000000       0x64 ..\obj\stm32f4xx_dac.o
 .text.DAC_StructInit
                0x00000000       0x2c ..\obj\stm32f4xx_dac.o
 .text.DAC_Cmd  0x00000000       0x48 ..\obj\stm32f4xx_dac.o
 .text.DAC_SoftwareTriggerCmd
                0x00000000       0x4c ..\obj\stm32f4xx_dac.o
 .text.DAC_DualSoftwareTriggerCmd
                0x00000000       0x38 ..\obj\stm32f4xx_dac.o
 .text.DAC_WaveGenerationCmd
                0x00000000       0x4c ..\obj\stm32f4xx_dac.o
 .text.DAC_SetChannel1Data
                0x00000000       0x34 ..\obj\stm32f4xx_dac.o
 .text.DAC_SetChannel2Data
                0x00000000       0x34 ..\obj\stm32f4xx_dac.o
 .text.DAC_SetDualChannelData
                0x00000000       0x58 ..\obj\stm32f4xx_dac.o
 .text.DAC_GetDataOutputValue
                0x00000000       0x30 ..\obj\stm32f4xx_dac.o
 .text.DAC_DMACmd
                0x00000000       0x4c ..\obj\stm32f4xx_dac.o
 .text.DAC_ITConfig
                0x00000000       0x4c ..\obj\stm32f4xx_dac.o
 .text.DAC_GetFlagStatus
                0x00000000       0x3c ..\obj\stm32f4xx_dac.o
 .text.DAC_ClearFlag
                0x00000000       0x24 ..\obj\stm32f4xx_dac.o
 .text.DAC_GetITStatus
                0x00000000       0x54 ..\obj\stm32f4xx_dac.o
 .text.DAC_ClearITPendingBit
                0x00000000       0x24 ..\obj\stm32f4xx_dac.o
 .debug_info    0x00000000      0x642 ..\obj\stm32f4xx_dac.o
 .debug_abbrev  0x00000000      0x17e ..\obj\stm32f4xx_dac.o
 .debug_aranges
                0x00000000       0xa0 ..\obj\stm32f4xx_dac.o
 .debug_ranges  0x00000000       0x90 ..\obj\stm32f4xx_dac.o
 .debug_line    0x00000000      0x37a ..\obj\stm32f4xx_dac.o
 .debug_str     0x00000000      0x455 ..\obj\stm32f4xx_dac.o
 .comment       0x00000000       0x6f ..\obj\stm32f4xx_dac.o
 .debug_frame   0x00000000      0x2ac ..\obj\stm32f4xx_dac.o
 .ARM.attributes
                0x00000000       0x33 ..\obj\stm32f4xx_dac.o
 .text          0x00000000        0x0 ..\obj\startup_stm32f4xx.o
 .data          0x00000000        0x0 ..\obj\startup_stm32f4xx.o
 .bss           0x00000000        0x0 ..\obj\startup_stm32f4xx.o
 .text          0x00000000        0x0 ..\obj\main.o
 .data          0x00000000        0x0 ..\obj\main.o
 .bss           0x00000000        0x0 ..\obj\main.o
 .text.Increment_Encoder_Test
                0x00000000       0x5c ..\obj\main.o
 .text          0x00000000        0x0 ..\obj\stm32f4xx_rcc.o
 .bss           0x00000000        0x0 ..\obj\stm32f4xx_rcc.o
 .text.RCC_DeInit
                0x00000000       0x50 ..\obj\stm32f4xx_rcc.o
 .text.RCC_HSEConfig
                0x00000000       0x24 ..\obj\stm32f4xx_rcc.o
 .text.RCC_WaitForHSEStartUp
                0x00000000       0x50 ..\obj\stm32f4xx_rcc.o
 .text.RCC_AdjustHSICalibrationValue
                0x00000000       0x3c ..\obj\stm32f4xx_rcc.o
 .text.RCC_HSICmd
                0x00000000       0x20 ..\obj\stm32f4xx_rcc.o
 .text.RCC_LSEConfig
                0x00000000       0x40 ..\obj\stm32f4xx_rcc.o
 .text.RCC_LSICmd
                0x00000000       0x20 ..\obj\stm32f4xx_rcc.o
 .text.RCC_PLLConfig
                0x00000000       0x3c ..\obj\stm32f4xx_rcc.o
 .text.RCC_PLLCmd
                0x00000000       0x20 ..\obj\stm32f4xx_rcc.o
 .text.RCC_PLLI2SConfig
                0x00000000       0x28 ..\obj\stm32f4xx_rcc.o
 .text.RCC_ClockSecuritySystemCmd
                0x00000000       0x20 ..\obj\stm32f4xx_rcc.o
 .text.RCC_MCO1Config
                0x00000000       0x3c ..\obj\stm32f4xx_rcc.o
 .text.RCC_MCO2Config
                0x00000000       0x3c ..\obj\stm32f4xx_rcc.o
 .text.RCC_SYSCLKConfig
                0x00000000       0x38 ..\obj\stm32f4xx_rcc.o
 .text.RCC_GetSYSCLKSource
                0x00000000       0x1c ..\obj\stm32f4xx_rcc.o
 .text.RCC_HCLKConfig
                0x00000000       0x38 ..\obj\stm32f4xx_rcc.o
 .text.RCC_PCLK1Config
                0x00000000       0x38 ..\obj\stm32f4xx_rcc.o
 .text.RCC_PCLK2Config
                0x00000000       0x38 ..\obj\stm32f4xx_rcc.o
 .text.RCC_RTCCLKConfig
                0x00000000       0x5c ..\obj\stm32f4xx_rcc.o
 .text.RCC_RTCCLKCmd
                0x00000000       0x20 ..\obj\stm32f4xx_rcc.o
 .text.RCC_BackupResetCmd
                0x00000000       0x20 ..\obj\stm32f4xx_rcc.o
 .text.RCC_I2SCLKConfig
                0x00000000       0x1c ..\obj\stm32f4xx_rcc.o
 .text.RCC_AHB2PeriphClockCmd
                0x00000000       0x3c ..\obj\stm32f4xx_rcc.o
 .text.RCC_AHB3PeriphClockCmd
                0x00000000       0x3c ..\obj\stm32f4xx_rcc.o
 .text.RCC_AHB1PeriphResetCmd
                0x00000000       0x3c ..\obj\stm32f4xx_rcc.o
 .text.RCC_AHB2PeriphResetCmd
                0x00000000       0x3c ..\obj\stm32f4xx_rcc.o
 .text.RCC_AHB3PeriphResetCmd
                0x00000000       0x3c ..\obj\stm32f4xx_rcc.o
 .text.RCC_AHB1PeriphClockLPModeCmd
                0x00000000       0x3c ..\obj\stm32f4xx_rcc.o
 .text.RCC_AHB2PeriphClockLPModeCmd
                0x00000000       0x3c ..\obj\stm32f4xx_rcc.o
 .text.RCC_AHB3PeriphClockLPModeCmd
                0x00000000       0x3c ..\obj\stm32f4xx_rcc.o
 .text.RCC_APB1PeriphClockLPModeCmd
                0x00000000       0x3c ..\obj\stm32f4xx_rcc.o
 .text.RCC_APB2PeriphClockLPModeCmd
                0x00000000       0x3c ..\obj\stm32f4xx_rcc.o
 .text.RCC_ITConfig
                0x00000000       0x4c ..\obj\stm32f4xx_rcc.o
 .text.RCC_GetFlagStatus
                0x00000000       0x74 ..\obj\stm32f4xx_rcc.o
 .text.RCC_ClearFlag
                0x00000000       0x1c ..\obj\stm32f4xx_rcc.o
 .text.RCC_GetITStatus
                0x00000000       0x34 ..\obj\stm32f4xx_rcc.o
 .text.RCC_ClearITPendingBit
                0x00000000       0x20 ..\obj\stm32f4xx_rcc.o
 .text          0x00000000        0x0 ..\obj\inputProcessing.o
 .data          0x00000000        0x0 ..\obj\inputProcessing.o
 .bss           0x00000000        0x0 ..\obj\inputProcessing.o
 .text.inputProcessingInit
                0x00000000      0x118 ..\obj\inputProcessing.o
 .debug_info    0x00000000      0x979 ..\obj\inputProcessing.o
 .debug_abbrev  0x00000000      0x13d ..\obj\inputProcessing.o
 .debug_aranges
                0x00000000       0x20 ..\obj\inputProcessing.o
 .debug_ranges  0x00000000       0x10 ..\obj\inputProcessing.o
 .debug_line    0x00000000      0x2ac ..\obj\inputProcessing.o
 .debug_str     0x00000000      0xc02 ..\obj\inputProcessing.o
 .comment       0x00000000       0x6f ..\obj\inputProcessing.o
 .debug_frame   0x00000000       0x34 ..\obj\inputProcessing.o
 .ARM.attributes
                0x00000000       0x33 ..\obj\inputProcessing.o
 .text          0x00000000        0x0 ..\obj\stm32f4xx_adc.o
 .data          0x00000000        0x0 ..\obj\stm32f4xx_adc.o
 .bss           0x00000000        0x0 ..\obj\stm32f4xx_adc.o
 .text.ADC_DeInit
                0x00000000       0x1c ..\obj\stm32f4xx_adc.o
 .text.ADC_StructInit
                0x00000000       0x3c ..\obj\stm32f4xx_adc.o
 .text.ADC_CommonStructInit
                0x00000000       0x2c ..\obj\stm32f4xx_adc.o
 .text.ADC_AnalogWatchdogCmd
                0x00000000       0x38 ..\obj\stm32f4xx_adc.o
 .text.ADC_AnalogWatchdogThresholdsConfig
                0x00000000       0x28 ..\obj\stm32f4xx_adc.o
 .text.ADC_AnalogWatchdogSingleChannelConfig
                0x00000000       0x38 ..\obj\stm32f4xx_adc.o
 .text.ADC_TempSensorVrefintCmd
                0x00000000       0x38 ..\obj\stm32f4xx_adc.o
 .text.ADC_VBATCmd
                0x00000000       0x38 ..\obj\stm32f4xx_adc.o
 .text.ADC_GetSoftwareStartConvStatus
                0x00000000       0x30 ..\obj\stm32f4xx_adc.o
 .text.ADC_EOCOnEachRegularChannelCmd
                0x00000000       0x38 ..\obj\stm32f4xx_adc.o
 .text.ADC_ContinuousModeCmd
                0x00000000       0x38 ..\obj\stm32f4xx_adc.o
 .text.ADC_DiscModeChannelCountConfig
                0x00000000       0x44 ..\obj\stm32f4xx_adc.o
 .text.ADC_DiscModeCmd
                0x00000000       0x38 ..\obj\stm32f4xx_adc.o
 .text.ADC_GetConversionValue
                0x00000000       0x18 ..\obj\stm32f4xx_adc.o
 .text.ADC_GetMultiModeConversionValue
                0x00000000       0x14 ..\obj\stm32f4xx_adc.o
 .text.ADC_MultiModeDMARequestAfterLastTransferCmd
                0x00000000       0x38 ..\obj\stm32f4xx_adc.o
 .text.ADC_InjectedChannelConfig
                0x00000000      0x120 ..\obj\stm32f4xx_adc.o
 .text.ADC_InjectedSequencerLengthConfig
                0x00000000       0x44 ..\obj\stm32f4xx_adc.o
 .text.ADC_SetInjectedOffset
                0x00000000       0x34 ..\obj\stm32f4xx_adc.o
 .text.ADC_ExternalTrigInjectedConvConfig
                0x00000000       0x34 ..\obj\stm32f4xx_adc.o
 .text.ADC_ExternalTrigInjectedConvEdgeConfig
                0x00000000       0x34 ..\obj\stm32f4xx_adc.o
 .text.ADC_SoftwareStartInjectedConv
                0x00000000       0x20 ..\obj\stm32f4xx_adc.o
 .text.ADC_GetSoftwareStartInjectedConvCmdStatus
                0x00000000       0x30 ..\obj\stm32f4xx_adc.o
 .text.ADC_AutoInjectedConvCmd
                0x00000000       0x38 ..\obj\stm32f4xx_adc.o
 .text.ADC_InjectedDiscModeCmd
                0x00000000       0x38 ..\obj\stm32f4xx_adc.o
 .text.ADC_GetInjectedConversionValue
                0x00000000       0x30 ..\obj\stm32f4xx_adc.o
 .text.ADC_ITConfig
                0x00000000       0x50 ..\obj\stm32f4xx_adc.o
 .text.ADC_GetFlagStatus
                0x00000000       0x34 ..\obj\stm32f4xx_adc.o
 .text.ADC_ClearFlag
                0x00000000       0x20 ..\obj\stm32f4xx_adc.o
 .text.ADC_GetITStatus
                0x00000000       0x5c ..\obj\stm32f4xx_adc.o
 .text.ADC_ClearITPendingBit
                0x00000000       0x2c ..\obj\stm32f4xx_adc.o
 .text          0x00000000        0x0 ..\obj\printf.o
 .bss           0x00000000        0x0 ..\obj\printf.o
 .text.PrintChar
                0x00000000       0x1c ..\obj\printf.o
 .text.PutChar  0x00000000       0x20 ..\obj\printf.o
 .text.PutString
                0x00000000       0x3c ..\obj\printf.o
 .text.PutUnsignedInt
                0x00000000       0x9c ..\obj\printf.o
 .text.PutSignedInt
                0x00000000       0xf8 ..\obj\printf.o
 .text.PutHexa  0x00000000       0xd4 ..\obj\printf.o
 .text.vsnprintf
                0x00000000      0x254 ..\obj\printf.o
 .text.snprintf
                0x00000000       0x30 ..\obj\printf.o
 .text.vsprintf
                0x00000000       0x24 ..\obj\printf.o
 .rodata        0x00000000       0x24 ..\obj\printf.o
 .text.vfprintf
                0x00000000       0x68 ..\obj\printf.o
 .text.vprintf  0x00000000       0x28 ..\obj\printf.o
 .text.fprintf  0x00000000       0x2c ..\obj\printf.o
 .text.printf   0x00000000       0x28 ..\obj\printf.o
 .text.sprintf  0x00000000       0x2c ..\obj\printf.o
 .text.puts     0x00000000       0x24 ..\obj\printf.o
 .text.fputc    0x00000000       0x40 ..\obj\printf.o
 .text.fputs    0x00000000       0x48 ..\obj\printf.o
 .text          0x00000000        0x0 ..\obj\sevenSegment.o
 .data          0x00000000        0x0 ..\obj\sevenSegment.o
 .bss           0x00000000        0x0 ..\obj\sevenSegment.o
 .text.sevenSegmentInit
                0x00000000       0x94 ..\obj\sevenSegment.o
 .text.sevenSegmentIntToDisplay
                0x00000000      0x4b0 ..\obj\sevenSegment.o
 .debug_info    0x00000000      0x2f5 ..\obj\sevenSegment.o
 .debug_abbrev  0x00000000      0x112 ..\obj\sevenSegment.o
 .debug_aranges
                0x00000000       0x28 ..\obj\sevenSegment.o
 .debug_ranges  0x00000000       0x18 ..\obj\sevenSegment.o
 .debug_line    0x00000000      0x27a ..\obj\sevenSegment.o
 .debug_str     0x00000000      0x39c ..\obj\sevenSegment.o
 .comment       0x00000000       0x6f ..\obj\sevenSegment.o
 .debug_frame   0x00000000       0x5c ..\obj\sevenSegment.o
 .ARM.attributes
                0x00000000       0x33 ..\obj\sevenSegment.o
 .text          0x00000000        0x0 ..\obj\stm32f4xx_gpio.o
 .data          0x00000000        0x0 ..\obj\stm32f4xx_gpio.o
 .bss           0x00000000        0x0 ..\obj\stm32f4xx_gpio.o
 .text.GPIO_DeInit
                0x00000000      0x120 ..\obj\stm32f4xx_gpio.o
 .text.GPIO_PinLockConfig
                0x00000000       0x44 ..\obj\stm32f4xx_gpio.o
 .text.GPIO_ReadInputData
                0x00000000       0x18 ..\obj\stm32f4xx_gpio.o
 .text.GPIO_ReadOutputDataBit
                0x00000000       0x34 ..\obj\stm32f4xx_gpio.o
 .text.GPIO_ReadOutputData
                0x00000000       0x18 ..\obj\stm32f4xx_gpio.o
 .text.GPIO_WriteBit
                0x00000000       0x30 ..\obj\stm32f4xx_gpio.o
 .text.GPIO_Write
                0x00000000       0x1c ..\obj\stm32f4xx_gpio.o
 .data          0x00000000        0x0 ..\obj\sh_cmd.o
 .bss           0x00000000        0x0 ..\obj\sh_cmd.o
 .text          0x00000000        0x0 ..\obj\system_stm32f4xx.o
 .data          0x00000000       0x14 ..\obj\system_stm32f4xx.o
 .bss           0x00000000        0x0 ..\obj\system_stm32f4xx.o
 .text.SystemCoreClockUpdate
                0x00000000       0xf8 ..\obj\system_stm32f4xx.o
 .text          0x00000000        0x0 ..\obj\syscalls.o
 .data          0x00000000        0x0 ..\obj\syscalls.o
 .bss           0x00000000        0x4 ..\obj\syscalls.o
 .text._sbrk    0x00000000       0x3c ..\obj\syscalls.o
 .text.link     0x00000000       0x18 ..\obj\syscalls.o
 .text._close   0x00000000       0x18 ..\obj\syscalls.o
 .text._fstat   0x00000000       0x20 ..\obj\syscalls.o
 .text._isatty  0x00000000       0x14 ..\obj\syscalls.o
 .text._lseek   0x00000000       0x18 ..\obj\syscalls.o
 .text._read    0x00000000       0x18 ..\obj\syscalls.o
 .text._write   0x00000000       0x18 ..\obj\syscalls.o
 .text.abort    0x00000000        0x8 ..\obj\syscalls.o
 .debug_info    0x00000000      0x458 ..\obj\syscalls.o
 .debug_abbrev  0x00000000       0xe5 ..\obj\syscalls.o
 .debug_aranges
                0x00000000       0x60 ..\obj\syscalls.o
 .debug_ranges  0x00000000       0x50 ..\obj\syscalls.o
 .debug_line    0x00000000      0x1f3 ..\obj\syscalls.o
 .debug_str     0x00000000      0x342 ..\obj\syscalls.o
 .comment       0x00000000       0x6f ..\obj\syscalls.o
 .debug_frame   0x00000000      0x168 ..\obj\syscalls.o
 .ARM.attributes
                0x00000000       0x33 ..\obj\syscalls.o
 .text          0x00000000        0x0 ..\obj\stm32f4xx_dma.o
 .data          0x00000000        0x0 ..\obj\stm32f4xx_dma.o
 .bss           0x00000000        0x0 ..\obj\stm32f4xx_dma.o
 .text.DMA_StructInit
                0x00000000       0x6c ..\obj\stm32f4xx_dma.o
 .text.DMA_PeriphIncOffsetSizeConfig
                0x00000000       0x34 ..\obj\stm32f4xx_dma.o
 .text.DMA_FlowControllerConfig
                0x00000000       0x34 ..\obj\stm32f4xx_dma.o
 .text.DMA_SetCurrDataCounter
                0x00000000       0x1c ..\obj\stm32f4xx_dma.o
 .text.DMA_GetCurrDataCounter
                0x00000000       0x18 ..\obj\stm32f4xx_dma.o
 .text.DMA_MemoryTargetConfig
                0x00000000       0x2c ..\obj\stm32f4xx_dma.o
 .text.DMA_GetCurrentMemoryTarget
                0x00000000       0x30 ..\obj\stm32f4xx_dma.o
 .text.DMA_GetCmdStatus
                0x00000000       0x30 ..\obj\stm32f4xx_dma.o
 .text.DMA_GetFIFOStatus
                0x00000000       0x24 ..\obj\stm32f4xx_dma.o
 .text.DMA_GetFlagStatus
                0x00000000       0x74 ..\obj\stm32f4xx_dma.o
 .text.DMA_ClearFlag
                0x00000000       0x5c ..\obj\stm32f4xx_dma.o
 .text          0x00000000        0x0 ..\obj\debounceKey.o
 .data          0x00000000        0x0 ..\obj\debounceKey.o
 .text          0x00000000        0x0 ..\obj\stm32f4xx_spi.o
 .data          0x00000000        0x0 ..\obj\stm32f4xx_spi.o
 .bss           0x00000000        0x0 ..\obj\stm32f4xx_spi.o
 .text.SPI_Init
                0x00000000       0x88 ..\obj\stm32f4xx_spi.o
 .text.SPI_StructInit
                0x00000000       0x48 ..\obj\stm32f4xx_spi.o
 .text.I2S_StructInit
                0x00000000       0x38 ..\obj\stm32f4xx_spi.o
 .text.SPI_Cmd  0x00000000       0x40 ..\obj\stm32f4xx_spi.o
 .text.SPI_DataSizeConfig
                0x00000000       0x38 ..\obj\stm32f4xx_spi.o
 .text.SPI_BiDirectionalLineConfig
                0x00000000       0x40 ..\obj\stm32f4xx_spi.o
 .text.SPI_NSSInternalSoftwareConfig
                0x00000000       0x44 ..\obj\stm32f4xx_spi.o
 .text.SPI_SSOutputCmd
                0x00000000       0x40 ..\obj\stm32f4xx_spi.o
 .text.SPI_TIModeCmd
                0x00000000       0x40 ..\obj\stm32f4xx_spi.o
 .text.I2S_FullDuplexConfig
                0x00000000       0x9c ..\obj\stm32f4xx_spi.o
 .text.SPI_I2S_ReceiveData
                0x00000000       0x18 ..\obj\stm32f4xx_spi.o
 .text.SPI_I2S_SendData
                0x00000000       0x1c ..\obj\stm32f4xx_spi.o
 .text.SPI_CalculateCRC
                0x00000000       0x40 ..\obj\stm32f4xx_spi.o
 .text.SPI_TransmitCRC
                0x00000000       0x24 ..\obj\stm32f4xx_spi.o
 .text.SPI_GetCRC
                0x00000000       0x30 ..\obj\stm32f4xx_spi.o
 .text.SPI_GetCRCPolynomial
                0x00000000       0x18 ..\obj\stm32f4xx_spi.o
 .text.SPI_I2S_GetFlagStatus
                0x00000000       0x38 ..\obj\stm32f4xx_spi.o
 .text.SPI_I2S_ClearFlag
                0x00000000       0x20 ..\obj\stm32f4xx_spi.o
 .text.SPI_I2S_GetITStatus
                0x00000000       0x74 ..\obj\stm32f4xx_spi.o
 .text.SPI_I2S_ClearITPendingBit
                0x00000000       0x34 ..\obj\stm32f4xx_spi.o
 .text          0x00000000        0x0 ..\obj\stm32f4xx_i2c.o
 .data          0x00000000        0x0 ..\obj\stm32f4xx_i2c.o
 .bss           0x00000000        0x0 ..\obj\stm32f4xx_i2c.o
 .text.I2C_StructInit
                0x00000000       0x3c ..\obj\stm32f4xx_i2c.o
 .text.I2C_OwnAddress2Config
                0x00000000       0x44 ..\obj\stm32f4xx_i2c.o
 .text.I2C_DualAddressCmd
                0x00000000       0x40 ..\obj\stm32f4xx_i2c.o
 .text.I2C_GeneralCallCmd
                0x00000000       0x40 ..\obj\stm32f4xx_i2c.o
 .text.I2C_SoftwareResetCmd
                0x00000000       0x44 ..\obj\stm32f4xx_i2c.o
 .text.I2C_StretchClockCmd
                0x00000000       0x40 ..\obj\stm32f4xx_i2c.o
 .text.I2C_FastModeDutyCycleConfig
                0x00000000       0x40 ..\obj\stm32f4xx_i2c.o
 .text.I2C_NACKPositionConfig
                0x00000000       0x40 ..\obj\stm32f4xx_i2c.o
 .text.I2C_SMBusAlertConfig
                0x00000000       0x40 ..\obj\stm32f4xx_i2c.o
 .text.I2C_ARPCmd
                0x00000000       0x40 ..\obj\stm32f4xx_i2c.o
 .text.I2C_TransmitPEC
                0x00000000       0x40 ..\obj\stm32f4xx_i2c.o
 .text.I2C_PECPositionConfig
                0x00000000       0x40 ..\obj\stm32f4xx_i2c.o
 .text.I2C_CalculatePEC
                0x00000000       0x40 ..\obj\stm32f4xx_i2c.o
 .text.I2C_GetPEC
                0x00000000       0x20 ..\obj\stm32f4xx_i2c.o
 .text.I2C_DMACmd
                0x00000000       0x40 ..\obj\stm32f4xx_i2c.o
 .text.I2C_DMALastTransferCmd
                0x00000000       0x40 ..\obj\stm32f4xx_i2c.o
 .text.I2C_ReadRegister
                0x00000000       0x2c ..\obj\stm32f4xx_i2c.o
 .text.I2C_ITConfig
                0x00000000       0x48 ..\obj\stm32f4xx_i2c.o
 .text.I2C_GetLastEvent
                0x00000000       0x44 ..\obj\stm32f4xx_i2c.o
 .text.I2C_ClearFlag
                0x00000000       0x2c ..\obj\stm32f4xx_i2c.o
 .text.I2C_GetITStatus
                0x00000000       0x58 ..\obj\stm32f4xx_i2c.o
 .text.I2C_ClearITPendingBit
                0x00000000       0x2c ..\obj\stm32f4xx_i2c.o
 .text          0x00000000        0x0 ..\obj\stm32f4xx_exti.o
 .data          0x00000000        0x0 ..\obj\stm32f4xx_exti.o
 .bss           0x00000000        0x0 ..\obj\stm32f4xx_exti.o
 .text.EXTI_DeInit
                0x00000000       0x34 ..\obj\stm32f4xx_exti.o
 .text.EXTI_Init
                0x00000000       0xe4 ..\obj\stm32f4xx_exti.o
 .text.EXTI_StructInit
                0x00000000       0x2c ..\obj\stm32f4xx_exti.o
 .text.EXTI_GenerateSWInterrupt
                0x00000000       0x24 ..\obj\stm32f4xx_exti.o
 .text.EXTI_GetFlagStatus
                0x00000000       0x34 ..\obj\stm32f4xx_exti.o
 .text.EXTI_ClearFlag
                0x00000000       0x1c ..\obj\stm32f4xx_exti.o
 .text.EXTI_GetITStatus
                0x00000000       0x48 ..\obj\stm32f4xx_exti.o
 .text.EXTI_ClearITPendingBit
                0x00000000       0x1c ..\obj\stm32f4xx_exti.o
 .debug_info    0x00000000      0x357 ..\obj\stm32f4xx_exti.o
 .debug_abbrev  0x00000000      0x1a9 ..\obj\stm32f4xx_exti.o
 .debug_aranges
                0x00000000       0x58 ..\obj\stm32f4xx_exti.o
 .debug_ranges  0x00000000       0x48 ..\obj\stm32f4xx_exti.o
 .debug_line    0x00000000      0x2c9 ..\obj\stm32f4xx_exti.o
 .debug_str     0x00000000      0x35b ..\obj\stm32f4xx_exti.o
 .comment       0x00000000       0x6f ..\obj\stm32f4xx_exti.o
 .debug_frame   0x00000000      0x148 ..\obj\stm32f4xx_exti.o
 .ARM.attributes
                0x00000000       0x33 ..\obj\stm32f4xx_exti.o
 .text          0x00000000        0x0 ..\obj\misc.o
 .data          0x00000000        0x0 ..\obj\misc.o
 .bss           0x00000000        0x0 ..\obj\misc.o
 .text.NVIC_PriorityGroupConfig
                0x00000000       0x24 ..\obj\misc.o
 .text.NVIC_SetVectorTable
                0x00000000       0x2c ..\obj\misc.o
 .text.NVIC_SystemLPConfig
                0x00000000       0x40 ..\obj\misc.o
 .text.SysTick_CLKSourceConfig
                0x00000000       0x38 ..\obj\misc.o
 .text          0x00000000        0x0 ..\obj\adc_multichannel_init.o
 .data          0x00000000        0x0 ..\obj\adc_multichannel_init.o
 .bss           0x00000000        0x0 ..\obj\adc_multichannel_init.o
 .text          0x00000000        0x0 ..\obj\stm32f4xx_tim.o
 .data          0x00000000        0x0 ..\obj\stm32f4xx_tim.o
 .bss           0x00000000        0x0 ..\obj\stm32f4xx_tim.o
 .text.TIM_DeInit
                0x00000000      0x1c0 ..\obj\stm32f4xx_tim.o
 .text.TIM_TimeBaseStructInit
                0x00000000       0x34 ..\obj\stm32f4xx_tim.o
 .text.TIM_PrescalerConfig
                0x00000000       0x28 ..\obj\stm32f4xx_tim.o
 .text.TIM_CounterModeConfig
                0x00000000       0x38 ..\obj\stm32f4xx_tim.o
 .text.TIM_SetCounter
                0x00000000       0x1c ..\obj\stm32f4xx_tim.o
 .text.TIM_SetAutoreload
                0x00000000       0x1c ..\obj\stm32f4xx_tim.o
 .text.TIM_GetCounter
                0x00000000       0x18 ..\obj\stm32f4xx_tim.o
 .text.TIM_GetPrescaler
                0x00000000       0x18 ..\obj\stm32f4xx_tim.o
 .text.TIM_UpdateDisableConfig
                0x00000000       0x40 ..\obj\stm32f4xx_tim.o
 .text.TIM_UpdateRequestConfig
                0x00000000       0x40 ..\obj\stm32f4xx_tim.o
 .text.TIM_ARRPreloadConfig
                0x00000000       0x40 ..\obj\stm32f4xx_tim.o
 .text.TIM_SelectOnePulseMode
                0x00000000       0x38 ..\obj\stm32f4xx_tim.o
 .text.TIM_SetClockDivision
                0x00000000       0x38 ..\obj\stm32f4xx_tim.o
 .text.TIM_OC1Init
                0x00000000       0xf4 ..\obj\stm32f4xx_tim.o
 .text.TIM_OC2Init
                0x00000000      0x110 ..\obj\stm32f4xx_tim.o
 .text.TIM_OC3Init
                0x00000000      0x10c ..\obj\stm32f4xx_tim.o
 .text.TIM_OC4Init
                0x00000000       0xcc ..\obj\stm32f4xx_tim.o
 .text.TIM_OCStructInit
                0x00000000       0x44 ..\obj\stm32f4xx_tim.o
 .text.TIM_SelectOCxM
                0x00000000       0xb0 ..\obj\stm32f4xx_tim.o
 .text.TIM_SetCompare1
                0x00000000       0x1c ..\obj\stm32f4xx_tim.o
 .text.TIM_SetCompare2
                0x00000000       0x1c ..\obj\stm32f4xx_tim.o
 .text.TIM_SetCompare3
                0x00000000       0x1c ..\obj\stm32f4xx_tim.o
 .text.TIM_SetCompare4
                0x00000000       0x1c ..\obj\stm32f4xx_tim.o
 .text.TIM_ForcedOC1Config
                0x00000000       0x38 ..\obj\stm32f4xx_tim.o
 .text.TIM_ForcedOC2Config
                0x00000000       0x3c ..\obj\stm32f4xx_tim.o
 .text.TIM_ForcedOC3Config
                0x00000000       0x38 ..\obj\stm32f4xx_tim.o
 .text.TIM_ForcedOC4Config
                0x00000000       0x3c ..\obj\stm32f4xx_tim.o
 .text.TIM_OC1PreloadConfig
                0x00000000       0x38 ..\obj\stm32f4xx_tim.o
 .text.TIM_OC2PreloadConfig
                0x00000000       0x3c ..\obj\stm32f4xx_tim.o
 .text.TIM_OC3PreloadConfig
                0x00000000       0x38 ..\obj\stm32f4xx_tim.o
 .text.TIM_OC4PreloadConfig
                0x00000000       0x3c ..\obj\stm32f4xx_tim.o
 .text.TIM_OC1FastConfig
                0x00000000       0x38 ..\obj\stm32f4xx_tim.o
 .text.TIM_OC2FastConfig
                0x00000000       0x3c ..\obj\stm32f4xx_tim.o
 .text.TIM_OC3FastConfig
                0x00000000       0x38 ..\obj\stm32f4xx_tim.o
 .text.TIM_OC4FastConfig
                0x00000000       0x3c ..\obj\stm32f4xx_tim.o
 .text.TIM_ClearOC1Ref
                0x00000000       0x38 ..\obj\stm32f4xx_tim.o
 .text.TIM_ClearOC2Ref
                0x00000000       0x3c ..\obj\stm32f4xx_tim.o
 .text.TIM_ClearOC3Ref
                0x00000000       0x38 ..\obj\stm32f4xx_tim.o
 .text.TIM_ClearOC4Ref
                0x00000000       0x3c ..\obj\stm32f4xx_tim.o
 .text.TIM_OC1PolarityConfig
                0x00000000       0x38 ..\obj\stm32f4xx_tim.o
 .text.TIM_OC1NPolarityConfig
                0x00000000       0x38 ..\obj\stm32f4xx_tim.o
 .text.TIM_OC2PolarityConfig
                0x00000000       0x3c ..\obj\stm32f4xx_tim.o
 .text.TIM_OC2NPolarityConfig
                0x00000000       0x3c ..\obj\stm32f4xx_tim.o
 .text.TIM_OC3PolarityConfig
                0x00000000       0x3c ..\obj\stm32f4xx_tim.o
 .text.TIM_OC3NPolarityConfig
                0x00000000       0x3c ..\obj\stm32f4xx_tim.o
 .text.TIM_OC4PolarityConfig
                0x00000000       0x3c ..\obj\stm32f4xx_tim.o
 .text.TIM_CCxCmd
                0x00000000       0x58 ..\obj\stm32f4xx_tim.o
 .text.TIM_CCxNCmd
                0x00000000       0x58 ..\obj\stm32f4xx_tim.o
 .text.TIM_ICInit
                0x00000000       0xa8 ..\obj\stm32f4xx_tim.o
 .text.TIM_ICStructInit
                0x00000000       0x30 ..\obj\stm32f4xx_tim.o
 .text.TIM_PWMIConfig
                0x00000000       0xb8 ..\obj\stm32f4xx_tim.o
 .text.TIM_GetCapture1
                0x00000000       0x18 ..\obj\stm32f4xx_tim.o
 .text.TIM_GetCapture2
                0x00000000       0x18 ..\obj\stm32f4xx_tim.o
 .text.TIM_GetCapture3
                0x00000000       0x18 ..\obj\stm32f4xx_tim.o
 .text.TIM_GetCapture4
                0x00000000       0x18 ..\obj\stm32f4xx_tim.o
 .text.TIM_SetIC1Prescaler
                0x00000000       0x38 ..\obj\stm32f4xx_tim.o
 .text.TIM_SetIC2Prescaler
                0x00000000       0x3c ..\obj\stm32f4xx_tim.o
 .text.TIM_SetIC3Prescaler
                0x00000000       0x38 ..\obj\stm32f4xx_tim.o
 .text.TIM_SetIC4Prescaler
                0x00000000       0x3c ..\obj\stm32f4xx_tim.o
 .text.TIM_BDTRConfig
                0x00000000       0x50 ..\obj\stm32f4xx_tim.o
 .text.TIM_BDTRStructInit
                0x00000000       0x3c ..\obj\stm32f4xx_tim.o
 .text.TIM_CtrlPWMOutputs
                0x00000000       0x4c ..\obj\stm32f4xx_tim.o
 .text.TIM_SelectCOM
                0x00000000       0x40 ..\obj\stm32f4xx_tim.o
 .text.TIM_CCPreloadControl
                0x00000000       0x40 ..\obj\stm32f4xx_tim.o
 .text.TIM_GenerateEvent
                0x00000000       0x1c ..\obj\stm32f4xx_tim.o
 .text.TIM_GetFlagStatus
                0x00000000       0x38 ..\obj\stm32f4xx_tim.o
 .text.TIM_ClearFlag
                0x00000000       0x20 ..\obj\stm32f4xx_tim.o
 .text.TIM_GetITStatus
                0x00000000       0x54 ..\obj\stm32f4xx_tim.o
 .text.TIM_DMAConfig
                0x00000000       0x28 ..\obj\stm32f4xx_tim.o
 .text.TIM_DMACmd
                0x00000000       0x48 ..\obj\stm32f4xx_tim.o
 .text.TIM_SelectCCDMA
                0x00000000       0x40 ..\obj\stm32f4xx_tim.o
 .text.TIM_InternalClockConfig
                0x00000000       0x24 ..\obj\stm32f4xx_tim.o
 .text.TIM_ITRxExternalClockConfig
                0x00000000       0x30 ..\obj\stm32f4xx_tim.o
 .text.TIM_TIxExternalClockConfig
                0x00000000       0x5c ..\obj\stm32f4xx_tim.o
 .text.TIM_ETRClockMode1Config
                0x00000000       0x60 ..\obj\stm32f4xx_tim.o
 .text.TIM_ETRClockMode2Config
                0x00000000       0x40 ..\obj\stm32f4xx_tim.o
 .text.TIM_SelectInputTrigger
                0x00000000       0x38 ..\obj\stm32f4xx_tim.o
 .text.TIM_SelectOutputTrigger
                0x00000000       0x38 ..\obj\stm32f4xx_tim.o
 .text.TIM_SelectSlaveMode
                0x00000000       0x38 ..\obj\stm32f4xx_tim.o
 .text.TIM_SelectMasterSlaveMode
                0x00000000       0x38 ..\obj\stm32f4xx_tim.o
 .text.TIM_ETRConfig
                0x00000000       0x54 ..\obj\stm32f4xx_tim.o
 .text.TIM_EncoderInterfaceConfig
                0x00000000       0x98 ..\obj\stm32f4xx_tim.o
 .text.TIM_SelectHallSensor
                0x00000000       0x40 ..\obj\stm32f4xx_tim.o
 .text.TIM_RemapConfig
                0x00000000       0x20 ..\obj\stm32f4xx_tim.o
 .text.TI1_Config
                0x00000000       0x84 ..\obj\stm32f4xx_tim.o
 .text.TI2_Config
                0x00000000       0x98 ..\obj\stm32f4xx_tim.o
 .text.TI3_Config
                0x00000000       0x90 ..\obj\stm32f4xx_tim.o
 .text.TI4_Config
                0x00000000       0x9c ..\obj\stm32f4xx_tim.o
 .text          0x00000000        0x0 c:/program files (x86)/gnu tools arm embedded/5.4 2016q2/bin/../lib/gcc/arm-none-eabi/5.4.1/../../../../arm-none-eabi/lib/armv7e-m\libm.a(lib_a-w_pow.o)
 .data          0x00000000        0x0 c:/program files (x86)/gnu tools arm embedded/5.4 2016q2/bin/../lib/gcc/arm-none-eabi/5.4.1/../../../../arm-none-eabi/lib/armv7e-m\libm.a(lib_a-w_pow.o)
 .bss           0x00000000        0x0 c:/program files (x86)/gnu tools arm embedded/5.4 2016q2/bin/../lib/gcc/arm-none-eabi/5.4.1/../../../../arm-none-eabi/lib/armv7e-m\libm.a(lib_a-w_pow.o)
 .text          0x00000000        0x0 c:/program files (x86)/gnu tools arm embedded/5.4 2016q2/bin/../lib/gcc/arm-none-eabi/5.4.1/../../../../arm-none-eabi/lib/armv7e-m\libm.a(lib_a-e_pow.o)
 .data          0x00000000        0x0 c:/program files (x86)/gnu tools arm embedded/5.4 2016q2/bin/../lib/gcc/arm-none-eabi/5.4.1/../../../../arm-none-eabi/lib/armv7e-m\libm.a(lib_a-e_pow.o)
 .bss           0x00000000        0x0 c:/program files (x86)/gnu tools arm embedded/5.4 2016q2/bin/../lib/gcc/arm-none-eabi/5.4.1/../../../../arm-none-eabi/lib/armv7e-m\libm.a(lib_a-e_pow.o)
 .text          0x00000000        0x0 c:/program files (x86)/gnu tools arm embedded/5.4 2016q2/bin/../lib/gcc/arm-none-eabi/5.4.1/../../../../arm-none-eabi/lib/armv7e-m\libm.a(lib_a-e_sqrt.o)
 .data          0x00000000        0x0 c:/program files (x86)/gnu tools arm embedded/5.4 2016q2/bin/../lib/gcc/arm-none-eabi/5.4.1/../../../../arm-none-eabi/lib/armv7e-m\libm.a(lib_a-e_sqrt.o)
 .bss           0x00000000        0x0 c:/program files (x86)/gnu tools arm embedded/5.4 2016q2/bin/../lib/gcc/arm-none-eabi/5.4.1/../../../../arm-none-eabi/lib/armv7e-m\libm.a(lib_a-e_sqrt.o)
 .text          0x00000000        0x0 c:/program files (x86)/gnu tools arm embedded/5.4 2016q2/bin/../lib/gcc/arm-none-eabi/5.4.1/../../../../arm-none-eabi/lib/armv7e-m\libm.a(lib_a-s_fabs.o)
 .data          0x00000000        0x0 c:/program files (x86)/gnu tools arm embedded/5.4 2016q2/bin/../lib/gcc/arm-none-eabi/5.4.1/../../../../arm-none-eabi/lib/armv7e-m\libm.a(lib_a-s_fabs.o)
 .bss           0x00000000        0x0 c:/program files (x86)/gnu tools arm embedded/5.4 2016q2/bin/../lib/gcc/arm-none-eabi/5.4.1/../../../../arm-none-eabi/lib/armv7e-m\libm.a(lib_a-s_fabs.o)
 .text          0x00000000        0x0 c:/program files (x86)/gnu tools arm embedded/5.4 2016q2/bin/../lib/gcc/arm-none-eabi/5.4.1/../../../../arm-none-eabi/lib/armv7e-m\libm.a(lib_a-s_finite.o)
 .data          0x00000000        0x0 c:/program files (x86)/gnu tools arm embedded/5.4 2016q2/bin/../lib/gcc/arm-none-eabi/5.4.1/../../../../arm-none-eabi/lib/armv7e-m\libm.a(lib_a-s_finite.o)
 .bss           0x00000000        0x0 c:/program files (x86)/gnu tools arm embedded/5.4 2016q2/bin/../lib/gcc/arm-none-eabi/5.4.1/../../../../arm-none-eabi/lib/armv7e-m\libm.a(lib_a-s_finite.o)
 .text          0x00000000        0x0 c:/program files (x86)/gnu tools arm embedded/5.4 2016q2/bin/../lib/gcc/arm-none-eabi/5.4.1/../../../../arm-none-eabi/lib/armv7e-m\libm.a(lib_a-s_lib_ver.o)
 .data          0x00000000        0x0 c:/program files (x86)/gnu tools arm embedded/5.4 2016q2/bin/../lib/gcc/arm-none-eabi/5.4.1/../../../../arm-none-eabi/lib/armv7e-m\libm.a(lib_a-s_lib_ver.o)
 .bss           0x00000000        0x0 c:/program files (x86)/gnu tools arm embedded/5.4 2016q2/bin/../lib/gcc/arm-none-eabi/5.4.1/../../../../arm-none-eabi/lib/armv7e-m\libm.a(lib_a-s_lib_ver.o)
 .text          0x00000000        0x0 c:/program files (x86)/gnu tools arm embedded/5.4 2016q2/bin/../lib/gcc/arm-none-eabi/5.4.1/../../../../arm-none-eabi/lib/armv7e-m\libm.a(lib_a-s_matherr.o)
 .data          0x00000000        0x0 c:/program files (x86)/gnu tools arm embedded/5.4 2016q2/bin/../lib/gcc/arm-none-eabi/5.4.1/../../../../arm-none-eabi/lib/armv7e-m\libm.a(lib_a-s_matherr.o)
 .bss           0x00000000        0x0 c:/program files (x86)/gnu tools arm embedded/5.4 2016q2/bin/../lib/gcc/arm-none-eabi/5.4.1/../../../../arm-none-eabi/lib/armv7e-m\libm.a(lib_a-s_matherr.o)
 .text          0x00000000        0x0 c:/program files (x86)/gnu tools arm embedded/5.4 2016q2/bin/../lib/gcc/arm-none-eabi/5.4.1/../../../../arm-none-eabi/lib/armv7e-m\libm.a(lib_a-s_nan.o)
 .data          0x00000000        0x0 c:/program files (x86)/gnu tools arm embedded/5.4 2016q2/bin/../lib/gcc/arm-none-eabi/5.4.1/../../../../arm-none-eabi/lib/armv7e-m\libm.a(lib_a-s_nan.o)
 .bss           0x00000000        0x0 c:/program files (x86)/gnu tools arm embedded/5.4 2016q2/bin/../lib/gcc/arm-none-eabi/5.4.1/../../../../arm-none-eabi/lib/armv7e-m\libm.a(lib_a-s_nan.o)
 .text          0x00000000        0x0 c:/program files (x86)/gnu tools arm embedded/5.4 2016q2/bin/../lib/gcc/arm-none-eabi/5.4.1/../../../../arm-none-eabi/lib/armv7e-m\libm.a(lib_a-s_rint.o)
 .data          0x00000000        0x0 c:/program files (x86)/gnu tools arm embedded/5.4 2016q2/bin/../lib/gcc/arm-none-eabi/5.4.1/../../../../arm-none-eabi/lib/armv7e-m\libm.a(lib_a-s_rint.o)
 .bss           0x00000000        0x0 c:/program files (x86)/gnu tools arm embedded/5.4 2016q2/bin/../lib/gcc/arm-none-eabi/5.4.1/../../../../arm-none-eabi/lib/armv7e-m\libm.a(lib_a-s_rint.o)
 .text          0x00000000        0x0 c:/program files (x86)/gnu tools arm embedded/5.4 2016q2/bin/../lib/gcc/arm-none-eabi/5.4.1/../../../../arm-none-eabi/lib/armv7e-m\libm.a(lib_a-s_scalbn.o)
 .data          0x00000000        0x0 c:/program files (x86)/gnu tools arm embedded/5.4 2016q2/bin/../lib/gcc/arm-none-eabi/5.4.1/../../../../arm-none-eabi/lib/armv7e-m\libm.a(lib_a-s_scalbn.o)
 .bss           0x00000000        0x0 c:/program files (x86)/gnu tools arm embedded/5.4 2016q2/bin/../lib/gcc/arm-none-eabi/5.4.1/../../../../arm-none-eabi/lib/armv7e-m\libm.a(lib_a-s_scalbn.o)
 .text          0x00000000        0x0 c:/program files (x86)/gnu tools arm embedded/5.4 2016q2/bin/../lib/gcc/arm-none-eabi/5.4.1/../../../../arm-none-eabi/lib/armv7e-m\libm.a(lib_a-s_copysign.o)
 .data          0x00000000        0x0 c:/program files (x86)/gnu tools arm embedded/5.4 2016q2/bin/../lib/gcc/arm-none-eabi/5.4.1/../../../../arm-none-eabi/lib/armv7e-m\libm.a(lib_a-s_copysign.o)
 .bss           0x00000000        0x0 c:/program files (x86)/gnu tools arm embedded/5.4 2016q2/bin/../lib/gcc/arm-none-eabi/5.4.1/../../../../arm-none-eabi/lib/armv7e-m\libm.a(lib_a-s_copysign.o)
 .data          0x00000000        0x0 c:/program files (x86)/gnu tools arm embedded/5.4 2016q2/bin/../lib/gcc/arm-none-eabi/5.4.1/armv7e-m\libgcc.a(_arm_addsubdf3.o)
 .bss           0x00000000        0x0 c:/program files (x86)/gnu tools arm embedded/5.4 2016q2/bin/../lib/gcc/arm-none-eabi/5.4.1/armv7e-m\libgcc.a(_arm_addsubdf3.o)
 .data          0x00000000        0x0 c:/program files (x86)/gnu tools arm embedded/5.4 2016q2/bin/../lib/gcc/arm-none-eabi/5.4.1/armv7e-m\libgcc.a(_arm_muldivdf3.o)
 .bss           0x00000000        0x0 c:/program files (x86)/gnu tools arm embedded/5.4 2016q2/bin/../lib/gcc/arm-none-eabi/5.4.1/armv7e-m\libgcc.a(_arm_muldivdf3.o)
 .data          0x00000000        0x0 c:/program files (x86)/gnu tools arm embedded/5.4 2016q2/bin/../lib/gcc/arm-none-eabi/5.4.1/armv7e-m\libgcc.a(_arm_cmpdf2.o)
 .bss           0x00000000        0x0 c:/program files (x86)/gnu tools arm embedded/5.4 2016q2/bin/../lib/gcc/arm-none-eabi/5.4.1/armv7e-m\libgcc.a(_arm_cmpdf2.o)
 .data          0x00000000        0x0 c:/program files (x86)/gnu tools arm embedded/5.4 2016q2/bin/../lib/gcc/arm-none-eabi/5.4.1/armv7e-m\libgcc.a(_arm_unorddf2.o)
 .bss           0x00000000        0x0 c:/program files (x86)/gnu tools arm embedded/5.4 2016q2/bin/../lib/gcc/arm-none-eabi/5.4.1/armv7e-m\libgcc.a(_arm_unorddf2.o)
 .data          0x00000000        0x0 c:/program files (x86)/gnu tools arm embedded/5.4 2016q2/bin/../lib/gcc/arm-none-eabi/5.4.1/armv7e-m\libgcc.a(_arm_fixdfsi.o)
 .bss           0x00000000        0x0 c:/program files (x86)/gnu tools arm embedded/5.4 2016q2/bin/../lib/gcc/arm-none-eabi/5.4.1/armv7e-m\libgcc.a(_arm_fixdfsi.o)
 .data          0x00000000        0x0 c:/program files (x86)/gnu tools arm embedded/5.4 2016q2/bin/../lib/gcc/arm-none-eabi/5.4.1/armv7e-m\libgcc.a(_arm_fixunsdfsi.o)
 .bss           0x00000000        0x0 c:/program files (x86)/gnu tools arm embedded/5.4 2016q2/bin/../lib/gcc/arm-none-eabi/5.4.1/armv7e-m\libgcc.a(_arm_fixunsdfsi.o)
 .text          0x00000000        0x0 c:/program files (x86)/gnu tools arm embedded/5.4 2016q2/bin/../lib/gcc/arm-none-eabi/5.4.1/../../../../arm-none-eabi/lib/armv7e-m\libg.a(lib_a-errno.o)
 .data          0x00000000        0x0 c:/program files (x86)/gnu tools arm embedded/5.4 2016q2/bin/../lib/gcc/arm-none-eabi/5.4.1/../../../../arm-none-eabi/lib/armv7e-m\libg.a(lib_a-errno.o)
 .bss           0x00000000        0x0 c:/program files (x86)/gnu tools arm embedded/5.4 2016q2/bin/../lib/gcc/arm-none-eabi/5.4.1/../../../../arm-none-eabi/lib/armv7e-m\libg.a(lib_a-errno.o)

Memory Configuration

Name             Origin             Length             Attributes
rom              0x08000000         0x00100000         xr
ram              0x20000000         0x00020000         xrw
ram1             0x10000000         0x00010000         xrw
*default*        0x00000000         0xffffffff

Linker script and memory map

                0x20020000                _eram = 0x20020000

.text           0x08000000    0x25f00
 *(.isr_vector)
 .isr_vector    0x08000000      0x188 ..\obj\startup_stm32f4xx.o
                0x08000000                g_pfnVectors
 *(.text*)
 .text.codec_Init
                0x08000188      0x16c ..\obj\codec_configuration.o
                0x08000188                codec_Init
 .text.send_Codec_Config
                0x080002f4       0xa8 ..\obj\codec_configuration.o
                0x080002f4                send_Codec_Config
 .text.codec_Configuration
                0x0800039c      0x160 ..\obj\codec_configuration.o
                0x0800039c                codec_Configuration
 .text.receive_Codec_Data
                0x080004fc      0x100 ..\obj\codec_configuration.o
                0x080004fc                receive_Codec_Data
 .text.codec_DMA_Init
                0x080005fc      0x104 ..\obj\codec_configuration.o
                0x080005fc                codec_DMA_Init
 .text.DMA1_Stream5_IRQHandler
                0x08000700      0x10c ..\obj\codec_configuration.o
                0x08000700                DMA1_Stream5_IRQHandler
 .text.Default_Reset_Handler
                0x0800080c       0x5c ..\obj\startup_stm32f4xx.o
                0x0800080c                Default_Reset_Handler
                0x0800080c                Reset_Handler
 .text.Default_Handler
                0x08000868        0x8 ..\obj\startup_stm32f4xx.o
                0x08000868                RTC_Alarm_IRQHandler
                0x08000868                HASH_RNG_IRQHandler
                0x08000868                EXTI2_IRQHandler
                0x08000868                TIM8_CC_IRQHandler
                0x08000868                DebugMon_Handler
                0x08000868                TIM1_CC_IRQHandler
                0x08000868                DMA2_Stream5_IRQHandler
                0x08000868                SysTick_Handler
                0x08000868                PVD_IRQHandler
                0x08000868                SDIO_IRQHandler
                0x08000868                TAMP_STAMP_IRQHandler
                0x08000868                PendSV_Handler
                0x08000868                NMI_Handler
                0x08000868                CAN2_RX1_IRQHandler
                0x08000868                EXTI3_IRQHandler
                0x08000868                TIM8_TRG_COM_TIM14_IRQHandler
                0x08000868                TIM1_UP_TIM10_IRQHandler
                0x08000868                TIM8_UP_TIM13_IRQHandler
                0x08000868                I2C3_ER_IRQHandler
                0x08000868                EXTI0_IRQHandler
                0x08000868                I2C2_EV_IRQHandler
                0x08000868                DMA1_Stream2_IRQHandler
                0x08000868                CAN1_RX0_IRQHandler
                0x08000868                FPU_IRQHandler
                0x08000868                OTG_HS_WKUP_IRQHandler
                0x08000868                UsageFault_Handler
                0x08000868                CAN2_SCE_IRQHandler
                0x08000868                DMA2_Stream2_IRQHandler
                0x08000868                SPI1_IRQHandler
                0x08000868                TIM6_DAC_IRQHandler
                0x08000868                TIM1_BRK_TIM9_IRQHandler
                0x08000868                DCMI_IRQHandler
                0x08000868                CAN2_RX0_IRQHandler
                0x08000868                DMA2_Stream3_IRQHandler
                0x08000868                USART6_IRQHandler
                0x08000868                USART3_IRQHandler
                0x08000868                CRYP_IRQHandler
                0x08000868                CAN1_RX1_IRQHandler
                0x08000868                UART5_IRQHandler
                0x08000868                DMA2_Stream0_IRQHandler
                0x08000868                TIM4_IRQHandler
                0x08000868                I2C1_EV_IRQHandler
                0x08000868                DMA1_Stream6_IRQHandler
                0x08000868                DMA1_Stream1_IRQHandler
                0x08000868                UART4_IRQHandler
                0x08000868                TIM3_IRQHandler
                0x08000868                RCC_IRQHandler
                0x08000868                TIM8_BRK_TIM12_IRQHandler
                0x08000868                EXTI15_10_IRQHandler
                0x08000868                ADC_IRQHandler
                0x08000868                DMA1_Stream7_IRQHandler
                0x08000868                CAN2_TX_IRQHandler
                0x08000868                TIM5_IRQHandler
                0x08000868                DMA2_Stream7_IRQHandler
                0x08000868                I2C3_EV_IRQHandler
                0x08000868                EXTI9_5_IRQHandler
                0x08000868                RTC_WKUP_IRQHandler
                0x08000868                ETH_WKUP_IRQHandler
                0x08000868                SPI2_IRQHandler
                0x08000868                OTG_HS_EP1_IN_IRQHandler
                0x08000868                MemManage_Handler
                0x08000868                DMA1_Stream0_IRQHandler
                0x08000868                CAN1_TX_IRQHandler
                0x08000868                SVC_Handler
                0x08000868                EXTI4_IRQHandler
                0x08000868                FSMC_IRQHandler
                0x08000868                ETH_IRQHandler
                0x08000868                OTG_HS_EP1_OUT_IRQHandler
                0x08000868                WWDG_IRQHandler
                0x08000868                TIM2_IRQHandler
                0x08000868                OTG_FS_WKUP_IRQHandler
                0x08000868                TIM1_TRG_COM_TIM11_IRQHandler
                0x08000868                OTG_HS_IRQHandler
                0x08000868                EXTI1_IRQHandler
                0x08000868                USART2_IRQHandler
                0x08000868                I2C2_ER_IRQHandler
                0x08000868                DMA2_Stream1_IRQHandler
                0x08000868                CAN1_SCE_IRQHandler
                0x08000868                FLASH_IRQHandler
                0x08000868                DMA2_Stream4_IRQHandler
                0x08000868                BusFault_Handler
                0x08000868                USART1_IRQHandler
                0x08000868                OTG_FS_IRQHandler
                0x08000868                SPI3_IRQHandler
                0x08000868                DMA1_Stream4_IRQHandler
                0x08000868                I2C1_ER_IRQHandler
                0x08000868                DMA2_Stream6_IRQHandler
                0x08000868                DMA1_Stream3_IRQHandler
 .text.main     0x08000870      0x908 ..\obj\main.o
                0x08000870                main
 .text.Linear_Interpolation
                0x08001178       0x74 ..\obj\main.o
                0x08001178                Linear_Interpolation
 .text.Subtable_Interpolation
                0x080011ec       0x84 ..\obj\main.o
                0x080011ec                Subtable_Interpolation
 .text.Waveshape_Modulation
                0x08001270      0x14c ..\obj\main.o
                0x08001270                Waveshape_Modulation
 .text.Mix_Modulation
                0x080013bc       0x38 ..\obj\main.o
                0x080013bc                Mix_Modulation
 .text.LED_Init
                0x080013f4      0x100 ..\obj\main.o
                0x080013f4                LED_Init
 .text.LED_Button_Test
                0x080014f4       0xb0 ..\obj\main.o
                0x080014f4                LED_Button_Test
 .text.RCC_PLLI2SCmd
                0x080015a4       0x20 ..\obj\stm32f4xx_rcc.o
                0x080015a4                RCC_PLLI2SCmd
 .text.RCC_GetClocksFreq
                0x080015c4      0x154 ..\obj\stm32f4xx_rcc.o
                0x080015c4                RCC_GetClocksFreq
 .text.RCC_AHB1PeriphClockCmd
                0x08001718       0x3c ..\obj\stm32f4xx_rcc.o
                0x08001718                RCC_AHB1PeriphClockCmd
 .text.RCC_APB1PeriphClockCmd
                0x08001754       0x3c ..\obj\stm32f4xx_rcc.o
                0x08001754                RCC_APB1PeriphClockCmd
 .text.RCC_APB2PeriphClockCmd
                0x08001790       0x3c ..\obj\stm32f4xx_rcc.o
                0x08001790                RCC_APB2PeriphClockCmd
 .text.RCC_APB1PeriphResetCmd
                0x080017cc       0x3c ..\obj\stm32f4xx_rcc.o
                0x080017cc                RCC_APB1PeriphResetCmd
 .text.RCC_APB2PeriphResetCmd
                0x08001808       0x3c ..\obj\stm32f4xx_rcc.o
                0x08001808                RCC_APB2PeriphResetCmd
 .text.ADC_Init
                0x08001844       0xa8 ..\obj\stm32f4xx_adc.o
                0x08001844                ADC_Init
 .text.ADC_CommonInit
                0x080018ec       0x50 ..\obj\stm32f4xx_adc.o
                0x080018ec                ADC_CommonInit
 .text.ADC_Cmd  0x0800193c       0x38 ..\obj\stm32f4xx_adc.o
                0x0800193c                ADC_Cmd
 .text.ADC_RegularChannelConfig
                0x08001974      0x194 ..\obj\stm32f4xx_adc.o
                0x08001974                ADC_RegularChannelConfig
 .text.ADC_SoftwareStartConv
                0x08001b08       0x20 ..\obj\stm32f4xx_adc.o
                0x08001b08                ADC_SoftwareStartConv
 .text.ADC_DMACmd
                0x08001b28       0x38 ..\obj\stm32f4xx_adc.o
                0x08001b28                ADC_DMACmd
 .text.ADC_DMARequestAfterLastTransferCmd
                0x08001b60       0x38 ..\obj\stm32f4xx_adc.o
                0x08001b60                ADC_DMARequestAfterLastTransferCmd
 .text.GPIO_Init
                0x08001b98      0x11c ..\obj\stm32f4xx_gpio.o
                0x08001b98                GPIO_Init
 .text.GPIO_StructInit
                0x08001cb4       0x34 ..\obj\stm32f4xx_gpio.o
                0x08001cb4                GPIO_StructInit
 .text.GPIO_ReadInputDataBit
                0x08001ce8       0x34 ..\obj\stm32f4xx_gpio.o
                0x08001ce8                GPIO_ReadInputDataBit
 .text.GPIO_SetBits
                0x08001d1c       0x1c ..\obj\stm32f4xx_gpio.o
                0x08001d1c                GPIO_SetBits
 .text.GPIO_ResetBits
                0x08001d38       0x1c ..\obj\stm32f4xx_gpio.o
                0x08001d38                GPIO_ResetBits
 .text.GPIO_ToggleBits
                0x08001d54       0x24 ..\obj\stm32f4xx_gpio.o
                0x08001d54                GPIO_ToggleBits
 .text.GPIO_PinAFConfig
                0x08001d78       0x90 ..\obj\stm32f4xx_gpio.o
                0x08001d78                GPIO_PinAFConfig
 .text          0x08001e08       0x26 ..\obj\sh_cmd.o
                0x08001e08                SH_DoCommand
                0x08001e1a                HardFault_Handler
 *fill*         0x08001e2e        0x2 
 .text.SystemInit
                0x08001e30       0x5c ..\obj\system_stm32f4xx.o
                0x08001e30                SystemInit
 .text.SetSysClock
                0x08001e8c       0xf4 ..\obj\system_stm32f4xx.o
 .text.DMA_DeInit
                0x08001f80      0x1a4 ..\obj\stm32f4xx_dma.o
                0x08001f80                DMA_DeInit
 .text.DMA_Init
                0x08002124       0xac ..\obj\stm32f4xx_dma.o
                0x08002124                DMA_Init
 .text.DMA_Cmd  0x080021d0       0x38 ..\obj\stm32f4xx_dma.o
                0x080021d0                DMA_Cmd
 .text.DMA_DoubleBufferModeConfig
                0x08002208       0x3c ..\obj\stm32f4xx_dma.o
                0x08002208                DMA_DoubleBufferModeConfig
 .text.DMA_DoubleBufferModeCmd
                0x08002244       0x38 ..\obj\stm32f4xx_dma.o
                0x08002244                DMA_DoubleBufferModeCmd
 .text.DMA_ITConfig
                0x0800227c       0x74 ..\obj\stm32f4xx_dma.o
                0x0800227c                DMA_ITConfig
 .text.DMA_GetITStatus
                0x080022f0       0xac ..\obj\stm32f4xx_dma.o
                0x080022f0                DMA_GetITStatus
 .text.DMA_ClearITPendingBit
                0x0800239c       0x5c ..\obj\stm32f4xx_dma.o
                0x0800239c                DMA_ClearITPendingBit
 .text.debounceKeyInit
                0x080023f8       0xfc ..\obj\debounceKey.o
                0x080023f8                debounceKeyInit
 .text.TIM7_IRQHandler
                0x080024f4      0x1e8 ..\obj\debounceKey.o
                0x080024f4                TIM7_IRQHandler
 .text.SPI_I2S_DeInit
                0x080026dc       0x74 ..\obj\stm32f4xx_spi.o
                0x080026dc                SPI_I2S_DeInit
 .text.I2S_Init
                0x08002750      0x1b4 ..\obj\stm32f4xx_spi.o
                0x08002750                I2S_Init
 .text.I2S_Cmd  0x08002904       0x40 ..\obj\stm32f4xx_spi.o
                0x08002904                I2S_Cmd
 .text.SPI_I2S_DMACmd
                0x08002944       0x48 ..\obj\stm32f4xx_spi.o
                0x08002944                SPI_I2S_DMACmd
 .text.SPI_I2S_ITConfig
                0x0800298c       0x60 ..\obj\stm32f4xx_spi.o
                0x0800298c                SPI_I2S_ITConfig
 .text.I2C_DeInit
                0x080029ec       0x74 ..\obj\stm32f4xx_i2c.o
                0x080029ec                I2C_DeInit
 .text.I2C_Init
                0x08002a60      0x184 ..\obj\stm32f4xx_i2c.o
                0x08002a60                I2C_Init
 .text.I2C_Cmd  0x08002be4       0x40 ..\obj\stm32f4xx_i2c.o
                0x08002be4                I2C_Cmd
 .text.I2C_GenerateSTART
                0x08002c24       0x40 ..\obj\stm32f4xx_i2c.o
                0x08002c24                I2C_GenerateSTART
 .text.I2C_GenerateSTOP
                0x08002c64       0x40 ..\obj\stm32f4xx_i2c.o
                0x08002c64                I2C_GenerateSTOP
 .text.I2C_Send7bitAddress
                0x08002ca4       0x3c ..\obj\stm32f4xx_i2c.o
                0x08002ca4                I2C_Send7bitAddress
 .text.I2C_AcknowledgeConfig
                0x08002ce0       0x40 ..\obj\stm32f4xx_i2c.o
                0x08002ce0                I2C_AcknowledgeConfig
 .text.I2C_SendData
                0x08002d20       0x20 ..\obj\stm32f4xx_i2c.o
                0x08002d20                I2C_SendData
 .text.I2C_ReceiveData
                0x08002d40       0x1c ..\obj\stm32f4xx_i2c.o
                0x08002d40                I2C_ReceiveData
 .text.I2C_CheckEvent
                0x08002d5c       0x60 ..\obj\stm32f4xx_i2c.o
                0x08002d5c                I2C_CheckEvent
 .text.I2C_GetFlagStatus
                0x08002dbc       0x64 ..\obj\stm32f4xx_i2c.o
                0x08002dbc                I2C_GetFlagStatus
 .text.NVIC_Init
                0x08002e20       0xc0 ..\obj\misc.o
                0x08002e20                NVIC_Init
 .text.ADC1_Poti_Init
                0x08002ee0      0x1d8 ..\obj\adc_multichannel_init.o
                0x08002ee0                ADC1_Poti_Init
 .text.Get_ADC_Values
                0x080030b8       0x90 ..\obj\adc_multichannel_init.o
                0x080030b8                Get_ADC_Values
 .text.Get_Lock_Values
                0x08003148       0xa4 ..\obj\adc_multichannel_init.o
                0x08003148                Get_Lock_Values
 .text.Get_Mean_Values
                0x080031ec       0xa4 ..\obj\adc_multichannel_init.o
                0x080031ec                Get_Mean_Values
 .text.TIM_TimeBaseInit
                0x08003290       0xd4 ..\obj\stm32f4xx_tim.o
                0x08003290                TIM_TimeBaseInit
 .text.TIM_Cmd  0x08003364       0x40 ..\obj\stm32f4xx_tim.o
                0x08003364                TIM_Cmd
 .text.TIM_ITConfig
                0x080033a4       0x48 ..\obj\stm32f4xx_tim.o
                0x080033a4                TIM_ITConfig
 .text.TIM_ClearITPendingBit
                0x080033ec       0x20 ..\obj\stm32f4xx_tim.o
                0x080033ec                TIM_ClearITPendingBit
 .text.pow      0x0800340c      0x2f0 c:/program files (x86)/gnu tools arm embedded/5.4 2016q2/bin/../lib/gcc/arm-none-eabi/5.4.1/../../../../arm-none-eabi/lib/armv7e-m\libm.a(lib_a-w_pow.o)
                0x0800340c                pow
 *fill*         0x080036fc        0x4 
 .text.__ieee754_pow
                0x08003700      0xab4 c:/program files (x86)/gnu tools arm embedded/5.4 2016q2/bin/../lib/gcc/arm-none-eabi/5.4.1/../../../../arm-none-eabi/lib/armv7e-m\libm.a(lib_a-e_pow.o)
                0x08003700                __ieee754_pow
 .text.__ieee754_sqrt
                0x080041b4      0x180 c:/program files (x86)/gnu tools arm embedded/5.4 2016q2/bin/../lib/gcc/arm-none-eabi/5.4.1/../../../../arm-none-eabi/lib/armv7e-m\libm.a(lib_a-e_sqrt.o)
                0x080041b4                __ieee754_sqrt
 .text.fabs     0x08004334        0x8 c:/program files (x86)/gnu tools arm embedded/5.4 2016q2/bin/../lib/gcc/arm-none-eabi/5.4.1/../../../../arm-none-eabi/lib/armv7e-m\libm.a(lib_a-s_fabs.o)
                0x08004334                fabs
 .text.finite   0x0800433c        0xc c:/program files (x86)/gnu tools arm embedded/5.4 2016q2/bin/../lib/gcc/arm-none-eabi/5.4.1/../../../../arm-none-eabi/lib/armv7e-m\libm.a(lib_a-s_finite.o)
                0x0800433c                finite
 .text.matherr  0x08004348        0x4 c:/program files (x86)/gnu tools arm embedded/5.4 2016q2/bin/../lib/gcc/arm-none-eabi/5.4.1/../../../../arm-none-eabi/lib/armv7e-m\libm.a(lib_a-s_matherr.o)
                0x08004348                matherr
 .text.nan      0x0800434c        0xc c:/program files (x86)/gnu tools arm embedded/5.4 2016q2/bin/../lib/gcc/arm-none-eabi/5.4.1/../../../../arm-none-eabi/lib/armv7e-m\libm.a(lib_a-s_nan.o)
                0x0800434c                nan
 .text.rint     0x08004358      0x118 c:/program files (x86)/gnu tools arm embedded/5.4 2016q2/bin/../lib/gcc/arm-none-eabi/5.4.1/../../../../arm-none-eabi/lib/armv7e-m\libm.a(lib_a-s_rint.o)
                0x08004358                rint
 .text.scalbn   0x08004470       0xfc c:/program files (x86)/gnu tools arm embedded/5.4 2016q2/bin/../lib/gcc/arm-none-eabi/5.4.1/../../../../arm-none-eabi/lib/armv7e-m\libm.a(lib_a-s_scalbn.o)
                0x08004470                scalbn
 .text.copysign
                0x0800456c       0x10 c:/program files (x86)/gnu tools arm embedded/5.4 2016q2/bin/../lib/gcc/arm-none-eabi/5.4.1/../../../../arm-none-eabi/lib/armv7e-m\libm.a(lib_a-s_copysign.o)
                0x0800456c                copysign
 .text          0x0800457c      0x370 c:/program files (x86)/gnu tools arm embedded/5.4 2016q2/bin/../lib/gcc/arm-none-eabi/5.4.1/armv7e-m\libgcc.a(_arm_addsubdf3.o)
                0x0800457c                __aeabi_drsub
                0x08004584                __aeabi_dsub
                0x08004584                __subdf3
                0x08004588                __aeabi_dadd
                0x08004588                __adddf3
                0x08004800                __floatunsidf
                0x08004800                __aeabi_ui2d
                0x08004820                __floatsidf
                0x08004820                __aeabi_i2d
                0x08004844                __aeabi_f2d
                0x08004844                __extendsfdf2
                0x08004880                __floatundidf
                0x08004880                __aeabi_ul2d
                0x08004890                __floatdidf
                0x08004890                __aeabi_l2d
 .text          0x080048ec      0x424 c:/program files (x86)/gnu tools arm embedded/5.4 2016q2/bin/../lib/gcc/arm-none-eabi/5.4.1/armv7e-m\libgcc.a(_arm_muldivdf3.o)
                0x080048ec                __aeabi_dmul
                0x080048ec                __muldf3
                0x08004b40                __divdf3
                0x08004b40                __aeabi_ddiv
 .text          0x08004d10      0x110 c:/program files (x86)/gnu tools arm embedded/5.4 2016q2/bin/../lib/gcc/arm-none-eabi/5.4.1/armv7e-m\libgcc.a(_arm_cmpdf2.o)
                0x08004d10                __gtdf2
                0x08004d10                __gedf2
                0x08004d18                __ltdf2
                0x08004d18                __ledf2
                0x08004d20                __nedf2
                0x08004d20                __eqdf2
                0x08004d20                __cmpdf2
                0x08004d9c                __aeabi_cdrcmple
                0x08004dac                __aeabi_cdcmpeq
                0x08004dac                __aeabi_cdcmple
                0x08004dbc                __aeabi_dcmpeq
                0x08004dd0                __aeabi_dcmplt
                0x08004de4                __aeabi_dcmple
                0x08004df8                __aeabi_dcmpge
                0x08004e0c                __aeabi_dcmpgt
 .text          0x08004e20       0x2c c:/program files (x86)/gnu tools arm embedded/5.4 2016q2/bin/../lib/gcc/arm-none-eabi/5.4.1/armv7e-m\libgcc.a(_arm_unorddf2.o)
                0x08004e20                __unorddf2
                0x08004e20                __aeabi_dcmpun
 .text          0x08004e4c       0x50 c:/program files (x86)/gnu tools arm embedded/5.4 2016q2/bin/../lib/gcc/arm-none-eabi/5.4.1/armv7e-m\libgcc.a(_arm_fixdfsi.o)
                0x08004e4c                __aeabi_d2iz
                0x08004e4c                __fixdfsi
 .text          0x08004e9c       0x40 c:/program files (x86)/gnu tools arm embedded/5.4 2016q2/bin/../lib/gcc/arm-none-eabi/5.4.1/armv7e-m\libgcc.a(_arm_fixunsdfsi.o)
                0x08004e9c                __aeabi_d2uiz
                0x08004e9c                __fixunsdfsi
 .text.__errno  0x08004edc        0xc c:/program files (x86)/gnu tools arm embedded/5.4 2016q2/bin/../lib/gcc/arm-none-eabi/5.4.1/../../../../arm-none-eabi/lib/armv7e-m\libg.a(lib_a-errno.o)
                0x08004edc                __errno
 *(.init)
 *(.fini)
 *crtbegin.o(.ctors)
 *crtbegin?.o(.ctors)
 *(EXCLUDE_FILE(*crtend.o *crtend?.o) .ctors)
 *(SORT(.ctors.*))
 *(.ctors)
 *crtbegin.o(.dtors)
 *crtbegin?.o(.dtors)
 *(EXCLUDE_FILE(*crtend.o *crtend?.o) .dtors)
 *(SORT(.dtors.*))
 *(.dtors)
 *(.rodata*)
 .rodata        0x08004ee8    0x21000 ..\obj\main.o
                0x08004ee8                Table_Saw_Wave
                0x0800fee8                Table_Triangle_Wave
                0x0801aee8                Table_Rect_Wave
                0x08024ee8                Table_Sine_Wave
 .rodata.str1.4
                0x08025ee8        0x4 c:/program files (x86)/gnu tools arm embedded/5.4 2016q2/bin/../lib/gcc/arm-none-eabi/5.4.1/../../../../arm-none-eabi/lib/armv7e-m\libm.a(lib_a-w_pow.o)
 .rodata.str1.4
                0x08025eec        0x4 c:/program files (x86)/gnu tools arm embedded/5.4 2016q2/bin/../lib/gcc/arm-none-eabi/5.4.1/../../../../arm-none-eabi/lib/armv7e-m\libm.a(lib_a-e_pow.o)
                                  0x1 (size before relaxing)
 .rodata.TWO52  0x08025ef0       0x10 c:/program files (x86)/gnu tools arm embedded/5.4 2016q2/bin/../lib/gcc/arm-none-eabi/5.4.1/../../../../arm-none-eabi/lib/armv7e-m\libm.a(lib_a-s_rint.o)
 *(.eh_fram e*)

.glue_7         0x08025f00        0x0
 .glue_7        0x08025f00        0x0 linker stubs

.glue_7t        0x08025f00        0x0
 .glue_7t       0x08025f00        0x0 linker stubs

.vfp11_veneer   0x08025f00        0x0
 .vfp11_veneer  0x08025f00        0x0 linker stubs

.v4_bx          0x08025f00        0x0
 .v4_bx         0x08025f00        0x0 linker stubs

.iplt           0x08025f00        0x0
 .iplt          0x08025f00        0x0 ..\obj\semihosting.o

.rel.dyn        0x08025f00        0x0
 .rel.iplt      0x08025f00        0x0 ..\obj\semihosting.o

.ARM.extab
 *(.ARM.extab* .gnu.linkonce.armextab.*)
                0x08025f00                __exidx_start = .

.ARM.exidx
 *(.ARM.exidx* .gnu.linkonce.armexidx.*)
                0x08025f00                __exidx_end = .
                0x08025f00                __etext = .
                0x08025f00                _sidata = __etext

.data           0x20000000      0x440 load address 0x08025f00
                0x20000000                __data_start__ = .
                0x20000000                _sdata = __data_start__
 *(vtable)
 *(.data*)
 .data          0x20000000       0x10 ..\obj\stm32f4xx_rcc.o
 .data          0x20000010      0x42c ..\obj\printf.o
                0x20000010                r
                0x20000438                _impure_ptr
 .data.__fdlib_version
                0x2000043c        0x1 c:/program files (x86)/gnu tools arm embedded/5.4 2016q2/bin/../lib/gcc/arm-none-eabi/5.4.1/../../../../arm-none-eabi/lib/armv7e-m\libm.a(lib_a-s_lib_ver.o)
                0x2000043c                __fdlib_version
                0x20000440                . = ALIGN (0x4)
 *fill*         0x2000043d        0x3 
                [!provide]                PROVIDE (__preinit_array_start, .)
 *(.preinit_array)
                [!provide]                PROVIDE (__preinit_array_end, .)
                0x20000440                . = ALIGN (0x4)
                [!provide]                PROVIDE (__init_array_start, .)
 *(SORT(.init_array.*))
 *(.init_array)
                [!provide]                PROVIDE (__init_array_end, .)
                0x20000440                . = ALIGN (0x4)
                [!provide]                PROVIDE (__fini_array_start, .)
 *(SORT(.fini_array.*))
 *(.fini_array)
                [!provide]                PROVIDE (__fini_array_end, .)
 *(.jcr*)
                0x20000440                . = ALIGN (0x4)
                0x20000440                __data_end__ = .
                0x20000440                _edata = __data_end__

.igot.plt       0x20000440        0x0 load address 0x08026340
 .igot.plt      0x20000440        0x0 ..\obj\semihosting.o

.bss            0x20000440      0x5c4 load address 0x08026340
                0x20000440                . = ALIGN (0x4)
                0x20000440                __bss_start__ = .
                0x20000440                _sbss = __bss_start__
 *(.bss*)
 .bss           0x20000440        0x4 ..\obj\codec_configuration.o
 .bss           0x20000444       0x28 ..\obj\debounceKey.o
 *(COMMON)
 COMMON         0x2000046c      0x474 ..\obj\codec_configuration.o
                0x2000046c                VCO1_Output_Buffer
                0x2000056c                VCO2_Lock
                0x20000574                VCO2
                0x20000594                Bank_Value
                0x20000595                Transfer_Complete_Flag
                0x20000598                I2S_Init_Struct
                0x200005a8                VCO2_Output_Buffer
                0x200006a8                I2C_Init_Struct
                0x200006b8                VCO1_Lock
                0x200006c0                i2s_Out
                0x200008c0                VCO1
 COMMON         0x200008e0      0x122 ..\obj\main.o
                0x200008e0                out2Active
                0x200008e4                ADC_Buffer
                0x200008f2                out1Active
                0x200008f4                ADC_Mean_Values
                0x20000902                recActive
                0x20000903                linlogActive
                0x20000904                ADC_Differences
                0x20000912                holdActive
                0x20000914                Input_Mean_Buffer
                0x200009f4                ADC_Values
                0x20000a04                . = ALIGN (0x4)
 *fill*         0x20000a02        0x2 
                0x20000a04                __bss_end__ = .
                0x20000a04                _ebss = __bss_end__

.heap           0x20000a04        0x0
                0x20000a04                __end__ = .
                0x20000a04                _end = __end__
                0x20000a04                end = __end__
 *(.heap*)
                0x20000a04                __HeapLimit = .

.co_stack       0x20000a04      0x804 load address 0x08026904
                0x20000a08                . = ALIGN (0x8)
 *fill*         0x20000a04        0x4 
 *(.co_stack .co_stack.*)
 .co_stack      0x20000a08      0x800 ..\obj\startup_stm32f4xx.o
                0x20000a08                pulStack
                0x20020000                __StackTop = (ORIGIN (ram) + LENGTH (ram))
                0x2001f7fc                __StackLimit = (__StackTop - SIZEOF (.co_stack))
                [!provide]                PROVIDE (__stack, __StackTop)
                0x00000001                ASSERT ((__StackLimit >= __HeapLimit), region ram  overflowed with stack)
LOAD ..\obj\semihosting.o
LOAD ..\obj\codec_configuration.o
LOAD ..\obj\stm32f4xx_pwr.o
LOAD ..\obj\stm32f4xx_dac.o
LOAD ..\obj\startup_stm32f4xx.o
LOAD ..\obj\main.o
LOAD ..\obj\stm32f4xx_rcc.o
LOAD ..\obj\inputProcessing.o
LOAD ..\obj\stm32f4xx_adc.o
LOAD ..\obj\printf.o
LOAD ..\obj\sevenSegment.o
LOAD ..\obj\stm32f4xx_gpio.o
LOAD ..\obj\sh_cmd.o
LOAD ..\obj\system_stm32f4xx.o
LOAD ..\obj\syscalls.o
LOAD ..\obj\stm32f4xx_dma.o
LOAD ..\obj\debounceKey.o
LOAD ..\obj\stm32f4xx_spi.o
LOAD ..\obj\stm32f4xx_i2c.o
LOAD ..\obj\stm32f4xx_exti.o
LOAD ..\obj\misc.o
LOAD ..\obj\adc_multichannel_init.o
LOAD ..\obj\stm32f4xx_tim.o
LOAD c:/program files (x86)/gnu tools arm embedded/5.4 2016q2/bin/../lib/gcc/arm-none-eabi/5.4.1/../../../../arm-none-eabi/lib/armv7e-m\libm.a
START GROUP
LOAD c:/program files (x86)/gnu tools arm embedded/5.4 2016q2/bin/../lib/gcc/arm-none-eabi/5.4.1/armv7e-m\libgcc.a
LOAD c:/program files (x86)/gnu tools arm embedded/5.4 2016q2/bin/../lib/gcc/arm-none-eabi/5.4.1/../../../../arm-none-eabi/lib/armv7e-m\libg.a
LOAD c:/program files (x86)/gnu tools arm embedded/5.4 2016q2/bin/../lib/gcc/arm-none-eabi/5.4.1/../../../../arm-none-eabi/lib/armv7e-m\libc.a
END GROUP
OUTPUT(VCO_Firmware_V0.elf elf32-littlearm)

.debug_info     0x00000000     0x9b6f
 .debug_info    0x00000000      0xcd9 ..\obj\codec_configuration.o
 .debug_info    0x00000cd9       0xf2 ..\obj\startup_stm32f4xx.o
 .debug_info    0x00000dcb      0x8cc ..\obj\main.o
 .debug_info    0x00001697      0xc63 ..\obj\stm32f4xx_rcc.o
 .debug_info    0x000022fa      0xc40 ..\obj\stm32f4xx_adc.o
 .debug_info    0x00002f3a      0xe3d ..\obj\printf.o
 .debug_info    0x00003d77      0x61a ..\obj\stm32f4xx_gpio.o
 .debug_info    0x00004391       0xab ..\obj\sh_cmd.o
 .debug_info    0x0000443c      0x5c5 ..\obj\system_stm32f4xx.o
 .debug_info    0x00004a01      0x741 ..\obj\stm32f4xx_dma.o
 .debug_info    0x00005142      0x889 ..\obj\debounceKey.o
 .debug_info    0x000059cb      0xb0f ..\obj\stm32f4xx_spi.o
 .debug_info    0x000064da      0xb00 ..\obj\stm32f4xx_i2c.o
 .debug_info    0x00006fda      0x556 ..\obj\misc.o
 .debug_info    0x00007530      0x9d6 ..\obj\adc_multichannel_init.o
 .debug_info    0x00007f06     0x1c69 ..\obj\stm32f4xx_tim.o

.debug_abbrev   0x00000000     0x16ce
 .debug_abbrev  0x00000000      0x1cc ..\obj\codec_configuration.o
 .debug_abbrev  0x000001cc       0xb0 ..\obj\startup_stm32f4xx.o
 .debug_abbrev  0x0000027c      0x1be ..\obj\main.o
 .debug_abbrev  0x0000043a      0x1e5 ..\obj\stm32f4xx_rcc.o
 .debug_abbrev  0x0000061f      0x198 ..\obj\stm32f4xx_adc.o
 .debug_abbrev  0x000007b7      0x262 ..\obj\printf.o
 .debug_abbrev  0x00000a19      0x1a7 ..\obj\stm32f4xx_gpio.o
 .debug_abbrev  0x00000bc0       0x14 ..\obj\sh_cmd.o
 .debug_abbrev  0x00000bd4      0x138 ..\obj\system_stm32f4xx.o
 .debug_abbrev  0x00000d0c      0x157 ..\obj\stm32f4xx_dma.o
 .debug_abbrev  0x00000e63      0x14c ..\obj\debounceKey.o
 .debug_abbrev  0x00000faf      0x169 ..\obj\stm32f4xx_spi.o
 .debug_abbrev  0x00001118      0x166 ..\obj\stm32f4xx_i2c.o
 .debug_abbrev  0x0000127e      0x147 ..\obj\misc.o
 .debug_abbrev  0x000013c5      0x180 ..\obj\adc_multichannel_init.o
 .debug_abbrev  0x00001545      0x189 ..\obj\stm32f4xx_tim.o

.debug_aranges  0x00000000      0xb48
 .debug_aranges
                0x00000000       0x48 ..\obj\codec_configuration.o
 .debug_aranges
                0x00000048       0x28 ..\obj\startup_stm32f4xx.o
 .debug_aranges
                0x00000070       0x58 ..\obj\main.o
 .debug_aranges
                0x000000c8      0x178 ..\obj\stm32f4xx_rcc.o
 .debug_aranges
                0x00000240      0x148 ..\obj\stm32f4xx_adc.o
 .debug_aranges
                0x00000388       0xa0 ..\obj\printf.o
 .debug_aranges
                0x00000428       0x88 ..\obj\stm32f4xx_gpio.o
 .debug_aranges
                0x000004b0       0x20 ..\obj\sh_cmd.o
 .debug_aranges
                0x000004d0       0x30 ..\obj\system_stm32f4xx.o
 .debug_aranges
                0x00000500       0xb0 ..\obj\stm32f4xx_dma.o
 .debug_aranges
                0x000005b0       0x28 ..\obj\debounceKey.o
 .debug_aranges
                0x000005d8       0xe0 ..\obj\stm32f4xx_spi.o
 .debug_aranges
                0x000006b8      0x120 ..\obj\stm32f4xx_i2c.o
 .debug_aranges
                0x000007d8       0x40 ..\obj\misc.o
 .debug_aranges
                0x00000818       0x38 ..\obj\adc_multichannel_init.o
 .debug_aranges
                0x00000850      0x2f8 ..\obj\stm32f4xx_tim.o

.debug_ranges   0x00000000      0xa38
 .debug_ranges  0x00000000       0x38 ..\obj\codec_configuration.o
 .debug_ranges  0x00000038       0x18 ..\obj\startup_stm32f4xx.o
 .debug_ranges  0x00000050       0x48 ..\obj\main.o
 .debug_ranges  0x00000098      0x168 ..\obj\stm32f4xx_rcc.o
 .debug_ranges  0x00000200      0x138 ..\obj\stm32f4xx_adc.o
 .debug_ranges  0x00000338       0x90 ..\obj\printf.o
 .debug_ranges  0x000003c8       0x78 ..\obj\stm32f4xx_gpio.o
 .debug_ranges  0x00000440       0x20 ..\obj\system_stm32f4xx.o
 .debug_ranges  0x00000460       0xa0 ..\obj\stm32f4xx_dma.o
 .debug_ranges  0x00000500       0x18 ..\obj\debounceKey.o
 .debug_ranges  0x00000518       0xd0 ..\obj\stm32f4xx_spi.o
 .debug_ranges  0x000005e8      0x110 ..\obj\stm32f4xx_i2c.o
 .debug_ranges  0x000006f8       0x30 ..\obj\misc.o
 .debug_ranges  0x00000728       0x28 ..\obj\adc_multichannel_init.o
 .debug_ranges  0x00000750      0x2e8 ..\obj\stm32f4xx_tim.o

.debug_line     0x00000000     0x4014
 .debug_line    0x00000000      0x44e ..\obj\codec_configuration.o
 .debug_line    0x0000044e       0xa3 ..\obj\startup_stm32f4xx.o
 .debug_line    0x000004f1      0x470 ..\obj\main.o
 .debug_line    0x00000961      0x5cd ..\obj\stm32f4xx_rcc.o
 .debug_line    0x00000f2e      0x585 ..\obj\stm32f4xx_adc.o
 .debug_line    0x000014b3      0x379 ..\obj\printf.o
 .debug_line    0x0000182c      0x388 ..\obj\stm32f4xx_gpio.o
 .debug_line    0x00001bb4       0x81 ..\obj\sh_cmd.o
 .debug_line    0x00001c35      0x206 ..\obj\system_stm32f4xx.o
 .debug_line    0x00001e3b      0x452 ..\obj\stm32f4xx_dma.o
 .debug_line    0x0000228d      0x2e5 ..\obj\debounceKey.o
 .debug_line    0x00002572      0x481 ..\obj\stm32f4xx_spi.o
 .debug_line    0x000029f3      0x513 ..\obj\stm32f4xx_i2c.o
 .debug_line    0x00002f06      0x266 ..\obj\misc.o
 .debug_line    0x0000316c      0x3bf ..\obj\adc_multichannel_init.o
 .debug_line    0x0000352b      0xae9 ..\obj\stm32f4xx_tim.o

.debug_str      0x00000000     0x3c4e
 .debug_str     0x00000000      0xde1 ..\obj\codec_configuration.o
                                0xe51 (size before relaxing)
 .debug_str     0x00000de1       0xb2 ..\obj\startup_stm32f4xx.o
                                0x149 (size before relaxing)
 .debug_str     0x00000e93      0x272 ..\obj\main.o
                                0x75d (size before relaxing)
 .debug_str     0x00001105      0x651 ..\obj\stm32f4xx_rcc.o
                                0x852 (size before relaxing)
 .debug_str     0x00001756      0x643 ..\obj\stm32f4xx_adc.o
                                0x806 (size before relaxing)
 .debug_str     0x00001d99      0x4c3 ..\obj\printf.o
                                0x679 (size before relaxing)
 .debug_str     0x0000225c      0x1a5 ..\obj\stm32f4xx_gpio.o
                                0x4a5 (size before relaxing)
 .debug_str     0x00002401      0x11a ..\obj\system_stm32f4xx.o
                                0x3ac (size before relaxing)
 .debug_str     0x0000251b      0x25a ..\obj\stm32f4xx_dma.o
                                0x544 (size before relaxing)
 .debug_str     0x00002775      0x1bb ..\obj\debounceKey.o
                                0xaf2 (size before relaxing)
 .debug_str     0x00002930      0x320 ..\obj\stm32f4xx_spi.o
                                0x68c (size before relaxing)
 .debug_str     0x00002c50      0x342 ..\obj\stm32f4xx_i2c.o
                                0x667 (size before relaxing)
 .debug_str     0x00002f92      0x15c ..\obj\misc.o
                                0x3d0 (size before relaxing)
 .debug_str     0x000030ee       0xd8 ..\obj\adc_multichannel_init.o
                                0x8a5 (size before relaxing)
 .debug_str     0x000031c6      0xa88 ..\obj\stm32f4xx_tim.o
                                0xdd2 (size before relaxing)

.comment        0x00000000       0x6e
 .comment       0x00000000       0x6e ..\obj\codec_configuration.o
                                 0x6f (size before relaxing)
 .comment       0x0000006e       0x6f ..\obj\startup_stm32f4xx.o
 .comment       0x0000006e       0x6f ..\obj\main.o
 .comment       0x0000006e       0x6f ..\obj\stm32f4xx_rcc.o
 .comment       0x0000006e       0x6f ..\obj\stm32f4xx_adc.o
 .comment       0x0000006e       0x6f ..\obj\printf.o
 .comment       0x0000006e       0x6f ..\obj\stm32f4xx_gpio.o
 .comment       0x0000006e       0x6f ..\obj\system_stm32f4xx.o
 .comment       0x0000006e       0x6f ..\obj\stm32f4xx_dma.o
 .comment       0x0000006e       0x6f ..\obj\debounceKey.o
 .comment       0x0000006e       0x6f ..\obj\stm32f4xx_spi.o
 .comment       0x0000006e       0x6f ..\obj\stm32f4xx_i2c.o
 .comment       0x0000006e       0x6f ..\obj\misc.o
 .comment       0x0000006e       0x6f ..\obj\adc_multichannel_init.o
 .comment       0x0000006e       0x6f ..\obj\stm32f4xx_tim.o

.ARM.attributes
                0x00000000       0x31
 .ARM.attributes
                0x00000000       0x33 ..\obj\codec_configuration.o
 .ARM.attributes
                0x00000033       0x33 ..\obj\startup_stm32f4xx.o
 .ARM.attributes
                0x00000066       0x33 ..\obj\main.o
 .ARM.attributes
                0x00000099       0x33 ..\obj\stm32f4xx_rcc.o
 .ARM.attributes
                0x000000cc       0x33 ..\obj\stm32f4xx_adc.o
 .ARM.attributes
                0x000000ff       0x33 ..\obj\printf.o
 .ARM.attributes
                0x00000132       0x33 ..\obj\stm32f4xx_gpio.o
 .ARM.attributes
                0x00000165       0x21 ..\obj\sh_cmd.o
 .ARM.attributes
                0x00000186       0x33 ..\obj\system_stm32f4xx.o
 .ARM.attributes
                0x000001b9       0x33 ..\obj\stm32f4xx_dma.o
 .ARM.attributes
                0x000001ec       0x33 ..\obj\debounceKey.o
 .ARM.attributes
                0x0000021f       0x33 ..\obj\stm32f4xx_spi.o
 .ARM.attributes
                0x00000252       0x33 ..\obj\stm32f4xx_i2c.o
 .ARM.attributes
                0x00000285       0x33 ..\obj\misc.o
 .ARM.attributes
                0x000002b8       0x33 ..\obj\adc_multichannel_init.o
 .ARM.attributes
                0x000002eb       0x33 ..\obj\stm32f4xx_tim.o
 .ARM.attributes
                0x0000031e       0x2e c:/program files (x86)/gnu tools arm embedded/5.4 2016q2/bin/../lib/gcc/arm-none-eabi/5.4.1/../../../../arm-none-eabi/lib/armv7e-m\libm.a(lib_a-w_pow.o)
 .ARM.attributes
                0x0000034c       0x2e c:/program files (x86)/gnu tools arm embedded/5.4 2016q2/bin/../lib/gcc/arm-none-eabi/5.4.1/../../../../arm-none-eabi/lib/armv7e-m\libm.a(lib_a-e_pow.o)
 .ARM.attributes
                0x0000037a       0x2e c:/program files (x86)/gnu tools arm embedded/5.4 2016q2/bin/../lib/gcc/arm-none-eabi/5.4.1/../../../../arm-none-eabi/lib/armv7e-m\libm.a(lib_a-e_sqrt.o)
 .ARM.attributes
                0x000003a8       0x2e c:/program files (x86)/gnu tools arm embedded/5.4 2016q2/bin/../lib/gcc/arm-none-eabi/5.4.1/../../../../arm-none-eabi/lib/armv7e-m\libm.a(lib_a-s_fabs.o)
 .ARM.attributes
                0x000003d6       0x2e c:/program files (x86)/gnu tools arm embedded/5.4 2016q2/bin/../lib/gcc/arm-none-eabi/5.4.1/../../../../arm-none-eabi/lib/armv7e-m\libm.a(lib_a-s_finite.o)
 .ARM.attributes
                0x00000404       0x2e c:/program files (x86)/gnu tools arm embedded/5.4 2016q2/bin/../lib/gcc/arm-none-eabi/5.4.1/../../../../arm-none-eabi/lib/armv7e-m\libm.a(lib_a-s_lib_ver.o)
 .ARM.attributes
                0x00000432       0x2e c:/program files (x86)/gnu tools arm embedded/5.4 2016q2/bin/../lib/gcc/arm-none-eabi/5.4.1/../../../../arm-none-eabi/lib/armv7e-m\libm.a(lib_a-s_matherr.o)
 .ARM.attributes
                0x00000460       0x2e c:/program files (x86)/gnu tools arm embedded/5.4 2016q2/bin/../lib/gcc/arm-none-eabi/5.4.1/../../../../arm-none-eabi/lib/armv7e-m\libm.a(lib_a-s_nan.o)
 .ARM.attributes
                0x0000048e       0x2e c:/program files (x86)/gnu tools arm embedded/5.4 2016q2/bin/../lib/gcc/arm-none-eabi/5.4.1/../../../../arm-none-eabi/lib/armv7e-m\libm.a(lib_a-s_rint.o)
 .ARM.attributes
                0x000004bc       0x2e c:/program files (x86)/gnu tools arm embedded/5.4 2016q2/bin/../lib/gcc/arm-none-eabi/5.4.1/../../../../arm-none-eabi/lib/armv7e-m\libm.a(lib_a-s_scalbn.o)
 .ARM.attributes
                0x000004ea       0x2e c:/program files (x86)/gnu tools arm embedded/5.4 2016q2/bin/../lib/gcc/arm-none-eabi/5.4.1/../../../../arm-none-eabi/lib/armv7e-m\libm.a(lib_a-s_copysign.o)
 .ARM.attributes
                0x00000518       0x1e c:/program files (x86)/gnu tools arm embedded/5.4 2016q2/bin/../lib/gcc/arm-none-eabi/5.4.1/armv7e-m\libgcc.a(_arm_addsubdf3.o)
 .ARM.attributes
                0x00000536       0x1e c:/program files (x86)/gnu tools arm embedded/5.4 2016q2/bin/../lib/gcc/arm-none-eabi/5.4.1/armv7e-m\libgcc.a(_arm_muldivdf3.o)
 .ARM.attributes
                0x00000554       0x1e c:/program files (x86)/gnu tools arm embedded/5.4 2016q2/bin/../lib/gcc/arm-none-eabi/5.4.1/armv7e-m\libgcc.a(_arm_cmpdf2.o)
 .ARM.attributes
                0x00000572       0x1e c:/program files (x86)/gnu tools arm embedded/5.4 2016q2/bin/../lib/gcc/arm-none-eabi/5.4.1/armv7e-m\libgcc.a(_arm_unorddf2.o)
 .ARM.attributes
                0x00000590       0x1e c:/program files (x86)/gnu tools arm embedded/5.4 2016q2/bin/../lib/gcc/arm-none-eabi/5.4.1/armv7e-m\libgcc.a(_arm_fixdfsi.o)
 .ARM.attributes
                0x000005ae       0x1e c:/program files (x86)/gnu tools arm embedded/5.4 2016q2/bin/../lib/gcc/arm-none-eabi/5.4.1/armv7e-m\libgcc.a(_arm_fixunsdfsi.o)
 .ARM.attributes
                0x000005cc       0x2e c:/program files (x86)/gnu tools arm embedded/5.4 2016q2/bin/../lib/gcc/arm-none-eabi/5.4.1/../../../../arm-none-eabi/lib/armv7e-m\libg.a(lib_a-errno.o)

.debug_frame    0x00000000     0x332c
 .debug_frame   0x00000000       0xe8 ..\obj\codec_configuration.o
 .debug_frame   0x000000e8       0x4c ..\obj\startup_stm32f4xx.o
 .debug_frame   0x00000134      0x134 ..\obj\main.o
 .debug_frame   0x00000268      0x6d4 ..\obj\stm32f4xx_rcc.o
 .debug_frame   0x0000093c      0x5ec ..\obj\stm32f4xx_adc.o
 .debug_frame   0x00000f28      0x2d8 ..\obj\printf.o
 .debug_frame   0x00001200      0x23c ..\obj\stm32f4xx_gpio.o
 .debug_frame   0x0000143c       0x7c ..\obj\system_stm32f4xx.o
 .debug_frame   0x000014b8      0x308 ..\obj\stm32f4xx_dma.o
 .debug_frame   0x000017c0       0x58 ..\obj\debounceKey.o
 .debug_frame   0x00001818      0x3f4 ..\obj\stm32f4xx_spi.o
 .debug_frame   0x00001c0c      0x530 ..\obj\stm32f4xx_i2c.o
 .debug_frame   0x0000213c       0xd8 ..\obj\misc.o
 .debug_frame   0x00002214       0xb0 ..\obj\adc_multichannel_init.o
 .debug_frame   0x000022c4      0xe54 ..\obj\stm32f4xx_tim.o
 .debug_frame   0x00003118       0x4c c:/program files (x86)/gnu tools arm embedded/5.4 2016q2/bin/../lib/gcc/arm-none-eabi/5.4.1/../../../../arm-none-eabi/lib/armv7e-m\libm.a(lib_a-w_pow.o)
 .debug_frame   0x00003164       0x68 c:/program files (x86)/gnu tools arm embedded/5.4 2016q2/bin/../lib/gcc/arm-none-eabi/5.4.1/../../../../arm-none-eabi/lib/armv7e-m\libm.a(lib_a-e_pow.o)
 .debug_frame   0x000031cc       0x34 c:/program files (x86)/gnu tools arm embedded/5.4 2016q2/bin/../lib/gcc/arm-none-eabi/5.4.1/../../../../arm-none-eabi/lib/armv7e-m\libm.a(lib_a-e_sqrt.o)
 .debug_frame   0x00003200       0x20 c:/program files (x86)/gnu tools arm embedded/5.4 2016q2/bin/../lib/gcc/arm-none-eabi/5.4.1/../../../../arm-none-eabi/lib/armv7e-m\libm.a(lib_a-s_fabs.o)
 .debug_frame   0x00003220       0x20 c:/program files (x86)/gnu tools arm embedded/5.4 2016q2/bin/../lib/gcc/arm-none-eabi/5.4.1/../../../../arm-none-eabi/lib/armv7e-m\libm.a(lib_a-s_finite.o)
 .debug_frame   0x00003240       0x20 c:/program files (x86)/gnu tools arm embedded/5.4 2016q2/bin/../lib/gcc/arm-none-eabi/5.4.1/../../../../arm-none-eabi/lib/armv7e-m\libm.a(lib_a-s_matherr.o)
 .debug_frame   0x00003260       0x20 c:/program files (x86)/gnu tools arm embedded/5.4 2016q2/bin/../lib/gcc/arm-none-eabi/5.4.1/../../../../arm-none-eabi/lib/armv7e-m\libm.a(lib_a-s_nan.o)
 .debug_frame   0x00003280       0x3c c:/program files (x86)/gnu tools arm embedded/5.4 2016q2/bin/../lib/gcc/arm-none-eabi/5.4.1/../../../../arm-none-eabi/lib/armv7e-m\libm.a(lib_a-s_rint.o)
 .debug_frame   0x000032bc       0x30 c:/program files (x86)/gnu tools arm embedded/5.4 2016q2/bin/../lib/gcc/arm-none-eabi/5.4.1/../../../../arm-none-eabi/lib/armv7e-m\libm.a(lib_a-s_scalbn.o)
 .debug_frame   0x000032ec       0x20 c:/program files (x86)/gnu tools arm embedded/5.4 2016q2/bin/../lib/gcc/arm-none-eabi/5.4.1/../../../../arm-none-eabi/lib/armv7e-m\libm.a(lib_a-s_copysign.o)
 .debug_frame   0x0000330c       0x20 c:/program files (x86)/gnu tools arm embedded/5.4 2016q2/bin/../lib/gcc/arm-none-eabi/5.4.1/../../../../arm-none-eabi/lib/armv7e-m\libg.a(lib_a-errno.o)
