Archive member included to satisfy reference by file (symbol)

c:/program files (x86)/gnu tools arm embedded/5.4 2016q2/bin/../lib/gcc/arm-none-eabi/5.4.1/../../../../arm-none-eabi/lib/armv7e-m\libm.a(lib_a-w_pow.o)
                              ..\obj\main.o (pow)
c:/program files (x86)/gnu tools arm embedded/5.4 2016q2/bin/../lib/gcc/arm-none-eabi/5.4.1/../../../../arm-none-eabi/lib/armv7e-m\libm.a(lib_a-e_pow.o)
                              c:/program files (x86)/gnu tools arm embedded/5.4 2016q2/bin/../lib/gcc/arm-none-eabi/5.4.1/../../../../arm-none-eabi/lib/armv7e-m\libm.a(lib_a-w_pow.o) (__ieee754_pow)
c:/program files (x86)/gnu tools arm embedded/5.4 2016q2/bin/../lib/gcc/arm-none-eabi/5.4.1/../../../../arm-none-eabi/lib/armv7e-m\libm.a(lib_a-e_sqrt.o)
                              c:/program files (x86)/gnu tools arm embedded/5.4 2016q2/bin/../lib/gcc/arm-none-eabi/5.4.1/../../../../arm-none-eabi/lib/armv7e-m\libm.a(lib_a-e_pow.o) (__ieee754_sqrt)
c:/program files (x86)/gnu tools arm embedded/5.4 2016q2/bin/../lib/gcc/arm-none-eabi/5.4.1/../../../../arm-none-eabi/lib/armv7e-m\libm.a(lib_a-s_fabs.o)
                              c:/program files (x86)/gnu tools arm embedded/5.4 2016q2/bin/../lib/gcc/arm-none-eabi/5.4.1/../../../../arm-none-eabi/lib/armv7e-m\libm.a(lib_a-e_pow.o) (fabs)
c:/program files (x86)/gnu tools arm embedded/5.4 2016q2/bin/../lib/gcc/arm-none-eabi/5.4.1/../../../../arm-none-eabi/lib/armv7e-m\libm.a(lib_a-s_finite.o)
                              c:/program files (x86)/gnu tools arm embedded/5.4 2016q2/bin/../lib/gcc/arm-none-eabi/5.4.1/../../../../arm-none-eabi/lib/armv7e-m\libm.a(lib_a-w_pow.o) (finite)
c:/program files (x86)/gnu tools arm embedded/5.4 2016q2/bin/../lib/gcc/arm-none-eabi/5.4.1/../../../../arm-none-eabi/lib/armv7e-m\libm.a(lib_a-s_lib_ver.o)
                              c:/program files (x86)/gnu tools arm embedded/5.4 2016q2/bin/../lib/gcc/arm-none-eabi/5.4.1/../../../../arm-none-eabi/lib/armv7e-m\libm.a(lib_a-w_pow.o) (__fdlib_version)
c:/program files (x86)/gnu tools arm embedded/5.4 2016q2/bin/../lib/gcc/arm-none-eabi/5.4.1/../../../../arm-none-eabi/lib/armv7e-m\libm.a(lib_a-s_matherr.o)
                              c:/program files (x86)/gnu tools arm embedded/5.4 2016q2/bin/../lib/gcc/arm-none-eabi/5.4.1/../../../../arm-none-eabi/lib/armv7e-m\libm.a(lib_a-w_pow.o) (matherr)
c:/program files (x86)/gnu tools arm embedded/5.4 2016q2/bin/../lib/gcc/arm-none-eabi/5.4.1/../../../../arm-none-eabi/lib/armv7e-m\libm.a(lib_a-s_nan.o)
                              c:/program files (x86)/gnu tools arm embedded/5.4 2016q2/bin/../lib/gcc/arm-none-eabi/5.4.1/../../../../arm-none-eabi/lib/armv7e-m\libm.a(lib_a-e_pow.o) (nan)
c:/program files (x86)/gnu tools arm embedded/5.4 2016q2/bin/../lib/gcc/arm-none-eabi/5.4.1/../../../../arm-none-eabi/lib/armv7e-m\libm.a(lib_a-s_rint.o)
                              c:/program files (x86)/gnu tools arm embedded/5.4 2016q2/bin/../lib/gcc/arm-none-eabi/5.4.1/../../../../arm-none-eabi/lib/armv7e-m\libm.a(lib_a-w_pow.o) (rint)
c:/program files (x86)/gnu tools arm embedded/5.4 2016q2/bin/../lib/gcc/arm-none-eabi/5.4.1/../../../../arm-none-eabi/lib/armv7e-m\libm.a(lib_a-s_scalbn.o)
                              c:/program files (x86)/gnu tools arm embedded/5.4 2016q2/bin/../lib/gcc/arm-none-eabi/5.4.1/../../../../arm-none-eabi/lib/armv7e-m\libm.a(lib_a-e_pow.o) (scalbn)
c:/program files (x86)/gnu tools arm embedded/5.4 2016q2/bin/../lib/gcc/arm-none-eabi/5.4.1/../../../../arm-none-eabi/lib/armv7e-m\libm.a(lib_a-s_copysign.o)
                              c:/program files (x86)/gnu tools arm embedded/5.4 2016q2/bin/../lib/gcc/arm-none-eabi/5.4.1/../../../../arm-none-eabi/lib/armv7e-m\libm.a(lib_a-s_scalbn.o) (copysign)
c:/program files (x86)/gnu tools arm embedded/5.4 2016q2/bin/../lib/gcc/arm-none-eabi/5.4.1/armv7e-m\libgcc.a(_arm_addsubdf3.o)
                              c:/program files (x86)/gnu tools arm embedded/5.4 2016q2/bin/../lib/gcc/arm-none-eabi/5.4.1/../../../../arm-none-eabi/lib/armv7e-m\libm.a(lib_a-e_pow.o) (__aeabi_dsub)
c:/program files (x86)/gnu tools arm embedded/5.4 2016q2/bin/../lib/gcc/arm-none-eabi/5.4.1/armv7e-m\libgcc.a(_arm_muldivdf3.o)
                              ..\obj\main.o (__aeabi_dmul)
c:/program files (x86)/gnu tools arm embedded/5.4 2016q2/bin/../lib/gcc/arm-none-eabi/5.4.1/armv7e-m\libgcc.a(_arm_cmpdf2.o)
                              c:/program files (x86)/gnu tools arm embedded/5.4 2016q2/bin/../lib/gcc/arm-none-eabi/5.4.1/../../../../arm-none-eabi/lib/armv7e-m\libm.a(lib_a-w_pow.o) (__aeabi_dcmpeq)
c:/program files (x86)/gnu tools arm embedded/5.4 2016q2/bin/../lib/gcc/arm-none-eabi/5.4.1/armv7e-m\libgcc.a(_arm_unorddf2.o)
                              c:/program files (x86)/gnu tools arm embedded/5.4 2016q2/bin/../lib/gcc/arm-none-eabi/5.4.1/../../../../arm-none-eabi/lib/armv7e-m\libm.a(lib_a-w_pow.o) (__aeabi_dcmpun)
[...]
Memory Configuration

Name             Origin             Length             Attributes
rom              0x08000000         0x00100000         xr
ram              0x20000000         0x00020000         xrw
ram1             0x10000000         0x00010000         xrw
*default*        0x00000000         0xffffffff

Linker script and memory map

                0x20020000                _eram = 0x20020000

.text           0x08000000    0x27600
 *(.isr_vector)
 .isr_vector    0x08000000      0x188 ..\obj\startup_stm32f4xx.o
                0x08000000                g_pfnVectors
 *(.text*)
 .text.codec_Init
                0x08000188      0x16c ..\obj\codec_configuration.o
                0x08000188                codec_Init
 .text.send_Codec_Config
                0x080002f4       0xa8 ..\obj\codec_configuration.o
                0x080002f4                send_Codec_Config
 .text.codec_Configuration
                0x0800039c      0x160 ..\obj\codec_configuration.o
                0x0800039c                codec_Configuration
 .text.receive_Codec_Data
                0x080004fc      0x100 ..\obj\codec_configuration.o
                0x080004fc                receive_Codec_Data
 .text.codec_DMA_Init
                0x080005fc      0x104 ..\obj\codec_configuration.o
                0x080005fc                codec_DMA_Init
 .text.DMA1_Stream5_IRQHandler
                0x08000700       0xfc ..\obj\codec_configuration.o
                0x08000700                DMA1_Stream5_IRQHandler
 .text.Default_Reset_Handler
                0x080007fc       0x5c ..\obj\startup_stm32f4xx.o
                0x080007fc                Default_Reset_Handler
                0x080007fc                Reset_Handler
 .text.Default_Handler
                0x08000858        0x8 ..\obj\startup_stm32f4xx.o
                0x08000858                RTC_Alarm_IRQHandler
                0x08000858                HASH_RNG_IRQHandler
                0x08000858                EXTI2_IRQHandler
                0x08000858                TIM8_CC_IRQHandler
                0x08000858                DebugMon_Handler
                0x08000858                TIM1_CC_IRQHandler
                0x08000858                DMA2_Stream5_IRQHandler
                0x08000858                SysTick_Handler
                0x08000858                PVD_IRQHandler
                0x08000858                SDIO_IRQHandler
                0x08000858                TAMP_STAMP_IRQHandler
                0x08000858                PendSV_Handler
                0x08000858                NMI_Handler
                0x08000858                CAN2_RX1_IRQHandler
                0x08000858                EXTI3_IRQHandler
                0x08000858                TIM8_TRG_COM_TIM14_IRQHandler
                0x08000858                TIM1_UP_TIM10_IRQHandler
                0x08000858                TIM8_UP_TIM13_IRQHandler
                0x08000858                I2C3_ER_IRQHandler
                0x08000858                EXTI0_IRQHandler
                0x08000858                I2C2_EV_IRQHandler
                0x08000858                DMA1_Stream2_IRQHandler
                0x08000858                CAN1_RX0_IRQHandler
                0x08000858                FPU_IRQHandler
                0x08000858                OTG_HS_WKUP_IRQHandler
                0x08000858                UsageFault_Handler
                0x08000858                CAN2_SCE_IRQHandler
                0x08000858                DMA2_Stream2_IRQHandler
                0x08000858                SPI1_IRQHandler
                0x08000858                TIM6_DAC_IRQHandler
                0x08000858                TIM1_BRK_TIM9_IRQHandler
                0x08000858                DCMI_IRQHandler
                0x08000858                CAN2_RX0_IRQHandler
                0x08000858                DMA2_Stream3_IRQHandler
                0x08000858                USART6_IRQHandler
                0x08000858                USART3_IRQHandler
                0x08000858                CRYP_IRQHandler
                0x08000858                CAN1_RX1_IRQHandler
                0x08000858                UART5_IRQHandler
                0x08000858                DMA2_Stream0_IRQHandler
                0x08000858                TIM4_IRQHandler
                0x08000858                I2C1_EV_IRQHandler
                0x08000858                DMA1_Stream6_IRQHandler
                0x08000858                DMA1_Stream1_IRQHandler
                0x08000858                UART4_IRQHandler
                0x08000858                TIM3_IRQHandler
                0x08000858                RCC_IRQHandler
                0x08000858                TIM8_BRK_TIM12_IRQHandler
                0x08000858                EXTI15_10_IRQHandler
                0x08000858                ADC_IRQHandler
                0x08000858                DMA1_Stream7_IRQHandler
                0x08000858                CAN2_TX_IRQHandler
                0x08000858                TIM5_IRQHandler
                0x08000858                DMA2_Stream7_IRQHandler
                0x08000858                I2C3_EV_IRQHandler
                0x08000858                EXTI9_5_IRQHandler
                0x08000858                RTC_WKUP_IRQHandler
                0x08000858                ETH_WKUP_IRQHandler
                0x08000858                SPI2_IRQHandler
                0x08000858                OTG_HS_EP1_IN_IRQHandler
                0x08000858                MemManage_Handler
                0x08000858                DMA1_Stream0_IRQHandler
                0x08000858                CAN1_TX_IRQHandler
                0x08000858                SVC_Handler
                0x08000858                EXTI4_IRQHandler
                0x08000858                FSMC_IRQHandler
                0x08000858                ETH_IRQHandler
                0x08000858                OTG_HS_EP1_OUT_IRQHandler
                0x08000858                WWDG_IRQHandler
                0x08000858                TIM2_IRQHandler
                0x08000858                OTG_FS_WKUP_IRQHandler
                0x08000858                TIM1_TRG_COM_TIM11_IRQHandler
                0x08000858                OTG_HS_IRQHandler
                0x08000858                EXTI1_IRQHandler
                0x08000858                USART2_IRQHandler
                0x08000858                I2C2_ER_IRQHandler
                0x08000858                DMA2_Stream1_IRQHandler
                0x08000858                CAN1_SCE_IRQHandler
                0x08000858                FLASH_IRQHandler
                0x08000858                DMA2_Stream4_IRQHandler
                0x08000858                BusFault_Handler
                0x08000858                USART1_IRQHandler
                0x08000858                OTG_FS_IRQHandler
                0x08000858                SPI3_IRQHandler
                0x08000858                DMA1_Stream4_IRQHandler
                0x08000858                I2C1_ER_IRQHandler
                0x08000858                DMA2_Stream6_IRQHandler
                0x08000858                DMA1_Stream3_IRQHandler
 .text.main     0x08000860      0x948 ..\obj\main.o
                0x08000860                main
 .text.Linear_Interpolation
                0x080011a8       0x74 ..\obj\main.o
                0x080011a8                Linear_Interpolation
 .text.Subtable_Interpolation
                0x0800121c       0x84 ..\obj\main.o
                0x0800121c                Subtable_Interpolation
 .text.Waveshape_Modulation
                0x080012a0      0x14c ..\obj\main.o
                0x080012a0                Waveshape_Modulation
 .text.Mix_Modulation
                0x080013ec       0x38 ..\obj\main.o
                0x080013ec                Mix_Modulation
 .text.LED_Init
                0x08001424      0x100 ..\obj\main.o
                0x08001424                LED_Init
 .text.LED_Button_Test
                0x08001524      0x11c ..\obj\main.o
                0x08001524                LED_Button_Test
 .text.RCC_PLLI2SCmd
                0x08001640       0x20 ..\obj\stm32f4xx_rcc.o
                0x08001640                RCC_PLLI2SCmd
 .text.RCC_GetClocksFreq
                0x08001660      0x154 ..\obj\stm32f4xx_rcc.o
                0x08001660                RCC_GetClocksFreq
 .text.RCC_AHB1PeriphClockCmd
                0x080017b4       0x3c ..\obj\stm32f4xx_rcc.o
                0x080017b4                RCC_AHB1PeriphClockCmd
 .text.RCC_APB1PeriphClockCmd
                0x080017f0       0x3c ..\obj\stm32f4xx_rcc.o
                0x080017f0                RCC_APB1PeriphClockCmd
 .text.RCC_APB2PeriphClockCmd
                0x0800182c       0x3c ..\obj\stm32f4xx_rcc.o
                0x0800182c                RCC_APB2PeriphClockCmd
 .text.RCC_APB1PeriphResetCmd
                0x08001868       0x3c ..\obj\stm32f4xx_rcc.o
                0x08001868                RCC_APB1PeriphResetCmd
 .text.RCC_APB2PeriphResetCmd
                0x080018a4       0x3c ..\obj\stm32f4xx_rcc.o
                0x080018a4                RCC_APB2PeriphResetCmd
 .text.inputProcessingInit
                0x080018e0      0x124 ..\obj\inputProcessing.o
                0x080018e0                inputProcessingInit
 .text.TIM7_IRQHandler
                0x08001a04      0x470 ..\obj\inputProcessing.o
                0x08001a04                TIM7_IRQHandler
 .text.ADC_Init
                0x08001e74       0xa8 ..\obj\stm32f4xx_adc.o
                0x08001e74                ADC_Init
 .text.ADC_CommonInit
                0x08001f1c       0x50 ..\obj\stm32f4xx_adc.o
                0x08001f1c                ADC_CommonInit
 .text.ADC_Cmd  0x08001f6c       0x38 ..\obj\stm32f4xx_adc.o
                0x08001f6c                ADC_Cmd
 .text.ADC_RegularChannelConfig
                0x08001fa4      0x194 ..\obj\stm32f4xx_adc.o
                0x08001fa4                ADC_RegularChannelConfig
 .text.ADC_SoftwareStartConv
                0x08002138       0x20 ..\obj\stm32f4xx_adc.o
                0x08002138                ADC_SoftwareStartConv
 .text.ADC_DMACmd
                0x08002158       0x38 ..\obj\stm32f4xx_adc.o
                0x08002158                ADC_DMACmd
 .text.ADC_DMARequestAfterLastTransferCmd
                0x08002190       0x38 ..\obj\stm32f4xx_adc.o
                0x08002190                ADC_DMARequestAfterLastTransferCmd
 .text.saveBank
                0x080021c8      0x3cc ..\obj\saveBanks.o
                0x080021c8                saveBank
 .text.loadBank
                0x08002594      0x410 ..\obj\saveBanks.o
                0x08002594                loadBank
 .text.sevenSegmentInit
                0x080029a4      0x148 ..\obj\sevenSegment.o
                0x080029a4                sevenSegmentInit
 .text.sevenSegmentIntToDisplay
                0x08002aec      0x56c ..\obj\sevenSegment.o
                0x08002aec                sevenSegmentIntToDisplay
 .text.GPIO_Init
                0x08003058      0x11c ..\obj\stm32f4xx_gpio.o
                0x08003058                GPIO_Init
 .text.GPIO_StructInit
                0x08003174       0x34 ..\obj\stm32f4xx_gpio.o
                0x08003174                GPIO_StructInit
 .text.GPIO_ReadInputDataBit
                0x080031a8       0x34 ..\obj\stm32f4xx_gpio.o
                0x080031a8                GPIO_ReadInputDataBit
 .text.GPIO_SetBits
                0x080031dc       0x1c ..\obj\stm32f4xx_gpio.o
                0x080031dc                GPIO_SetBits
 .text.GPIO_ResetBits
                0x080031f8       0x1c ..\obj\stm32f4xx_gpio.o
                0x080031f8                GPIO_ResetBits
 .text.GPIO_ToggleBits
                0x08003214       0x24 ..\obj\stm32f4xx_gpio.o
                0x08003214                GPIO_ToggleBits
 .text.GPIO_PinAFConfig
                0x08003238       0x90 ..\obj\stm32f4xx_gpio.o
                0x08003238                GPIO_PinAFConfig
 .text.FLASH_EraseSector
                0x080032c8       0xc0 ..\obj\stm32f4xx_flash.o
                0x080032c8                FLASH_EraseSector
 .text.FLASH_ProgramHalfWord
                0x08003388       0x6c ..\obj\stm32f4xx_flash.o
                0x08003388                FLASH_ProgramHalfWord
 .text.FLASH_GetStatus
                0x080033f4       0x68 ..\obj\stm32f4xx_flash.o
                0x080033f4                FLASH_GetStatus
 .text.FLASH_WaitForLastOperation
                0x0800345c       0x30 ..\obj\stm32f4xx_flash.o
                0x0800345c                FLASH_WaitForLastOperation
 .text          0x0800348c       0x26 ..\obj\sh_cmd.o
                0x0800348c                SH_DoCommand
                0x0800349e                HardFault_Handler
 *fill*         0x080034b2        0x2 
 .text.SystemInit
                0x080034b4       0x5c ..\obj\system_stm32f4xx.o
                0x080034b4                SystemInit
 .text.SetSysClock
                0x08003510       0xf4 ..\obj\system_stm32f4xx.o
 .text.DMA_DeInit
                0x08003604      0x1a4 ..\obj\stm32f4xx_dma.o
                0x08003604                DMA_DeInit
 .text.DMA_Init
                0x080037a8       0xac ..\obj\stm32f4xx_dma.o
                0x080037a8                DMA_Init
 .text.DMA_Cmd  0x08003854       0x38 ..\obj\stm32f4xx_dma.o
                0x08003854                DMA_Cmd
 .text.DMA_DoubleBufferModeConfig
                0x0800388c       0x3c ..\obj\stm32f4xx_dma.o
                0x0800388c                DMA_DoubleBufferModeConfig
 .text.DMA_DoubleBufferModeCmd
                0x080038c8       0x38 ..\obj\stm32f4xx_dma.o
                0x080038c8                DMA_DoubleBufferModeCmd
 .text.DMA_ITConfig
                0x08003900       0x74 ..\obj\stm32f4xx_dma.o
                0x08003900                DMA_ITConfig
 .text.DMA_GetITStatus
                0x08003974       0xac ..\obj\stm32f4xx_dma.o
                0x08003974                DMA_GetITStatus
 .text.DMA_ClearITPendingBit
                0x08003a20       0x5c ..\obj\stm32f4xx_dma.o
                0x08003a20                DMA_ClearITPendingBit
 .text.SPI_I2S_DeInit
                0x08003a7c       0x74 ..\obj\stm32f4xx_spi.o
                0x08003a7c                SPI_I2S_DeInit
 .text.I2S_Init
                0x08003af0      0x1b4 ..\obj\stm32f4xx_spi.o
                0x08003af0                I2S_Init
 .text.I2S_Cmd  0x08003ca4       0x40 ..\obj\stm32f4xx_spi.o
                0x08003ca4                I2S_Cmd
 .text.SPI_I2S_DMACmd
                0x08003ce4       0x48 ..\obj\stm32f4xx_spi.o
                0x08003ce4                SPI_I2S_DMACmd
 .text.SPI_I2S_ITConfig
                0x08003d2c       0x60 ..\obj\stm32f4xx_spi.o
                0x08003d2c                SPI_I2S_ITConfig
 .text.I2C_DeInit
                0x08003d8c       0x74 ..\obj\stm32f4xx_i2c.o
                0x08003d8c                I2C_DeInit
 .text.I2C_Init
                0x08003e00      0x184 ..\obj\stm32f4xx_i2c.o
                0x08003e00                I2C_Init
 .text.I2C_Cmd  0x08003f84       0x40 ..\obj\stm32f4xx_i2c.o
                0x08003f84                I2C_Cmd
 .text.I2C_GenerateSTART
                0x08003fc4       0x40 ..\obj\stm32f4xx_i2c.o
                0x08003fc4                I2C_GenerateSTART
 .text.I2C_GenerateSTOP
                0x08004004       0x40 ..\obj\stm32f4xx_i2c.o
                0x08004004                I2C_GenerateSTOP
 .text.I2C_Send7bitAddress
                0x08004044       0x3c ..\obj\stm32f4xx_i2c.o
                0x08004044                I2C_Send7bitAddress
 .text.I2C_AcknowledgeConfig
                0x08004080       0x40 ..\obj\stm32f4xx_i2c.o
                0x08004080                I2C_AcknowledgeConfig
 .text.I2C_SendData
                0x080040c0       0x20 ..\obj\stm32f4xx_i2c.o
                0x080040c0                I2C_SendData
 .text.I2C_ReceiveData
                0x080040e0       0x1c ..\obj\stm32f4xx_i2c.o
                0x080040e0                I2C_ReceiveData
 .text.I2C_CheckEvent
                0x080040fc       0x60 ..\obj\stm32f4xx_i2c.o
                0x080040fc                I2C_CheckEvent
 .text.I2C_GetFlagStatus
                0x0800415c       0x64 ..\obj\stm32f4xx_i2c.o
                0x0800415c                I2C_GetFlagStatus
 .text.NVIC_Init
                0x080041c0       0xc0 ..\obj\misc.o
                0x080041c0                NVIC_Init
 .text.ADC1_Poti_Init
                0x08004280      0x1a0 ..\obj\adc_multichannel_init.o
                0x08004280                ADC1_Poti_Init
 .text.Get_ADC_Values
                0x08004420       0x90 ..\obj\adc_multichannel_init.o
                0x08004420                Get_ADC_Values
 .text.Get_Lock_Values
                0x080044b0       0xa4 ..\obj\adc_multichannel_init.o
                0x080044b0                Get_Lock_Values
 .text.Get_Mean_Values
                0x08004554       0xf8 ..\obj\adc_multichannel_init.o
                0x08004554                Get_Mean_Values
 .text.TIM_TimeBaseInit
                0x0800464c       0xd4 ..\obj\stm32f4xx_tim.o
                0x0800464c                TIM_TimeBaseInit
 .text.TIM_Cmd  0x08004720       0x40 ..\obj\stm32f4xx_tim.o
                0x08004720                TIM_Cmd
 .text.TIM_ITConfig
                0x08004760       0x48 ..\obj\stm32f4xx_tim.o
                0x08004760                TIM_ITConfig
 .text.TIM_ClearITPendingBit
                0x080047a8       0x20 ..\obj\stm32f4xx_tim.o
                0x080047a8                TIM_ClearITPendingBit
 .text.EE_ReadVariable
                0x080047c8       0x94 ..\obj\eeprom.o
                0x080047c8                EE_ReadVariable
 .text.EE_WriteVariable
                0x0800485c       0x44 ..\obj\eeprom.o
                0x0800485c                EE_WriteVariable
 .text.EE_FindValidPage
                0x080048a0       0x88 ..\obj\eeprom.o
 .text.EE_VerifyPageFullWriteVariable
                0x08004928       0xb0 ..\obj\eeprom.o
 .text.EE_PageTransfer
                0x080049d8      0x138 ..\obj\eeprom.o
 .text.pow      0x08004b10      0x2f0 c:/program files (x86)/gnu tools arm embedded/5.4 2016q2/bin/../lib/gcc/arm-none-eabi/5.4.1/../../../../arm-none-eabi/lib/armv7e-m\libm.a(lib_a-w_pow.o)
                0x08004b10                pow
 .text.__ieee754_pow
                0x08004e00      0xab4 c:/program files (x86)/gnu tools arm embedded/5.4 2016q2/bin/../lib/gcc/arm-none-eabi/5.4.1/../../../../arm-none-eabi/lib/armv7e-m\libm.a(lib_a-e_pow.o)
                0x08004e00                __ieee754_pow
 .text.__ieee754_sqrt
                0x080058b4      0x180 c:/program files (x86)/gnu tools arm embedded/5.4 2016q2/bin/../lib/gcc/arm-none-eabi/5.4.1/../../../../arm-none-eabi/lib/armv7e-m\libm.a(lib_a-e_sqrt.o)
                0x080058b4                __ieee754_sqrt
 .text.fabs     0x08005a34        0x8 c:/program files (x86)/gnu tools arm embedded/5.4 2016q2/bin/../lib/gcc/arm-none-eabi/5.4.1/../../../../arm-none-eabi/lib/armv7e-m\libm.a(lib_a-s_fabs.o)
                0x08005a34                fabs
 .text.finite   0x08005a3c        0xc c:/program files (x86)/gnu tools arm embedded/5.4 2016q2/bin/../lib/gcc/arm-none-eabi/5.4.1/../../../../arm-none-eabi/lib/armv7e-m\libm.a(lib_a-s_finite.o)
                0x08005a3c                finite
 .text.matherr  0x08005a48        0x4 c:/program files (x86)/gnu tools arm embedded/5.4 2016q2/bin/../lib/gcc/arm-none-eabi/5.4.1/../../../../arm-none-eabi/lib/armv7e-m\libm.a(lib_a-s_matherr.o)
                0x08005a48                matherr
 .text.nan      0x08005a4c        0xc c:/program files (x86)/gnu tools arm embedded/5.4 2016q2/bin/../lib/gcc/arm-none-eabi/5.4.1/../../../../arm-none-eabi/lib/armv7e-m\libm.a(lib_a-s_nan.o)
                0x08005a4c                nan
 .text.rint     0x08005a58      0x118 c:/program files (x86)/gnu tools arm embedded/5.4 2016q2/bin/../lib/gcc/arm-none-eabi/5.4.1/../../../../arm-none-eabi/lib/armv7e-m\libm.a(lib_a-s_rint.o)
                0x08005a58                rint
 .text.scalbn   0x08005b70       0xfc c:/program files (x86)/gnu tools arm embedded/5.4 2016q2/bin/../lib/gcc/arm-none-eabi/5.4.1/../../../../arm-none-eabi/lib/armv7e-m\libm.a(lib_a-s_scalbn.o)
                0x08005b70                scalbn
 .text.copysign
                0x08005c6c       0x10 c:/program files (x86)/gnu tools arm embedded/5.4 2016q2/bin/../lib/gcc/arm-none-eabi/5.4.1/../../../../arm-none-eabi/lib/armv7e-m\libm.a(lib_a-s_copysign.o)
                0x08005c6c                copysign
 .text          0x08005c7c      0x370 c:/program files (x86)/gnu tools arm embedded/5.4 2016q2/bin/../lib/gcc/arm-none-eabi/5.4.1/armv7e-m\libgcc.a(_arm_addsubdf3.o)
                0x08005c7c                __aeabi_drsub
                0x08005c84                __aeabi_dsub
                0x08005c84                __subdf3
                0x08005c88                __aeabi_dadd
                0x08005c88                __adddf3
                0x08005f00                __floatunsidf
                0x08005f00                __aeabi_ui2d
                0x08005f20                __floatsidf
                0x08005f20                __aeabi_i2d
                0x08005f44                __aeabi_f2d
                0x08005f44                __extendsfdf2
                0x08005f80                __floatundidf
                0x08005f80                __aeabi_ul2d
                0x08005f90                __floatdidf
                0x08005f90                __aeabi_l2d
 .text          0x08005fec      0x424 c:/program files (x86)/gnu tools arm embedded/5.4 2016q2/bin/../lib/gcc/arm-none-eabi/5.4.1/armv7e-m\libgcc.a(_arm_muldivdf3.o)
                0x08005fec                __aeabi_dmul
                0x08005fec                __muldf3
                0x08006240                __divdf3
                0x08006240                __aeabi_ddiv
 .text          0x08006410      0x110 c:/program files (x86)/gnu tools arm embedded/5.4 2016q2/bin/../lib/gcc/arm-none-eabi/5.4.1/armv7e-m\libgcc.a(_arm_cmpdf2.o)
                0x08006410                __gtdf2
                0x08006410                __gedf2
                0x08006418                __ltdf2
                0x08006418                __ledf2
                0x08006420                __nedf2
                0x08006420                __eqdf2
                0x08006420                __cmpdf2
                0x0800649c                __aeabi_cdrcmple
                0x080064ac                __aeabi_cdcmpeq
                0x080064ac                __aeabi_cdcmple
                0x080064bc                __aeabi_dcmpeq
                0x080064d0                __aeabi_dcmplt
                0x080064e4                __aeabi_dcmple
                0x080064f8                __aeabi_dcmpge
                0x0800650c                __aeabi_dcmpgt
 .text          0x08006520       0x2c c:/program files (x86)/gnu tools arm embedded/5.4 2016q2/bin/../lib/gcc/arm-none-eabi/5.4.1/armv7e-m\libgcc.a(_arm_unorddf2.o)
                0x08006520                __unorddf2
                0x08006520                __aeabi_dcmpun
 .text          0x0800654c       0x50 c:/program files (x86)/gnu tools arm embedded/5.4 2016q2/bin/../lib/gcc/arm-none-eabi/5.4.1/armv7e-m\libgcc.a(_arm_fixdfsi.o)
                0x0800654c                __aeabi_d2iz
                0x0800654c                __fixdfsi
 .text          0x0800659c       0x40 c:/program files (x86)/gnu tools arm embedded/5.4 2016q2/bin/../lib/gcc/arm-none-eabi/5.4.1/armv7e-m\libgcc.a(_arm_fixunsdfsi.o)
                0x0800659c                __aeabi_d2uiz
                0x0800659c                __fixunsdfsi
 .text.__errno  0x080065dc        0xc c:/program files (x86)/gnu tools arm embedded/5.4 2016q2/bin/../lib/gcc/arm-none-eabi/5.4.1/../../../../arm-none-eabi/lib/armv7e-m\libg.a(lib_a-errno.o)
                0x080065dc                __errno
 *(.init)
 *(.fini)
 *crtbegin.o(.ctors)
 *crtbegin?.o(.ctors)
 *(EXCLUDE_FILE(*crtend.o *crtend?.o) .ctors)
 *(SORT(.ctors.*))
 *(.ctors)
 *crtbegin.o(.dtors)
 *crtbegin?.o(.dtors)
 *(EXCLUDE_FILE(*crtend.o *crtend?.o) .dtors)
 *(SORT(.dtors.*))
 *(.dtors)
 *(.rodata*)
 .rodata        0x080065e8    0x21000 ..\obj\main.o
                0x080065e8                Table_Saw_Wave
                0x080115e8                Table_Triangle_Wave
                0x0801c5e8                Table_Rect_Wave
                0x080265e8                Table_Sine_Wave
 .rodata.str1.4
                0x080275e8        0x4 c:/program files (x86)/gnu tools arm embedded/5.4 2016q2/bin/../lib/gcc/arm-none-eabi/5.4.1/../../../../arm-none-eabi/lib/armv7e-m\libm.a(lib_a-w_pow.o)
 .rodata.str1.4
                0x080275ec        0x4 c:/program files (x86)/gnu tools arm embedded/5.4 2016q2/bin/../lib/gcc/arm-none-eabi/5.4.1/../../../../arm-none-eabi/lib/armv7e-m\libm.a(lib_a-e_pow.o)
                                  0x1 (size before relaxing)
 .rodata.TWO52  0x080275f0       0x10 c:/program files (x86)/gnu tools arm embedded/5.4 2016q2/bin/../lib/gcc/arm-none-eabi/5.4.1/../../../../arm-none-eabi/lib/armv7e-m\libm.a(lib_a-s_rint.o)
 *(.eh_fram e*)

.glue_7         0x08027600        0x0
 .glue_7        0x08027600        0x0 linker stubs

.glue_7t        0x08027600        0x0
 .glue_7t       0x08027600        0x0 linker stubs

.vfp11_veneer   0x08027600        0x0
 .vfp11_veneer  0x08027600        0x0 linker stubs

.v4_bx          0x08027600        0x0
 .v4_bx         0x08027600        0x0 linker stubs

.iplt           0x08027600        0x0
 .iplt          0x08027600        0x0 ..\obj\semihosting.o

.rel.dyn        0x08027600        0x0
 .rel.iplt      0x08027600        0x0 ..\obj\semihosting.o

.ARM.extab
 *(.ARM.extab* .gnu.linkonce.armextab.*)
                0x08027600                __exidx_start = .

.ARM.exidx
 *(.ARM.exidx* .gnu.linkonce.armexidx.*)
                0x08027600                __exidx_end = .
                0x08027600                __etext = .
                0x08027600                _sidata = __etext

.data           0x20000000      0x440 load address 0x08027600
                0x20000000                __data_start__ = .
                0x20000000                _sdata = __data_start__
 *(vtable)
 *(.data*)
 .data          0x20000000       0x10 ..\obj\stm32f4xx_rcc.o
 .data          0x20000010      0x42c ..\obj\printf.o
                0x20000010                r
                0x20000438                _impure_ptr
 .data.__fdlib_version
                0x2000043c        0x1 c:/program files (x86)/gnu tools arm embedded/5.4 2016q2/bin/../lib/gcc/arm-none-eabi/5.4.1/../../../../arm-none-eabi/lib/armv7e-m\libm.a(lib_a-s_lib_ver.o)
                0x2000043c                __fdlib_version
                0x20000440                . = ALIGN (0x4)
 *fill*         0x2000043d        0x3 
                [!provide]                PROVIDE (__preinit_array_start, .)
 *(.preinit_array)
                [!provide]                PROVIDE (__preinit_array_end, .)
                0x20000440                . = ALIGN (0x4)
                [!provide]                PROVIDE (__init_array_start, .)
 *(SORT(.init_array.*))
 *(.init_array)
                [!provide]                PROVIDE (__init_array_end, .)
                0x20000440                . = ALIGN (0x4)
                [!provide]                PROVIDE (__fini_array_start, .)
 *(SORT(.fini_array.*))
 *(.fini_array)
                [!provide]                PROVIDE (__fini_array_end, .)
 *(.jcr*)
                0x20000440                . = ALIGN (0x4)
                0x20000440                __data_end__ = .
                0x20000440                _edata = __data_end__

.igot.plt       0x20000440        0x0 load address 0x08027a40
 .igot.plt      0x20000440        0x0 ..\obj\semihosting.o

.bss            0x20000440     0x1ed8 load address 0x08027a40
                0x20000440                . = ALIGN (0x4)
                0x20000440                __bss_start__ = .
                0x20000440                _sbss = __bss_start__
 *(.bss*)
 .bss           0x20000440        0x4 ..\obj\codec_configuration.o
 .bss           0x20000444       0x40 ..\obj\inputProcessing.o
 .bss           0x20000484        0x2 ..\obj\eeprom.o
                0x20000484                DataVar
 *(COMMON)
 *fill*         0x20000486        0x2 
 COMMON         0x20000488      0x47c ..\obj\codec_configuration.o
                0x20000488                VCO1_Output_Buffer
                0x20000588                Load_Save_Flag
                0x2000058c                VCO2_Lock
                0x20000594                VCO2
                0x200005b4                Bank_Value
                0x200005b5                Transfer_Complete_Flag
                0x200005b8                I2S_Init_Struct
                0x200005c8                Menu_Flag
                0x200005cc                VCO2_Output_Buffer
                0x200006cc                I2C_Init_Struct
                0x200006dc                VCO1_Lock
                0x200006e3                Save_Flag
                0x200006e4                i2s_Out
                0x200008e4                VCO1
 COMMON         0x20000904     0x1a12 ..\obj\main.o
                0x20000904                out2Active
                0x20000908                VirtAddVarTab
                0x20001bc8                ADC_Buffer
                0x20001bd6                out1Active
                0x20001bd8                ADC_Mean_Differences
                0x20001be8                ADC_Mean_Values
                0x20001bf6                recActive
                0x20001bf7                linlogActive
                0x20001bf8                ADC_Differences
                0x20001c06                holdActive
                0x20001c08                Input_Mean_Buffer
                0x20002308                ADC_Values
                0x20002318                . = ALIGN (0x4)
 *fill*         0x20002316        0x2 
                0x20002318                __bss_end__ = .
                0x20002318                _ebss = __bss_end__

.heap           0x20002318        0x0
                0x20002318                __end__ = .
                0x20002318                _end = __end__
                0x20002318                end = __end__
 *(.heap*)
                0x20002318                __HeapLimit = .

.co_stack       0x20002318      0x800 load address 0x08029918
                0x20002318                . = ALIGN (0x8)
 *(.co_stack .co_stack.*)
 .co_stack      0x20002318      0x800 ..\obj\startup_stm32f4xx.o
                0x20002318                pulStack
                0x20020000                __StackTop = (ORIGIN (ram) + LENGTH (ram))
                0x2001f800                __StackLimit = (__StackTop - SIZEOF (.co_stack))
                [!provide]                PROVIDE (__stack, __StackTop)
                0x00000001                ASSERT ((__StackLimit >= __HeapLimit), region ram  overflowed with stack)
LOAD ..\obj\semihosting.o
LOAD ..\obj\codec_configuration.o
LOAD ..\obj\stm32f4xx_pwr.o
LOAD ..\obj\stm32f4xx_dac.o
LOAD ..\obj\startup_stm32f4xx.o
LOAD ..\obj\main.o
LOAD ..\obj\stm32f4xx_rcc.o
LOAD ..\obj\inputProcessing.o
LOAD ..\obj\stm32f4xx_adc.o
LOAD ..\obj\printf.o
LOAD ..\obj\saveBanks.o
LOAD ..\obj\sevenSegment.o
LOAD ..\obj\stm32f4xx_gpio.o
LOAD ..\obj\stm32f4xx_flash.o
LOAD ..\obj\sh_cmd.o
LOAD ..\obj\system_stm32f4xx.o
LOAD ..\obj\syscalls.o
LOAD ..\obj\stm32f4xx_dma.o
LOAD ..\obj\stm32f4xx_spi.o
LOAD ..\obj\stm32f4xx_i2c.o
LOAD ..\obj\stm32f4xx_exti.o
LOAD ..\obj\misc.o
LOAD ..\obj\adc_multichannel_init.o
LOAD ..\obj\stm32f4xx_tim.o
LOAD ..\obj\eeprom.o
LOAD c:/program files (x86)/gnu tools arm embedded/5.4 2016q2/bin/../lib/gcc/arm-none-eabi/5.4.1/../../../../arm-none-eabi/lib/armv7e-m\libm.a
START GROUP
LOAD c:/program files (x86)/gnu tools arm embedded/5.4 2016q2/bin/../lib/gcc/arm-none-eabi/5.4.1/armv7e-m\libgcc.a
LOAD c:/program files (x86)/gnu tools arm embedded/5.4 2016q2/bin/../lib/gcc/arm-none-eabi/5.4.1/../../../../arm-none-eabi/lib/armv7e-m\libg.a
LOAD c:/program files (x86)/gnu tools arm embedded/5.4 2016q2/bin/../lib/gcc/arm-none-eabi/5.4.1/../../../../arm-none-eabi/lib/armv7e-m\libc.a
END GROUP
OUTPUT(VCO_Firmware_V0.elf elf32-littlearm)

.debug_info     0x00000000     0xb0e5
 .debug_info    0x00000000      0xd11 ..\obj\codec_configuration.o
 .debug_info    0x00000d11       0xf2 ..\obj\startup_stm32f4xx.o
 .debug_info    0x00000e03      0x94f ..\obj\main.o
 .debug_info    0x00001752      0xc63 ..\obj\stm32f4xx_rcc.o
 .debug_info    0x000023b5      0xb5e ..\obj\inputProcessing.o
 .debug_info    0x00002f13      0xc40 ..\obj\stm32f4xx_adc.o
 .debug_info    0x00003b53      0xe3d ..\obj\printf.o
 .debug_info    0x00004990      0x376 ..\obj\saveBanks.o
 .debug_info    0x00004d06      0x2f5 ..\obj\sevenSegment.o
 .debug_info    0x00004ffb      0x61a ..\obj\stm32f4xx_gpio.o
 .debug_info    0x00005615      0x727 ..\obj\stm32f4xx_flash.o
 .debug_info    0x00005d3c       0xab ..\obj\sh_cmd.o
 .debug_info    0x00005de7      0x5c5 ..\obj\system_stm32f4xx.o
 .debug_info    0x000063ac      0x741 ..\obj\stm32f4xx_dma.o
 .debug_info    0x00006aed      0xb0f ..\obj\stm32f4xx_spi.o
 .debug_info    0x000075fc      0xb00 ..\obj\stm32f4xx_i2c.o
 .debug_info    0x000080fc      0x556 ..\obj\misc.o
 .debug_info    0x00008652      0x9f3 ..\obj\adc_multichannel_init.o
 .debug_info    0x00009045     0x1c69 ..\obj\stm32f4xx_tim.o
 .debug_info    0x0000acae      0x437 ..\obj\eeprom.o

.debug_abbrev   0x00000000     0x1bd4
 .debug_abbrev  0x00000000      0x1cc ..\obj\codec_configuration.o
 .debug_abbrev  0x000001cc       0xb0 ..\obj\startup_stm32f4xx.o
 .debug_abbrev  0x0000027c      0x1e5 ..\obj\main.o
 .debug_abbrev  0x00000461      0x1e5 ..\obj\stm32f4xx_rcc.o
 .debug_abbrev  0x00000646      0x15b ..\obj\inputProcessing.o
 .debug_abbrev  0x000007a1      0x198 ..\obj\stm32f4xx_adc.o
 .debug_abbrev  0x00000939      0x262 ..\obj\printf.o
 .debug_abbrev  0x00000b9b       0xdc ..\obj\saveBanks.o
 .debug_abbrev  0x00000c77      0x112 ..\obj\sevenSegment.o
 .debug_abbrev  0x00000d89      0x1a7 ..\obj\stm32f4xx_gpio.o
 .debug_abbrev  0x00000f30      0x1b2 ..\obj\stm32f4xx_flash.o
 .debug_abbrev  0x000010e2       0x14 ..\obj\sh_cmd.o
 .debug_abbrev  0x000010f6      0x138 ..\obj\system_stm32f4xx.o
 .debug_abbrev  0x0000122e      0x157 ..\obj\stm32f4xx_dma.o
 .debug_abbrev  0x00001385      0x169 ..\obj\stm32f4xx_spi.o
 .debug_abbrev  0x000014ee      0x166 ..\obj\stm32f4xx_i2c.o
 .debug_abbrev  0x00001654      0x147 ..\obj\misc.o
 .debug_abbrev  0x0000179b      0x166 ..\obj\adc_multichannel_init.o
 .debug_abbrev  0x00001901      0x189 ..\obj\stm32f4xx_tim.o
 .debug_abbrev  0x00001a8a      0x14a ..\obj\eeprom.o

.debug_aranges  0x00000000      0xcf8
 .debug_aranges
                0x00000000       0x48 ..\obj\codec_configuration.o
 .debug_aranges
                0x00000048       0x28 ..\obj\startup_stm32f4xx.o
 .debug_aranges
                0x00000070       0x58 ..\obj\main.o
 .debug_aranges
                0x000000c8      0x178 ..\obj\stm32f4xx_rcc.o
 .debug_aranges
                0x00000240       0x28 ..\obj\inputProcessing.o
 .debug_aranges
                0x00000268      0x148 ..\obj\stm32f4xx_adc.o
 .debug_aranges
                0x000003b0       0xa0 ..\obj\printf.o
 .debug_aranges
                0x00000450       0x30 ..\obj\saveBanks.o
 .debug_aranges
                0x00000480       0x28 ..\obj\sevenSegment.o
 .debug_aranges
                0x000004a8       0x88 ..\obj\stm32f4xx_gpio.o
 .debug_aranges
                0x00000530      0x108 ..\obj\stm32f4xx_flash.o
 .debug_aranges
                0x00000638       0x20 ..\obj\sh_cmd.o
 .debug_aranges
                0x00000658       0x30 ..\obj\system_stm32f4xx.o
 .debug_aranges
                0x00000688       0xb0 ..\obj\stm32f4xx_dma.o
 .debug_aranges
                0x00000738       0xe0 ..\obj\stm32f4xx_spi.o
 .debug_aranges
                0x00000818      0x120 ..\obj\stm32f4xx_i2c.o
 .debug_aranges
                0x00000938       0x40 ..\obj\misc.o
 .debug_aranges
                0x00000978       0x38 ..\obj\adc_multichannel_init.o
 .debug_aranges
                0x000009b0      0x2f8 ..\obj\stm32f4xx_tim.o
 .debug_aranges
                0x00000ca8       0x50 ..\obj\eeprom.o

.debug_ranges   0x00000000      0xba8
 .debug_ranges  0x00000000       0x38 ..\obj\codec_configuration.o
 .debug_ranges  0x00000038       0x18 ..\obj\startup_stm32f4xx.o
 .debug_ranges  0x00000050       0x48 ..\obj\main.o
 .debug_ranges  0x00000098      0x168 ..\obj\stm32f4xx_rcc.o
 .debug_ranges  0x00000200       0x18 ..\obj\inputProcessing.o
 .debug_ranges  0x00000218      0x138 ..\obj\stm32f4xx_adc.o
 .debug_ranges  0x00000350       0x90 ..\obj\printf.o
 .debug_ranges  0x000003e0       0x20 ..\obj\saveBanks.o
 .debug_ranges  0x00000400       0x18 ..\obj\sevenSegment.o
 .debug_ranges  0x00000418       0x78 ..\obj\stm32f4xx_gpio.o
 .debug_ranges  0x00000490       0xf8 ..\obj\stm32f4xx_flash.o
 .debug_ranges  0x00000588       0x20 ..\obj\system_stm32f4xx.o
 .debug_ranges  0x000005a8       0xa0 ..\obj\stm32f4xx_dma.o
 .debug_ranges  0x00000648       0xd0 ..\obj\stm32f4xx_spi.o
 .debug_ranges  0x00000718      0x110 ..\obj\stm32f4xx_i2c.o
 .debug_ranges  0x00000828       0x30 ..\obj\misc.o
 .debug_ranges  0x00000858       0x28 ..\obj\adc_multichannel_init.o
 .debug_ranges  0x00000880      0x2e8 ..\obj\stm32f4xx_tim.o
 .debug_ranges  0x00000b68       0x40 ..\obj\eeprom.o

.debug_line     0x00000000     0x4d74
 .debug_line    0x00000000      0x44d ..\obj\codec_configuration.o
 .debug_line    0x0000044d       0xa3 ..\obj\startup_stm32f4xx.o
 .debug_line    0x000004f0      0x4b5 ..\obj\main.o
 .debug_line    0x000009a5      0x5cd ..\obj\stm32f4xx_rcc.o
 .debug_line    0x00000f72      0x362 ..\obj\inputProcessing.o
 .debug_line    0x000012d4      0x585 ..\obj\stm32f4xx_adc.o
 .debug_line    0x00001859      0x379 ..\obj\printf.o
 .debug_line    0x00001bd2      0x278 ..\obj\saveBanks.o
 .debug_line    0x00001e4a      0x281 ..\obj\sevenSegment.o
 .debug_line    0x000020cb      0x388 ..\obj\stm32f4xx_gpio.o
 .debug_line    0x00002453      0x4a6 ..\obj\stm32f4xx_flash.o
 .debug_line    0x000028f9       0x81 ..\obj\sh_cmd.o
 .debug_line    0x0000297a      0x206 ..\obj\system_stm32f4xx.o
 .debug_line    0x00002b80      0x452 ..\obj\stm32f4xx_dma.o
 .debug_line    0x00002fd2      0x481 ..\obj\stm32f4xx_spi.o
 .debug_line    0x00003453      0x513 ..\obj\stm32f4xx_i2c.o
 .debug_line    0x00003966      0x266 ..\obj\misc.o
 .debug_line    0x00003bcc      0x39a ..\obj\adc_multichannel_init.o
 .debug_line    0x00003f66      0xae9 ..\obj\stm32f4xx_tim.o
 .debug_line    0x00004a4f      0x325 ..\obj\eeprom.o

.debug_str      0x00000000     0x434c
 .debug_str     0x00000000      0xdfa ..\obj\codec_configuration.o
                                0xe74 (size before relaxing)
 .debug_str     0x00000dfa       0xb2 ..\obj\startup_stm32f4xx.o
                                0x149 (size before relaxing)
 .debug_str     0x00000eac      0x2a6 ..\obj\main.o
                                0x7b4 (size before relaxing)
 .debug_str     0x00001152      0x651 ..\obj\stm32f4xx_rcc.o
                                0x852 (size before relaxing)
 .debug_str     0x000017a3      0x24c ..\obj\inputProcessing.o
                                0xd40 (size before relaxing)
 .debug_str     0x000019ef      0x643 ..\obj\stm32f4xx_adc.o
                                0x806 (size before relaxing)
 .debug_str     0x00002032      0x4c3 ..\obj\printf.o
                                0x679 (size before relaxing)
 .debug_str     0x000024f5       0x89 ..\obj\saveBanks.o
                                0x3a8 (size before relaxing)
 .debug_str     0x0000257e       0x94 ..\obj\sevenSegment.o
                                0x39c (size before relaxing)
 .debug_str     0x00002612      0x1a5 ..\obj\stm32f4xx_gpio.o
                                0x4a5 (size before relaxing)
 .debug_str     0x000027b7      0x3cd ..\obj\stm32f4xx_flash.o
                                0x594 (size before relaxing)
 .debug_str     0x00002b84       0xfe ..\obj\system_stm32f4xx.o
                                0x3ac (size before relaxing)
 .debug_str     0x00002c82      0x25a ..\obj\stm32f4xx_dma.o
                                0x544 (size before relaxing)
 .debug_str     0x00002edc      0x320 ..\obj\stm32f4xx_spi.o
                                0x68c (size before relaxing)
 .debug_str     0x000031fc      0x342 ..\obj\stm32f4xx_i2c.o
                                0x667 (size before relaxing)
 .debug_str     0x0000353e      0x15c ..\obj\misc.o
                                0x3d0 (size before relaxing)
 .debug_str     0x0000369a       0xd8 ..\obj\adc_multichannel_init.o
                                0x8dd (size before relaxing)
 .debug_str     0x00003772      0xa88 ..\obj\stm32f4xx_tim.o
                                0xdd2 (size before relaxing)
 .debug_str     0x000041fa      0x152 ..\obj\eeprom.o
                                0x38d (size before relaxing)

.comment        0x00000000       0x6e
 .comment       0x00000000       0x6e ..\obj\codec_configuration.o
                                 0x6f (size before relaxing)
 .comment       0x0000006e       0x6f ..\obj\startup_stm32f4xx.o
 .comment       0x0000006e       0x6f ..\obj\main.o
 .comment       0x0000006e       0x6f ..\obj\stm32f4xx_rcc.o
 .comment       0x0000006e       0x6f ..\obj\inputProcessing.o
 .comment       0x0000006e       0x6f ..\obj\stm32f4xx_adc.o
 .comment       0x0000006e       0x6f ..\obj\printf.o
 .comment       0x0000006e       0x6f ..\obj\saveBanks.o
 .comment       0x0000006e       0x6f ..\obj\sevenSegment.o
 .comment       0x0000006e       0x6f ..\obj\stm32f4xx_gpio.o
 .comment       0x0000006e       0x6f ..\obj\stm32f4xx_flash.o
 .comment       0x0000006e       0x6f ..\obj\system_stm32f4xx.o
 .comment       0x0000006e       0x6f ..\obj\stm32f4xx_dma.o
 .comment       0x0000006e       0x6f ..\obj\stm32f4xx_spi.o
 .comment       0x0000006e       0x6f ..\obj\stm32f4xx_i2c.o
 .comment       0x0000006e       0x6f ..\obj\misc.o
 .comment       0x0000006e       0x6f ..\obj\adc_multichannel_init.o
 .comment       0x0000006e       0x6f ..\obj\stm32f4xx_tim.o
 .comment       0x0000006e       0x6f ..\obj\eeprom.o

.ARM.attributes
                0x00000000       0x31
 .ARM.attributes
                0x00000000       0x33 ..\obj\codec_configuration.o
 .ARM.attributes
                0x00000033       0x33 ..\obj\startup_stm32f4xx.o
 .ARM.attributes
                0x00000066       0x33 ..\obj\main.o
 .ARM.attributes
                0x00000099       0x33 ..\obj\stm32f4xx_rcc.o
 .ARM.attributes
                0x000000cc       0x33 ..\obj\inputProcessing.o
 .ARM.attributes
                0x000000ff       0x33 ..\obj\stm32f4xx_adc.o
 .ARM.attributes
                0x00000132       0x33 ..\obj\printf.o
 .ARM.attributes
                0x00000165       0x33 ..\obj\saveBanks.o
 .ARM.attributes
                0x00000198       0x33 ..\obj\sevenSegment.o
 .ARM.attributes
                0x000001cb       0x33 ..\obj\stm32f4xx_gpio.o
 .ARM.attributes
                0x000001fe       0x33 ..\obj\stm32f4xx_flash.o
 .ARM.attributes
                0x00000231       0x21 ..\obj\sh_cmd.o
 .ARM.attributes
                0x00000252       0x33 ..\obj\system_stm32f4xx.o
 .ARM.attributes
                0x00000285       0x33 ..\obj\stm32f4xx_dma.o
 .ARM.attributes
                0x000002b8       0x33 ..\obj\stm32f4xx_spi.o
 .ARM.attributes
                0x000002eb       0x33 ..\obj\stm32f4xx_i2c.o
 .ARM.attributes
                0x0000031e       0x33 ..\obj\misc.o
 .ARM.attributes
                0x00000351       0x33 ..\obj\adc_multichannel_init.o
 .ARM.attributes
                0x00000384       0x33 ..\obj\stm32f4xx_tim.o
 .ARM.attributes
                0x000003b7       0x33 ..\obj\eeprom.o
 .ARM.attributes
                0x000003ea       0x2e c:/program files (x86)/gnu tools arm embedded/5.4 2016q2/bin/../lib/gcc/arm-none-eabi/5.4.1/../../../../arm-none-eabi/lib/armv7e-m\libm.a(lib_a-w_pow.o)
 .ARM.attributes
                0x00000418       0x2e c:/program files (x86)/gnu tools arm embedded/5.4 2016q2/bin/../lib/gcc/arm-none-eabi/5.4.1/../../../../arm-none-eabi/lib/armv7e-m\libm.a(lib_a-e_pow.o)
 .ARM.attributes
                0x00000446       0x2e c:/program files (x86)/gnu tools arm embedded/5.4 2016q2/bin/../lib/gcc/arm-none-eabi/5.4.1/../../../../arm-none-eabi/lib/armv7e-m\libm.a(lib_a-e_sqrt.o)
 .ARM.attributes
                0x00000474       0x2e c:/program files (x86)/gnu tools arm embedded/5.4 2016q2/bin/../lib/gcc/arm-none-eabi/5.4.1/../../../../arm-none-eabi/lib/armv7e-m\libm.a(lib_a-s_fabs.o)
 .ARM.attributes
                0x000004a2       0x2e c:/program files (x86)/gnu tools arm embedded/5.4 2016q2/bin/../lib/gcc/arm-none-eabi/5.4.1/../../../../arm-none-eabi/lib/armv7e-m\libm.a(lib_a-s_finite.o)
 .ARM.attributes
                0x000004d0       0x2e c:/program files (x86)/gnu tools arm embedded/5.4 2016q2/bin/../lib/gcc/arm-none-eabi/5.4.1/../../../../arm-none-eabi/lib/armv7e-m\libm.a(lib_a-s_lib_ver.o)
 .ARM.attributes
                0x000004fe       0x2e c:/program files (x86)/gnu tools arm embedded/5.4 2016q2/bin/../lib/gcc/arm-none-eabi/5.4.1/../../../../arm-none-eabi/lib/armv7e-m\libm.a(lib_a-s_matherr.o)
 .ARM.attributes
                0x0000052c       0x2e c:/program files (x86)/gnu tools arm embedded/5.4 2016q2/bin/../lib/gcc/arm-none-eabi/5.4.1/../../../../arm-none-eabi/lib/armv7e-m\libm.a(lib_a-s_nan.o)
 .ARM.attributes
                0x0000055a       0x2e c:/program files (x86)/gnu tools arm embedded/5.4 2016q2/bin/../lib/gcc/arm-none-eabi/5.4.1/../../../../arm-none-eabi/lib/armv7e-m\libm.a(lib_a-s_rint.o)
 .ARM.attributes
                0x00000588       0x2e c:/program files (x86)/gnu tools arm embedded/5.4 2016q2/bin/../lib/gcc/arm-none-eabi/5.4.1/../../../../arm-none-eabi/lib/armv7e-m\libm.a(lib_a-s_scalbn.o)
 .ARM.attributes
                0x000005b6       0x2e c:/program files (x86)/gnu tools arm embedded/5.4 2016q2/bin/../lib/gcc/arm-none-eabi/5.4.1/../../../../arm-none-eabi/lib/armv7e-m\libm.a(lib_a-s_copysign.o)
 .ARM.attributes
                0x000005e4       0x1e c:/program files (x86)/gnu tools arm embedded/5.4 2016q2/bin/../lib/gcc/arm-none-eabi/5.4.1/armv7e-m\libgcc.a(_arm_addsubdf3.o)
 .ARM.attributes
                0x00000602       0x1e c:/program files (x86)/gnu tools arm embedded/5.4 2016q2/bin/../lib/gcc/arm-none-eabi/5.4.1/armv7e-m\libgcc.a(_arm_muldivdf3.o)
 .ARM.attributes
                0x00000620       0x1e c:/program files (x86)/gnu tools arm embedded/5.4 2016q2/bin/../lib/gcc/arm-none-eabi/5.4.1/armv7e-m\libgcc.a(_arm_cmpdf2.o)
 .ARM.attributes
                0x0000063e       0x1e c:/program files (x86)/gnu tools arm embedded/5.4 2016q2/bin/../lib/gcc/arm-none-eabi/5.4.1/armv7e-m\libgcc.a(_arm_unorddf2.o)
 .ARM.attributes
                0x0000065c       0x1e c:/program files (x86)/gnu tools arm embedded/5.4 2016q2/bin/../lib/gcc/arm-none-eabi/5.4.1/armv7e-m\libgcc.a(_arm_fixdfsi.o)
 .ARM.attributes
                0x0000067a       0x1e c:/program files (x86)/gnu tools arm embedded/5.4 2016q2/bin/../lib/gcc/arm-none-eabi/5.4.1/armv7e-m\libgcc.a(_arm_fixunsdfsi.o)
 .ARM.attributes
                0x00000698       0x2e c:/program files (x86)/gnu tools arm embedded/5.4 2016q2/bin/../lib/gcc/arm-none-eabi/5.4.1/../../../../arm-none-eabi/lib/armv7e-m\libg.a(lib_a-errno.o)

.debug_frame    0x00000000     0x3970
 .debug_frame   0x00000000       0xe8 ..\obj\codec_configuration.o
 .debug_frame   0x000000e8       0x4c ..\obj\startup_stm32f4xx.o
 .debug_frame   0x00000134      0x134 ..\obj\main.o
 .debug_frame   0x00000268      0x6d4 ..\obj\stm32f4xx_rcc.o
 .debug_frame   0x0000093c       0x5c ..\obj\inputProcessing.o
 .debug_frame   0x00000998      0x5ec ..\obj\stm32f4xx_adc.o
 .debug_frame   0x00000f84      0x2d8 ..\obj\printf.o
 .debug_frame   0x0000125c       0x84 ..\obj\saveBanks.o
 .debug_frame   0x000012e0       0x5c ..\obj\sevenSegment.o
 .debug_frame   0x0000133c      0x23c ..\obj\stm32f4xx_gpio.o
 .debug_frame   0x00001578      0x450 ..\obj\stm32f4xx_flash.o
 .debug_frame   0x000019c8       0x7c ..\obj\system_stm32f4xx.o
 .debug_frame   0x00001a44      0x308 ..\obj\stm32f4xx_dma.o
 .debug_frame   0x00001d4c      0x3f4 ..\obj\stm32f4xx_spi.o
 .debug_frame   0x00002140      0x530 ..\obj\stm32f4xx_i2c.o
 .debug_frame   0x00002670       0xd8 ..\obj\misc.o
 .debug_frame   0x00002748       0xac ..\obj\adc_multichannel_init.o
 .debug_frame   0x000027f4      0xe54 ..\obj\stm32f4xx_tim.o
 .debug_frame   0x00003648      0x114 ..\obj\eeprom.o
 .debug_frame   0x0000375c       0x4c c:/program files (x86)/gnu tools arm embedded/5.4 2016q2/bin/../lib/gcc/arm-none-eabi/5.4.1/../../../../arm-none-eabi/lib/armv7e-m\libm.a(lib_a-w_pow.o)
 .debug_frame   0x000037a8       0x68 c:/program files (x86)/gnu tools arm embedded/5.4 2016q2/bin/../lib/gcc/arm-none-eabi/5.4.1/../../../../arm-none-eabi/lib/armv7e-m\libm.a(lib_a-e_pow.o)
 .debug_frame   0x00003810       0x34 c:/program files (x86)/gnu tools arm embedded/5.4 2016q2/bin/../lib/gcc/arm-none-eabi/5.4.1/../../../../arm-none-eabi/lib/armv7e-m\libm.a(lib_a-e_sqrt.o)
 .debug_frame   0x00003844       0x20 c:/program files (x86)/gnu tools arm embedded/5.4 2016q2/bin/../lib/gcc/arm-none-eabi/5.4.1/../../../../arm-none-eabi/lib/armv7e-m\libm.a(lib_a-s_fabs.o)
 .debug_frame   0x00003864       0x20 c:/program files (x86)/gnu tools arm embedded/5.4 2016q2/bin/../lib/gcc/arm-none-eabi/5.4.1/../../../../arm-none-eabi/lib/armv7e-m\libm.a(lib_a-s_finite.o)
 .debug_frame   0x00003884       0x20 c:/program files (x86)/gnu tools arm embedded/5.4 2016q2/bin/../lib/gcc/arm-none-eabi/5.4.1/../../../../arm-none-eabi/lib/armv7e-m\libm.a(lib_a-s_matherr.o)
 .debug_frame   0x000038a4       0x20 c:/program files (x86)/gnu tools arm embedded/5.4 2016q2/bin/../lib/gcc/arm-none-eabi/5.4.1/../../../../arm-none-eabi/lib/armv7e-m\libm.a(lib_a-s_nan.o)
 .debug_frame   0x000038c4       0x3c c:/program files (x86)/gnu tools arm embedded/5.4 2016q2/bin/../lib/gcc/arm-none-eabi/5.4.1/../../../../arm-none-eabi/lib/armv7e-m\libm.a(lib_a-s_rint.o)
 .debug_frame   0x00003900       0x30 c:/program files (x86)/gnu tools arm embedded/5.4 2016q2/bin/../lib/gcc/arm-none-eabi/5.4.1/../../../../arm-none-eabi/lib/armv7e-m\libm.a(lib_a-s_scalbn.o)
 .debug_frame   0x00003930       0x20 c:/program files (x86)/gnu tools arm embedded/5.4 2016q2/bin/../lib/gcc/arm-none-eabi/5.4.1/../../../../arm-none-eabi/lib/armv7e-m\libm.a(lib_a-s_copysign.o)
 .debug_frame   0x00003950       0x20 c:/program files (x86)/gnu tools arm embedded/5.4 2016q2/bin/../lib/gcc/arm-none-eabi/5.4.1/../../../../arm-none-eabi/lib/armv7e-m\libg.a(lib_a-errno.o)
