Archive member included to satisfy reference by file (symbol)

c:/program files (x86)/gnu tools arm embedded/5.4 2016q2/bin/../lib/gcc/arm-none-eabi/5.4.1/../../../../arm-none-eabi/lib/armv7e-m\libm.a(lib_a-w_pow.o)
                              ..\obj\main.o (pow)
c:/program files (x86)/gnu tools arm embedded/5.4 2016q2/bin/../lib/gcc/arm-none-eabi/5.4.1/../../../../arm-none-eabi/lib/armv7e-m\libm.a(lib_a-e_pow.o)
                              c:/program files (x86)/gnu tools arm embedded/5.4 2016q2/bin/../lib/gcc/arm-none-eabi/5.4.1/../../../../arm-none-eabi/lib/armv7e-m\libm.a(lib_a-w_pow.o) (__ieee754_pow)
c:/program files (x86)/gnu tools arm embedded/5.4 2016q2/bin/../lib/gcc/arm-none-eabi/5.4.1/../../../../arm-none-eabi/lib/armv7e-m\libm.a(lib_a-e_sqrt.o)
                              c:/program files (x86)/gnu tools arm embedded/5.4 2016q2/bin/../lib/gcc/arm-none-eabi/5.4.1/../../../../arm-none-eabi/lib/armv7e-m\libm.a(lib_a-e_pow.o) (__ieee754_sqrt)
c:/program files (x86)/gnu tools arm embedded/5.4 2016q2/bin/../lib/gcc/arm-none-eabi/5.4.1/../../../../arm-none-eabi/lib/armv7e-m\libm.a(lib_a-s_fabs.o)
                              c:/program files (x86)/gnu tools arm embedded/5.4 2016q2/bin/../lib/gcc/arm-none-eabi/5.4.1/../../../../arm-none-eabi/lib/armv7e-m\libm.a(lib_a-e_pow.o) (fabs)
c:/program files (x86)/gnu tools arm embedded/5.4 2016q2/bin/../lib/gcc/arm-none-eabi/5.4.1/../../../../arm-none-eabi/lib/armv7e-m\libm.a(lib_a-s_finite.o)
                              c:/program files (x86)/gnu tools arm embedded/5.4 2016q2/bin/../lib/gcc/arm-none-eabi/5.4.1/../../../../arm-none-eabi/lib/armv7e-m\libm.a(lib_a-w_pow.o) (finite)
c:/program files (x86)/gnu tools arm embedded/5.4 2016q2/bin/../lib/gcc/arm-none-eabi/5.4.1/../../../../arm-none-eabi/lib/armv7e-m\libm.a(lib_a-s_lib_ver.o)
                              c:/program files (x86)/gnu tools arm embedded/5.4 2016q2/bin/../lib/gcc/arm-none-eabi/5.4.1/../../../../arm-none-eabi/lib/armv7e-m\libm.a(lib_a-w_pow.o) (__fdlib_version)
c:/program files (x86)/gnu tools arm embedded/5.4 2016q2/bin/../lib/gcc/arm-none-eabi/5.4.1/../../../../arm-none-eabi/lib/armv7e-m\libm.a(lib_a-s_matherr.o)
                              c:/program files (x86)/gnu tools arm embedded/5.4 2016q2/bin/../lib/gcc/arm-none-eabi/5.4.1/../../../../arm-none-eabi/lib/armv7e-m\libm.a(lib_a-w_pow.o) (matherr)
c:/program files (x86)/gnu tools arm embedded/5.4 2016q2/bin/../lib/gcc/arm-none-eabi/5.4.1/../../../../arm-none-eabi/lib/armv7e-m\libm.a(lib_a-s_nan.o)
                              c:/program files (x86)/gnu tools arm embedded/5.4 2016q2/bin/../lib/gcc/arm-none-eabi/5.4.1/../../../../arm-none-eabi/lib/armv7e-m\libm.a(lib_a-e_pow.o) (nan)
c:/program files (x86)/gnu tools arm embedded/5.4 2016q2/bin/../lib/gcc/arm-none-eabi/5.4.1/../../../../arm-none-eabi/lib/armv7e-m\libm.a(lib_a-s_rint.o)
                              c:/program files (x86)/gnu tools arm embedded/5.4 2016q2/bin/../lib/gcc/arm-none-eabi/5.4.1/../../../../arm-none-eabi/lib/armv7e-m\libm.a(lib_a-w_pow.o) (rint)
c:/program files (x86)/gnu tools arm embedded/5.4 2016q2/bin/../lib/gcc/arm-none-eabi/5.4.1/../../../../arm-none-eabi/lib/armv7e-m\libm.a(lib_a-s_scalbn.o)
                              c:/program files (x86)/gnu tools arm embedded/5.4 2016q2/bin/../lib/gcc/arm-none-eabi/5.4.1/../../../../arm-none-eabi/lib/armv7e-m\libm.a(lib_a-e_pow.o) (scalbn)
c:/program files (x86)/gnu tools arm embedded/5.4 2016q2/bin/../lib/gcc/arm-none-eabi/5.4.1/../../../../arm-none-eabi/lib/armv7e-m\libm.a(lib_a-s_copysign.o)
                              c:/program files (x86)/gnu tools arm embedded/5.4 2016q2/bin/../lib/gcc/arm-none-eabi/5.4.1/../../../../arm-none-eabi/lib/armv7e-m\libm.a(lib_a-s_scalbn.o) (copysign)
c:/program files (x86)/gnu tools arm embedded/5.4 2016q2/bin/../lib/gcc/arm-none-eabi/5.4.1/armv7e-m\libgcc.a(_arm_addsubdf3.o)
                              c:/program files (x86)/gnu tools arm embedded/5.4 2016q2/bin/../lib/gcc/arm-none-eabi/5.4.1/../../../../arm-none-eabi/lib/armv7e-m\libm.a(lib_a-e_pow.o) (__aeabi_dsub)
c:/program files (x86)/gnu tools arm embedded/5.4 2016q2/bin/../lib/gcc/arm-none-eabi/5.4.1/armv7e-m\libgcc.a(_arm_muldivdf3.o)
                              ..\obj\main.o (__aeabi_dmul)
c:/program files (x86)/gnu tools arm embedded/5.4 2016q2/bin/../lib/gcc/arm-none-eabi/5.4.1/armv7e-m\libgcc.a(_arm_cmpdf2.o)
                              c:/program files (x86)/gnu tools arm embedded/5.4 2016q2/bin/../lib/gcc/arm-none-eabi/5.4.1/../../../../arm-none-eabi/lib/armv7e-m\libm.a(lib_a-w_pow.o) (__aeabi_dcmpeq)
c:/program files (x86)/gnu tools arm embedded/5.4 2016q2/bin/../lib/gcc/arm-none-eabi/5.4.1/armv7e-m\libgcc.a(_arm_unorddf2.o)
                              c:/program files (x86)/gnu tools arm embedded/5.4 2016q2/bin/../lib/gcc/arm-none-eabi/5.4.1/../../../../arm-none-eabi/lib/armv7e-m\libm.a(lib_a-w_pow.o) (__aeabi_dcmpun)
[...]
Memory Configuration

Name             Origin             Length             Attributes
rom              0x08000000         0x00100000         xr
ram              0x20000000         0x00020000         xrw
ram1             0x10000000         0x00010000         xrw
*default*        0x00000000         0xffffffff

Linker script and memory map

                0x20020000                _eram = 0x20020000

.text           0x08000000    0x27a30
 *(.isr_vector)
 .isr_vector    0x08000000      0x188 ..\obj\startup_stm32f4xx.o
                0x08000000                g_pfnVectors
 *(.text*)
 .text.codec_Init
                0x08000188      0x16c ..\obj\codec_configuration.o
                0x08000188                codec_Init
 .text.send_Codec_Config
                0x080002f4       0xa8 ..\obj\codec_configuration.o
                0x080002f4                send_Codec_Config
 .text.codec_Configuration
                0x0800039c      0x160 ..\obj\codec_configuration.o
                0x0800039c                codec_Configuration
 .text.receive_Codec_Data
                0x080004fc      0x100 ..\obj\codec_configuration.o
                0x080004fc                receive_Codec_Data
 .text.codec_DMA_Init
                0x080005fc      0x104 ..\obj\codec_configuration.o
                0x080005fc                codec_DMA_Init
 .text.DMA1_Stream5_IRQHandler
                0x08000700       0xfc ..\obj\codec_configuration.o
                0x08000700                DMA1_Stream5_IRQHandler
 .text.Default_Reset_Handler
                0x080007fc       0x5c ..\obj\startup_stm32f4xx.o
                0x080007fc                Default_Reset_Handler
                0x080007fc                Reset_Handler
 .text.Default_Handler
                0x08000858        0x8 ..\obj\startup_stm32f4xx.o
                0x08000858                RTC_Alarm_IRQHandler
                0x08000858                HASH_RNG_IRQHandler
                0x08000858                EXTI2_IRQHandler
                0x08000858                TIM8_CC_IRQHandler
                0x08000858                DebugMon_Handler
                0x08000858                TIM1_CC_IRQHandler
                0x08000858                DMA2_Stream5_IRQHandler
                0x08000858                SysTick_Handler
                0x08000858                PVD_IRQHandler
                0x08000858                SDIO_IRQHandler
                0x08000858                TAMP_STAMP_IRQHandler
                0x08000858                PendSV_Handler
                0x08000858                NMI_Handler
                0x08000858                CAN2_RX1_IRQHandler
                0x08000858                EXTI3_IRQHandler
                0x08000858                TIM8_TRG_COM_TIM14_IRQHandler
                0x08000858                TIM1_UP_TIM10_IRQHandler
                0x08000858                TIM8_UP_TIM13_IRQHandler
                0x08000858                I2C3_ER_IRQHandler
                0x08000858                EXTI0_IRQHandler
                0x08000858                I2C2_EV_IRQHandler
                0x08000858                DMA1_Stream2_IRQHandler
                0x08000858                CAN1_RX0_IRQHandler
                0x08000858                FPU_IRQHandler
                0x08000858                OTG_HS_WKUP_IRQHandler
                0x08000858                UsageFault_Handler
                0x08000858                CAN2_SCE_IRQHandler
                0x08000858                DMA2_Stream2_IRQHandler
                0x08000858                SPI1_IRQHandler
                0x08000858                TIM6_DAC_IRQHandler
                0x08000858                TIM1_BRK_TIM9_IRQHandler
                0x08000858                DCMI_IRQHandler
                0x08000858                CAN2_RX0_IRQHandler
                0x08000858                DMA2_Stream3_IRQHandler
                0x08000858                USART6_IRQHandler
                0x08000858                USART3_IRQHandler
                0x08000858                CRYP_IRQHandler
                0x08000858                CAN1_RX1_IRQHandler
                0x08000858                UART5_IRQHandler
                0x08000858                DMA2_Stream0_IRQHandler
                0x08000858                TIM4_IRQHandler
                0x08000858                I2C1_EV_IRQHandler
                0x08000858                DMA1_Stream6_IRQHandler
                0x08000858                DMA1_Stream1_IRQHandler
                0x08000858                UART4_IRQHandler
                0x08000858                TIM3_IRQHandler
                0x08000858                RCC_IRQHandler
                0x08000858                TIM8_BRK_TIM12_IRQHandler
                0x08000858                EXTI15_10_IRQHandler
                0x08000858                ADC_IRQHandler
                0x08000858                DMA1_Stream7_IRQHandler
                0x08000858                CAN2_TX_IRQHandler
                0x08000858                TIM5_IRQHandler
                0x08000858                DMA2_Stream7_IRQHandler
                0x08000858                I2C3_EV_IRQHandler
                0x08000858                EXTI9_5_IRQHandler
                0x08000858                RTC_WKUP_IRQHandler
                0x08000858                ETH_WKUP_IRQHandler
                0x08000858                SPI2_IRQHandler
                0x08000858                OTG_HS_EP1_IN_IRQHandler
                0x08000858                MemManage_Handler
                0x08000858                DMA1_Stream0_IRQHandler
                0x08000858                CAN1_TX_IRQHandler
                0x08000858                SVC_Handler
                0x08000858                EXTI4_IRQHandler
                0x08000858                FSMC_IRQHandler
                0x08000858                ETH_IRQHandler
                0x08000858                OTG_HS_EP1_OUT_IRQHandler
                0x08000858                WWDG_IRQHandler
                0x08000858                TIM2_IRQHandler
                0x08000858                OTG_FS_WKUP_IRQHandler
                0x08000858                TIM1_TRG_COM_TIM11_IRQHandler
                0x08000858                OTG_HS_IRQHandler
                0x08000858                EXTI1_IRQHandler
                0x08000858                USART2_IRQHandler
                0x08000858                I2C2_ER_IRQHandler
                0x08000858                DMA2_Stream1_IRQHandler
                0x08000858                CAN1_SCE_IRQHandler
                0x08000858                FLASH_IRQHandler
                0x08000858                DMA2_Stream4_IRQHandler
                0x08000858                BusFault_Handler
                0x08000858                USART1_IRQHandler
                0x08000858                OTG_FS_IRQHandler
                0x08000858                SPI3_IRQHandler
                0x08000858                DMA1_Stream4_IRQHandler
                0x08000858                I2C1_ER_IRQHandler
                0x08000858                DMA2_Stream6_IRQHandler
                0x08000858                DMA1_Stream3_IRQHandler
 .text.main     0x08000860      0x97c ..\obj\main.o
                0x08000860                main
 .text.Linear_Interpolation
                0x080011dc       0x74 ..\obj\main.o
                0x080011dc                Linear_Interpolation
 .text.Subtable_Interpolation
                0x08001250       0x84 ..\obj\main.o
                0x08001250                Subtable_Interpolation
 .text.Waveshape_Modulation
                0x080012d4      0x14c ..\obj\main.o
                0x080012d4                Waveshape_Modulation
 .text.Mix_Modulation
                0x08001420       0x38 ..\obj\main.o
                0x08001420                Mix_Modulation
 .text.LED_Init
                0x08001458      0x100 ..\obj\main.o
                0x08001458                LED_Init
 .text.Button_Processing
                0x08001558      0x1b0 ..\obj\main.o
                0x08001558                Button_Processing
 .text.RCC_PLLI2SCmd
                0x08001708       0x20 ..\obj\stm32f4xx_rcc.o
                0x08001708                RCC_PLLI2SCmd
 .text.RCC_GetClocksFreq
                0x08001728      0x154 ..\obj\stm32f4xx_rcc.o
                0x08001728                RCC_GetClocksFreq
 .text.RCC_AHB1PeriphClockCmd
                0x0800187c       0x3c ..\obj\stm32f4xx_rcc.o
                0x0800187c                RCC_AHB1PeriphClockCmd
 .text.RCC_APB1PeriphClockCmd
                0x080018b8       0x3c ..\obj\stm32f4xx_rcc.o
                0x080018b8                RCC_APB1PeriphClockCmd
 .text.RCC_APB2PeriphClockCmd
                0x080018f4       0x3c ..\obj\stm32f4xx_rcc.o
                0x080018f4                RCC_APB2PeriphClockCmd
 .text.RCC_APB1PeriphResetCmd
                0x08001930       0x3c ..\obj\stm32f4xx_rcc.o
                0x08001930                RCC_APB1PeriphResetCmd
 .text.RCC_APB2PeriphResetCmd
                0x0800196c       0x3c ..\obj\stm32f4xx_rcc.o
                0x0800196c                RCC_APB2PeriphResetCmd
 .text.inputProcessingInit
                0x080019a8      0x124 ..\obj\inputProcessing.o
                0x080019a8                inputProcessingInit
 .text.TIM7_IRQHandler
                0x08001acc      0x490 ..\obj\inputProcessing.o
                0x08001acc                TIM7_IRQHandler
 .text.ADC_Init
                0x08001f5c       0xa8 ..\obj\stm32f4xx_adc.o
                0x08001f5c                ADC_Init
 .text.ADC_CommonInit
                0x08002004       0x50 ..\obj\stm32f4xx_adc.o
                0x08002004                ADC_CommonInit
 .text.ADC_Cmd  0x08002054       0x38 ..\obj\stm32f4xx_adc.o
                0x08002054                ADC_Cmd
 .text.ADC_RegularChannelConfig
                0x0800208c      0x194 ..\obj\stm32f4xx_adc.o
                0x0800208c                ADC_RegularChannelConfig
 .text.ADC_SoftwareStartConv
                0x08002220       0x20 ..\obj\stm32f4xx_adc.o
                0x08002220                ADC_SoftwareStartConv
 .text.ADC_DMACmd
                0x08002240       0x38 ..\obj\stm32f4xx_adc.o
                0x08002240                ADC_DMACmd
 .text.ADC_DMARequestAfterLastTransferCmd
                0x08002278       0x38 ..\obj\stm32f4xx_adc.o
                0x08002278                ADC_DMARequestAfterLastTransferCmd
 .text.saveBanksInit
                0x080022b0       0x10 ..\obj\saveBanks.o
                0x080022b0                saveBanksInit
 .text.saveBank
                0x080022c0      0x3d4 ..\obj\saveBanks.o
                0x080022c0                saveBank
 .text.loadBank
                0x08002694      0x434 ..\obj\saveBanks.o
                0x08002694                loadBank
 .text.sevenSegmentInit
                0x08002ac8      0x148 ..\obj\sevenSegment.o
                0x08002ac8                sevenSegmentInit
 .text.sevenSegmentIntToDisplay
                0x08002c10      0x56c ..\obj\sevenSegment.o
                0x08002c10                sevenSegmentIntToDisplay
 .text.GPIO_Init
                0x0800317c      0x11c ..\obj\stm32f4xx_gpio.o
                0x0800317c                GPIO_Init
 .text.GPIO_StructInit
                0x08003298       0x34 ..\obj\stm32f4xx_gpio.o
                0x08003298                GPIO_StructInit
 .text.GPIO_ReadInputDataBit
                0x080032cc       0x34 ..\obj\stm32f4xx_gpio.o
                0x080032cc                GPIO_ReadInputDataBit
 .text.GPIO_SetBits
                0x08003300       0x1c ..\obj\stm32f4xx_gpio.o
                0x08003300                GPIO_SetBits
 .text.GPIO_ResetBits
                0x0800331c       0x1c ..\obj\stm32f4xx_gpio.o
                0x0800331c                GPIO_ResetBits
 .text.GPIO_PinAFConfig
                0x08003338       0x90 ..\obj\stm32f4xx_gpio.o
                0x08003338                GPIO_PinAFConfig
 .text.FLASH_Unlock
                0x080033c8       0x2c ..\obj\stm32f4xx_flash.o
                0x080033c8                FLASH_Unlock
 .text.FLASH_EraseSector
                0x080033f4       0xc0 ..\obj\stm32f4xx_flash.o
                0x080033f4                FLASH_EraseSector
 .text.FLASH_ProgramHalfWord
                0x080034b4       0x6c ..\obj\stm32f4xx_flash.o
                0x080034b4                FLASH_ProgramHalfWord
 .text.FLASH_GetStatus
                0x08003520       0x68 ..\obj\stm32f4xx_flash.o
                0x08003520                FLASH_GetStatus
 .text.FLASH_WaitForLastOperation
                0x08003588       0x30 ..\obj\stm32f4xx_flash.o
                0x08003588                FLASH_WaitForLastOperation
 .text          0x080035b8       0x26 ..\obj\sh_cmd.o
                0x080035b8                SH_DoCommand
                0x080035ca                HardFault_Handler
 *fill*         0x080035de        0x2 
 .text.SystemInit
                0x080035e0       0x5c ..\obj\system_stm32f4xx.o
                0x080035e0                SystemInit
 .text.SetSysClock
                0x0800363c       0xf4 ..\obj\system_stm32f4xx.o
 .text.DMA_DeInit
                0x08003730      0x1a4 ..\obj\stm32f4xx_dma.o
                0x08003730                DMA_DeInit
 .text.DMA_Init
                0x080038d4       0xac ..\obj\stm32f4xx_dma.o
                0x080038d4                DMA_Init
 .text.DMA_Cmd  0x08003980       0x38 ..\obj\stm32f4xx_dma.o
                0x08003980                DMA_Cmd
 .text.DMA_DoubleBufferModeConfig
                0x080039b8       0x3c ..\obj\stm32f4xx_dma.o
                0x080039b8                DMA_DoubleBufferModeConfig
 .text.DMA_DoubleBufferModeCmd
                0x080039f4       0x38 ..\obj\stm32f4xx_dma.o
                0x080039f4                DMA_DoubleBufferModeCmd
 .text.DMA_ITConfig
                0x08003a2c       0x74 ..\obj\stm32f4xx_dma.o
                0x08003a2c                DMA_ITConfig
 .text.DMA_GetITStatus
                0x08003aa0       0xac ..\obj\stm32f4xx_dma.o
                0x08003aa0                DMA_GetITStatus
 .text.DMA_ClearITPendingBit
                0x08003b4c       0x5c ..\obj\stm32f4xx_dma.o
                0x08003b4c                DMA_ClearITPendingBit
 .text.SPI_I2S_DeInit
                0x08003ba8       0x74 ..\obj\stm32f4xx_spi.o
                0x08003ba8                SPI_I2S_DeInit
 .text.I2S_Init
                0x08003c1c      0x1b4 ..\obj\stm32f4xx_spi.o
                0x08003c1c                I2S_Init
 .text.I2S_Cmd  0x08003dd0       0x40 ..\obj\stm32f4xx_spi.o
                0x08003dd0                I2S_Cmd
 .text.SPI_I2S_DMACmd
                0x08003e10       0x48 ..\obj\stm32f4xx_spi.o
                0x08003e10                SPI_I2S_DMACmd
 .text.SPI_I2S_ITConfig
                0x08003e58       0x60 ..\obj\stm32f4xx_spi.o
                0x08003e58                SPI_I2S_ITConfig
 .text.I2C_DeInit
                0x08003eb8       0x74 ..\obj\stm32f4xx_i2c.o
                0x08003eb8                I2C_DeInit
 .text.I2C_Init
                0x08003f2c      0x184 ..\obj\stm32f4xx_i2c.o
                0x08003f2c                I2C_Init
 .text.I2C_Cmd  0x080040b0       0x40 ..\obj\stm32f4xx_i2c.o
                0x080040b0                I2C_Cmd
 .text.I2C_GenerateSTART
                0x080040f0       0x40 ..\obj\stm32f4xx_i2c.o
                0x080040f0                I2C_GenerateSTART
 .text.I2C_GenerateSTOP
                0x08004130       0x40 ..\obj\stm32f4xx_i2c.o
                0x08004130                I2C_GenerateSTOP
 .text.I2C_Send7bitAddress
                0x08004170       0x3c ..\obj\stm32f4xx_i2c.o
                0x08004170                I2C_Send7bitAddress
 .text.I2C_AcknowledgeConfig
                0x080041ac       0x40 ..\obj\stm32f4xx_i2c.o
                0x080041ac                I2C_AcknowledgeConfig
 .text.I2C_SendData
                0x080041ec       0x20 ..\obj\stm32f4xx_i2c.o
                0x080041ec                I2C_SendData
 .text.I2C_ReceiveData
                0x0800420c       0x1c ..\obj\stm32f4xx_i2c.o
                0x0800420c                I2C_ReceiveData
 .text.I2C_CheckEvent
                0x08004228       0x60 ..\obj\stm32f4xx_i2c.o
                0x08004228                I2C_CheckEvent
 .text.I2C_GetFlagStatus
                0x08004288       0x64 ..\obj\stm32f4xx_i2c.o
                0x08004288                I2C_GetFlagStatus
 .text.NVIC_Init
                0x080042ec       0xc0 ..\obj\misc.o
                0x080042ec                NVIC_Init
 .text.ADC1_Poti_Init
                0x080043ac      0x1a0 ..\obj\adc_multichannel_init.o
                0x080043ac                ADC1_Poti_Init
 .text.Get_ADC_Values
                0x0800454c       0x90 ..\obj\adc_multichannel_init.o
                0x0800454c                Get_ADC_Values
 .text.Get_Lock_Values
                0x080045dc       0xa4 ..\obj\adc_multichannel_init.o
                0x080045dc                Get_Lock_Values
 .text.Get_Mean_Values
                0x08004680       0xf8 ..\obj\adc_multichannel_init.o
                0x08004680                Get_Mean_Values
 .text.TIM_TimeBaseInit
                0x08004778       0xd4 ..\obj\stm32f4xx_tim.o
                0x08004778                TIM_TimeBaseInit
 .text.TIM_Cmd  0x0800484c       0x40 ..\obj\stm32f4xx_tim.o
                0x0800484c                TIM_Cmd
 .text.TIM_ITConfig
                0x0800488c       0x48 ..\obj\stm32f4xx_tim.o
                0x0800488c                TIM_ITConfig
 .text.TIM_ClearITPendingBit
                0x080048d4       0x20 ..\obj\stm32f4xx_tim.o
                0x080048d4                TIM_ClearITPendingBit
 .text.EE_Init  0x080048f4      0x2b0 ..\obj\eeprom.o
                0x080048f4                EE_Init
 .text.EE_ReadVariable
                0x08004ba4       0x94 ..\obj\eeprom.o
                0x08004ba4                EE_ReadVariable
 .text.EE_WriteVariable
                0x08004c38       0x44 ..\obj\eeprom.o
                0x08004c38                EE_WriteVariable
 .text.EE_Format
                0x08004c7c       0x50 ..\obj\eeprom.o
 .text.EE_FindValidPage
                0x08004ccc       0x88 ..\obj\eeprom.o
 .text.EE_VerifyPageFullWriteVariable
                0x08004d54       0xb0 ..\obj\eeprom.o
 .text.EE_PageTransfer
                0x08004e04      0x138 ..\obj\eeprom.o
 .text.pow      0x08004f3c      0x2f0 c:/program files (x86)/gnu tools arm embedded/5.4 2016q2/bin/../lib/gcc/arm-none-eabi/5.4.1/../../../../arm-none-eabi/lib/armv7e-m\libm.a(lib_a-w_pow.o)
                0x08004f3c                pow
 *fill*         0x0800522c        0x4 
 .text.__ieee754_pow
                0x08005230      0xab4 c:/program files (x86)/gnu tools arm embedded/5.4 2016q2/bin/../lib/gcc/arm-none-eabi/5.4.1/../../../../arm-none-eabi/lib/armv7e-m\libm.a(lib_a-e_pow.o)
                0x08005230                __ieee754_pow
 .text.__ieee754_sqrt
                0x08005ce4      0x180 c:/program files (x86)/gnu tools arm embedded/5.4 2016q2/bin/../lib/gcc/arm-none-eabi/5.4.1/../../../../arm-none-eabi/lib/armv7e-m\libm.a(lib_a-e_sqrt.o)
                0x08005ce4                __ieee754_sqrt
 .text.fabs     0x08005e64        0x8 c:/program files (x86)/gnu tools arm embedded/5.4 2016q2/bin/../lib/gcc/arm-none-eabi/5.4.1/../../../../arm-none-eabi/lib/armv7e-m\libm.a(lib_a-s_fabs.o)
                0x08005e64                fabs
 .text.finite   0x08005e6c        0xc c:/program files (x86)/gnu tools arm embedded/5.4 2016q2/bin/../lib/gcc/arm-none-eabi/5.4.1/../../../../arm-none-eabi/lib/armv7e-m\libm.a(lib_a-s_finite.o)
                0x08005e6c                finite
 .text.matherr  0x08005e78        0x4 c:/program files (x86)/gnu tools arm embedded/5.4 2016q2/bin/../lib/gcc/arm-none-eabi/5.4.1/../../../../arm-none-eabi/lib/armv7e-m\libm.a(lib_a-s_matherr.o)
                0x08005e78                matherr
 .text.nan      0x08005e7c        0xc c:/program files (x86)/gnu tools arm embedded/5.4 2016q2/bin/../lib/gcc/arm-none-eabi/5.4.1/../../../../arm-none-eabi/lib/armv7e-m\libm.a(lib_a-s_nan.o)
                0x08005e7c                nan
 .text.rint     0x08005e88      0x118 c:/program files (x86)/gnu tools arm embedded/5.4 2016q2/bin/../lib/gcc/arm-none-eabi/5.4.1/../../../../arm-none-eabi/lib/armv7e-m\libm.a(lib_a-s_rint.o)
                0x08005e88                rint
 .text.scalbn   0x08005fa0       0xfc c:/program files (x86)/gnu tools arm embedded/5.4 2016q2/bin/../lib/gcc/arm-none-eabi/5.4.1/../../../../arm-none-eabi/lib/armv7e-m\libm.a(lib_a-s_scalbn.o)
                0x08005fa0                scalbn
 .text.copysign
                0x0800609c       0x10 c:/program files (x86)/gnu tools arm embedded/5.4 2016q2/bin/../lib/gcc/arm-none-eabi/5.4.1/../../../../arm-none-eabi/lib/armv7e-m\libm.a(lib_a-s_copysign.o)
                0x0800609c                copysign
 .text          0x080060ac      0x370 c:/program files (x86)/gnu tools arm embedded/5.4 2016q2/bin/../lib/gcc/arm-none-eabi/5.4.1/armv7e-m\libgcc.a(_arm_addsubdf3.o)
                0x080060ac                __aeabi_drsub
                0x080060b4                __aeabi_dsub
                0x080060b4                __subdf3
                0x080060b8                __aeabi_dadd
                0x080060b8                __adddf3
                0x08006330                __floatunsidf
                0x08006330                __aeabi_ui2d
                0x08006350                __floatsidf
                0x08006350                __aeabi_i2d
                0x08006374                __aeabi_f2d
                0x08006374                __extendsfdf2
                0x080063b0                __floatundidf
                0x080063b0                __aeabi_ul2d
                0x080063c0                __floatdidf
                0x080063c0                __aeabi_l2d
 .text          0x0800641c      0x424 c:/program files (x86)/gnu tools arm embedded/5.4 2016q2/bin/../lib/gcc/arm-none-eabi/5.4.1/armv7e-m\libgcc.a(_arm_muldivdf3.o)
                0x0800641c                __aeabi_dmul
                0x0800641c                __muldf3
                0x08006670                __divdf3
                0x08006670                __aeabi_ddiv
 .text          0x08006840      0x110 c:/program files (x86)/gnu tools arm embedded/5.4 2016q2/bin/../lib/gcc/arm-none-eabi/5.4.1/armv7e-m\libgcc.a(_arm_cmpdf2.o)
                0x08006840                __gtdf2
                0x08006840                __gedf2
                0x08006848                __ltdf2
                0x08006848                __ledf2
                0x08006850                __nedf2
                0x08006850                __eqdf2
                0x08006850                __cmpdf2
                0x080068cc                __aeabi_cdrcmple
                0x080068dc                __aeabi_cdcmpeq
                0x080068dc                __aeabi_cdcmple
                0x080068ec                __aeabi_dcmpeq
                0x08006900                __aeabi_dcmplt
                0x08006914                __aeabi_dcmple
                0x08006928                __aeabi_dcmpge
                0x0800693c                __aeabi_dcmpgt
 .text          0x08006950       0x2c c:/program files (x86)/gnu tools arm embedded/5.4 2016q2/bin/../lib/gcc/arm-none-eabi/5.4.1/armv7e-m\libgcc.a(_arm_unorddf2.o)
                0x08006950                __unorddf2
                0x08006950                __aeabi_dcmpun
 .text          0x0800697c       0x50 c:/program files (x86)/gnu tools arm embedded/5.4 2016q2/bin/../lib/gcc/arm-none-eabi/5.4.1/armv7e-m\libgcc.a(_arm_fixdfsi.o)
                0x0800697c                __aeabi_d2iz
                0x0800697c                __fixdfsi
 .text          0x080069cc       0x40 c:/program files (x86)/gnu tools arm embedded/5.4 2016q2/bin/../lib/gcc/arm-none-eabi/5.4.1/armv7e-m\libgcc.a(_arm_fixunsdfsi.o)
                0x080069cc                __aeabi_d2uiz
                0x080069cc                __fixunsdfsi
 .text.__errno  0x08006a0c        0xc c:/program files (x86)/gnu tools arm embedded/5.4 2016q2/bin/../lib/gcc/arm-none-eabi/5.4.1/../../../../arm-none-eabi/lib/armv7e-m\libg.a(lib_a-errno.o)
                0x08006a0c                __errno
 *(.init)
 *(.fini)
 *crtbegin.o(.ctors)
 *crtbegin?.o(.ctors)
 *(EXCLUDE_FILE(*crtend.o *crtend?.o) .ctors)
 *(SORT(.ctors.*))
 *(.ctors)
 *crtbegin.o(.dtors)
 *crtbegin?.o(.dtors)
 *(EXCLUDE_FILE(*crtend.o *crtend?.o) .dtors)
 *(SORT(.dtors.*))
 *(.dtors)
 *(.rodata*)
 .rodata        0x08006a18    0x21000 ..\obj\main.o
                0x08006a18                Table_Saw_Wave
                0x08011a18                Table_Triangle_Wave
                0x0801ca18                Table_Rect_Wave
                0x08026a18                Table_Sine_Wave
 .rodata.str1.4
                0x08027a18        0x4 c:/program files (x86)/gnu tools arm embedded/5.4 2016q2/bin/../lib/gcc/arm-none-eabi/5.4.1/../../../../arm-none-eabi/lib/armv7e-m\libm.a(lib_a-w_pow.o)
 .rodata.str1.4
                0x08027a1c        0x4 c:/program files (x86)/gnu tools arm embedded/5.4 2016q2/bin/../lib/gcc/arm-none-eabi/5.4.1/../../../../arm-none-eabi/lib/armv7e-m\libm.a(lib_a-e_pow.o)
                                  0x1 (size before relaxing)
 .rodata.TWO52  0x08027a20       0x10 c:/program files (x86)/gnu tools arm embedded/5.4 2016q2/bin/../lib/gcc/arm-none-eabi/5.4.1/../../../../arm-none-eabi/lib/armv7e-m\libm.a(lib_a-s_rint.o)
 *(.eh_fram e*)

.glue_7         0x08027a30        0x0
 .glue_7        0x08027a30        0x0 linker stubs

.glue_7t        0x08027a30        0x0
 .glue_7t       0x08027a30        0x0 linker stubs

.vfp11_veneer   0x08027a30        0x0
 .vfp11_veneer  0x08027a30        0x0 linker stubs

.v4_bx          0x08027a30        0x0
 .v4_bx         0x08027a30        0x0 linker stubs

.iplt           0x08027a30        0x0
 .iplt          0x08027a30        0x0 ..\obj\semihosting.o

.rel.dyn        0x08027a30        0x0
 .rel.iplt      0x08027a30        0x0 ..\obj\semihosting.o

.ARM.extab
 *(.ARM.extab* .gnu.linkonce.armextab.*)
                0x08027a30                __exidx_start = .

.ARM.exidx
 *(.ARM.exidx* .gnu.linkonce.armexidx.*)
                0x08027a30                __exidx_end = .
                0x08027a30                __etext = .
                0x08027a30                _sidata = __etext

.data           0x20000000      0x440 load address 0x08027a30
                0x20000000                __data_start__ = .
                0x20000000                _sdata = __data_start__
 *(vtable)
 *(.data*)
 .data          0x20000000       0x10 ..\obj\stm32f4xx_rcc.o
 .data          0x20000010      0x42c ..\obj\printf.o
                0x20000010                r
                0x20000438                _impure_ptr
 .data.__fdlib_version
                0x2000043c        0x1 c:/program files (x86)/gnu tools arm embedded/5.4 2016q2/bin/../lib/gcc/arm-none-eabi/5.4.1/../../../../arm-none-eabi/lib/armv7e-m\libm.a(lib_a-s_lib_ver.o)
                0x2000043c                __fdlib_version
                0x20000440                . = ALIGN (0x4)
 *fill*         0x2000043d        0x3 
                [!provide]                PROVIDE (__preinit_array_start, .)
 *(.preinit_array)
                [!provide]                PROVIDE (__preinit_array_end, .)
                0x20000440                . = ALIGN (0x4)
                [!provide]                PROVIDE (__init_array_start, .)
 *(SORT(.init_array.*))
 *(.init_array)
                [!provide]                PROVIDE (__init_array_end, .)
                0x20000440                . = ALIGN (0x4)
                [!provide]                PROVIDE (__fini_array_start, .)
 *(SORT(.fini_array.*))
 *(.fini_array)
                [!provide]                PROVIDE (__fini_array_end, .)
 *(.jcr*)
                0x20000440                . = ALIGN (0x4)
                0x20000440                __data_end__ = .
                0x20000440                _edata = __data_end__

.igot.plt       0x20000440        0x0 load address 0x08027e70
 .igot.plt      0x20000440        0x0 ..\obj\semihosting.o

.bss            0x20000440     0x1d70 load address 0x08027e70
                0x20000440                . = ALIGN (0x4)
                0x20000440                __bss_start__ = .
                0x20000440                _sbss = __bss_start__
 *(.bss*)
 .bss           0x20000440        0x4 ..\obj\codec_configuration.o
 .bss           0x20000444       0x48 ..\obj\inputProcessing.o
 .bss           0x2000048c        0x2 ..\obj\eeprom.o
                0x2000048c                DataVar
 *(COMMON)
 *fill*         0x2000048e        0x2 
 COMMON         0x20000490      0x498 ..\obj\codec_configuration.o
                0x20000490                VCO1_Output_Buffer
                0x20000590                VCO2_Lock
                0x20000598                VCO2
                0x200005b8                VCO_Temp
                0x200005d8                Menu_Status
                0x200005d9                Bank_Value
                0x200005da                Transfer_Complete_Flag
                0x200005dc                I2S_Init_Struct
                0x200005ec                Menu_Flag
                0x200005ed                Save_Load_Exit_Value
                0x200005f0                VCO2_Output_Buffer
                0x200006f0                I2C_Init_Struct
                0x20000700                VCO1_Lock
                0x20000707                Save_Flag
                0x20000708                i2s_Out
                0x20000908                VCO1
 COMMON         0x20000928     0x1886 ..\obj\main.o
                0x20000928                out2Active
                0x2000092c                VirtAddVarTab
                0x20001a5c                ADC_Buffer
                0x20001a6a                out1Active
                0x20001a6c                ADC_Mean_Differences
                0x20001a7c                ADC_Mean_Values
                0x20001a8a                encoderActive
                0x20001a8b                recActive
                0x20001a8c                linlogActive
                0x20001a90                ADC_Differences
                0x20001a9e                holdActive
                0x20001aa0                Input_Mean_Buffer
                0x200021a0                ADC_Values
                0x200021b0                . = ALIGN (0x4)
 *fill*         0x200021ae        0x2 
                0x200021b0                __bss_end__ = .
                0x200021b0                _ebss = __bss_end__

.heap           0x200021b0        0x0
                0x200021b0                __end__ = .
                0x200021b0                _end = __end__
                0x200021b0                end = __end__
 *(.heap*)
                0x200021b0                __HeapLimit = .

.co_stack       0x200021b0      0x800 load address 0x08029be0
                0x200021b0                . = ALIGN (0x8)
 *(.co_stack .co_stack.*)
 .co_stack      0x200021b0      0x800 ..\obj\startup_stm32f4xx.o
                0x200021b0                pulStack
                0x20020000                __StackTop = (ORIGIN (ram) + LENGTH (ram))
                0x2001f800                __StackLimit = (__StackTop - SIZEOF (.co_stack))
                [!provide]                PROVIDE (__stack, __StackTop)
                0x00000001                ASSERT ((__StackLimit >= __HeapLimit), region ram  overflowed with stack)
LOAD ..\obj\semihosting.o
LOAD ..\obj\codec_configuration.o
LOAD ..\obj\stm32f4xx_pwr.o
LOAD ..\obj\stm32f4xx_dac.o
LOAD ..\obj\startup_stm32f4xx.o
LOAD ..\obj\main.o
LOAD ..\obj\stm32f4xx_rcc.o
LOAD ..\obj\inputProcessing.o
LOAD ..\obj\stm32f4xx_adc.o
LOAD ..\obj\printf.o
LOAD ..\obj\saveBanks.o
LOAD ..\obj\sevenSegment.o
LOAD ..\obj\stm32f4xx_gpio.o
LOAD ..\obj\stm32f4xx_flash.o
LOAD ..\obj\sh_cmd.o
LOAD ..\obj\system_stm32f4xx.o
LOAD ..\obj\syscalls.o
LOAD ..\obj\stm32f4xx_dma.o
LOAD ..\obj\stm32f4xx_spi.o
LOAD ..\obj\stm32f4xx_i2c.o
LOAD ..\obj\stm32f4xx_exti.o
LOAD ..\obj\misc.o
LOAD ..\obj\adc_multichannel_init.o
LOAD ..\obj\stm32f4xx_tim.o
LOAD ..\obj\eeprom.o
LOAD c:/program files (x86)/gnu tools arm embedded/5.4 2016q2/bin/../lib/gcc/arm-none-eabi/5.4.1/../../../../arm-none-eabi/lib/armv7e-m\libm.a
START GROUP
LOAD c:/program files (x86)/gnu tools arm embedded/5.4 2016q2/bin/../lib/gcc/arm-none-eabi/5.4.1/armv7e-m\libgcc.a
LOAD c:/program files (x86)/gnu tools arm embedded/5.4 2016q2/bin/../lib/gcc/arm-none-eabi/5.4.1/../../../../arm-none-eabi/lib/armv7e-m\libg.a
LOAD c:/program files (x86)/gnu tools arm embedded/5.4 2016q2/bin/../lib/gcc/arm-none-eabi/5.4.1/../../../../arm-none-eabi/lib/armv7e-m\libc.a
END GROUP
OUTPUT(VCO_Firmware_V0.elf elf32-littlearm)

.debug_info     0x00000000     0xb340
 .debug_info    0x00000000      0xd78 ..\obj\codec_configuration.o
 .debug_info    0x00000d78       0xf2 ..\obj\startup_stm32f4xx.o
 .debug_info    0x00000e6a      0x9f8 ..\obj\main.o
 .debug_info    0x00001862      0xc63 ..\obj\stm32f4xx_rcc.o
 .debug_info    0x000024c5      0xbd6 ..\obj\inputProcessing.o
 .debug_info    0x0000309b      0xc40 ..\obj\stm32f4xx_adc.o
 .debug_info    0x00003cdb      0xe3d ..\obj\printf.o
 .debug_info    0x00004b18      0x3e2 ..\obj\saveBanks.o
 .debug_info    0x00004efa      0x2f5 ..\obj\sevenSegment.o
 .debug_info    0x000051ef      0x61a ..\obj\stm32f4xx_gpio.o
 .debug_info    0x00005809      0x727 ..\obj\stm32f4xx_flash.o
 .debug_info    0x00005f30       0xab ..\obj\sh_cmd.o
 .debug_info    0x00005fdb      0x5c5 ..\obj\system_stm32f4xx.o
 .debug_info    0x000065a0      0x741 ..\obj\stm32f4xx_dma.o
 .debug_info    0x00006ce1      0xb0f ..\obj\stm32f4xx_spi.o
 .debug_info    0x000077f0      0xb00 ..\obj\stm32f4xx_i2c.o
 .debug_info    0x000082f0      0x556 ..\obj\misc.o
 .debug_info    0x00008846      0xa5a ..\obj\adc_multichannel_init.o
 .debug_info    0x000092a0     0x1c69 ..\obj\stm32f4xx_tim.o
 .debug_info    0x0000af09      0x437 ..\obj\eeprom.o

.debug_abbrev   0x00000000     0x1c20
 .debug_abbrev  0x00000000      0x1cc ..\obj\codec_configuration.o
 .debug_abbrev  0x000001cc       0xb0 ..\obj\startup_stm32f4xx.o
 .debug_abbrev  0x0000027c      0x210 ..\obj\main.o
 .debug_abbrev  0x0000048c      0x1e5 ..\obj\stm32f4xx_rcc.o
 .debug_abbrev  0x00000671      0x15b ..\obj\inputProcessing.o
 .debug_abbrev  0x000007cc      0x198 ..\obj\stm32f4xx_adc.o
 .debug_abbrev  0x00000964      0x262 ..\obj\printf.o
 .debug_abbrev  0x00000bc6       0xfd ..\obj\saveBanks.o
 .debug_abbrev  0x00000cc3      0x112 ..\obj\sevenSegment.o
 .debug_abbrev  0x00000dd5      0x1a7 ..\obj\stm32f4xx_gpio.o
 .debug_abbrev  0x00000f7c      0x1b2 ..\obj\stm32f4xx_flash.o
 .debug_abbrev  0x0000112e       0x14 ..\obj\sh_cmd.o
 .debug_abbrev  0x00001142      0x138 ..\obj\system_stm32f4xx.o
 .debug_abbrev  0x0000127a      0x157 ..\obj\stm32f4xx_dma.o
 .debug_abbrev  0x000013d1      0x169 ..\obj\stm32f4xx_spi.o
 .debug_abbrev  0x0000153a      0x166 ..\obj\stm32f4xx_i2c.o
 .debug_abbrev  0x000016a0      0x147 ..\obj\misc.o
 .debug_abbrev  0x000017e7      0x166 ..\obj\adc_multichannel_init.o
 .debug_abbrev  0x0000194d      0x189 ..\obj\stm32f4xx_tim.o
 .debug_abbrev  0x00001ad6      0x14a ..\obj\eeprom.o

.debug_aranges  0x00000000      0xd00
 .debug_aranges
                0x00000000       0x48 ..\obj\codec_configuration.o
 .debug_aranges
                0x00000048       0x28 ..\obj\startup_stm32f4xx.o
 .debug_aranges
                0x00000070       0x60 ..\obj\main.o
 .debug_aranges
                0x000000d0      0x178 ..\obj\stm32f4xx_rcc.o
 .debug_aranges
                0x00000248       0x28 ..\obj\inputProcessing.o
 .debug_aranges
                0x00000270      0x148 ..\obj\stm32f4xx_adc.o
 .debug_aranges
                0x000003b8       0xa0 ..\obj\printf.o
 .debug_aranges
                0x00000458       0x30 ..\obj\saveBanks.o
 .debug_aranges
                0x00000488       0x28 ..\obj\sevenSegment.o
 .debug_aranges
                0x000004b0       0x88 ..\obj\stm32f4xx_gpio.o
 .debug_aranges
                0x00000538      0x108 ..\obj\stm32f4xx_flash.o
 .debug_aranges
                0x00000640       0x20 ..\obj\sh_cmd.o
 .debug_aranges
                0x00000660       0x30 ..\obj\system_stm32f4xx.o
 .debug_aranges
                0x00000690       0xb0 ..\obj\stm32f4xx_dma.o
 .debug_aranges
                0x00000740       0xe0 ..\obj\stm32f4xx_spi.o
 .debug_aranges
                0x00000820      0x120 ..\obj\stm32f4xx_i2c.o
 .debug_aranges
                0x00000940       0x40 ..\obj\misc.o
 .debug_aranges
                0x00000980       0x38 ..\obj\adc_multichannel_init.o
 .debug_aranges
                0x000009b8      0x2f8 ..\obj\stm32f4xx_tim.o
 .debug_aranges
                0x00000cb0       0x50 ..\obj\eeprom.o

.debug_ranges   0x00000000      0xbb0
 .debug_ranges  0x00000000       0x38 ..\obj\codec_configuration.o
 .debug_ranges  0x00000038       0x18 ..\obj\startup_stm32f4xx.o
 .debug_ranges  0x00000050       0x50 ..\obj\main.o
 .debug_ranges  0x000000a0      0x168 ..\obj\stm32f4xx_rcc.o
 .debug_ranges  0x00000208       0x18 ..\obj\inputProcessing.o
 .debug_ranges  0x00000220      0x138 ..\obj\stm32f4xx_adc.o
 .debug_ranges  0x00000358       0x90 ..\obj\printf.o
 .debug_ranges  0x000003e8       0x20 ..\obj\saveBanks.o
 .debug_ranges  0x00000408       0x18 ..\obj\sevenSegment.o
 .debug_ranges  0x00000420       0x78 ..\obj\stm32f4xx_gpio.o
 .debug_ranges  0x00000498       0xf8 ..\obj\stm32f4xx_flash.o
 .debug_ranges  0x00000590       0x20 ..\obj\system_stm32f4xx.o
 .debug_ranges  0x000005b0       0xa0 ..\obj\stm32f4xx_dma.o
 .debug_ranges  0x00000650       0xd0 ..\obj\stm32f4xx_spi.o
 .debug_ranges  0x00000720      0x110 ..\obj\stm32f4xx_i2c.o
 .debug_ranges  0x00000830       0x30 ..\obj\misc.o
 .debug_ranges  0x00000860       0x28 ..\obj\adc_multichannel_init.o
 .debug_ranges  0x00000888      0x2e8 ..\obj\stm32f4xx_tim.o
 .debug_ranges  0x00000b70       0x40 ..\obj\eeprom.o

.debug_line     0x00000000     0x4db3
 .debug_line    0x00000000      0x44d ..\obj\codec_configuration.o
 .debug_line    0x0000044d       0xa3 ..\obj\startup_stm32f4xx.o
 .debug_line    0x000004f0      0x4e2 ..\obj\main.o
 .debug_line    0x000009d2      0x5cd ..\obj\stm32f4xx_rcc.o
 .debug_line    0x00000f9f      0x364 ..\obj\inputProcessing.o
 .debug_line    0x00001303      0x585 ..\obj\stm32f4xx_adc.o
 .debug_line    0x00001888      0x379 ..\obj\printf.o
 .debug_line    0x00001c01      0x288 ..\obj\saveBanks.o
 .debug_line    0x00001e89      0x281 ..\obj\sevenSegment.o
 .debug_line    0x0000210a      0x388 ..\obj\stm32f4xx_gpio.o
 .debug_line    0x00002492      0x4a6 ..\obj\stm32f4xx_flash.o
 .debug_line    0x00002938       0x81 ..\obj\sh_cmd.o
 .debug_line    0x000029b9      0x206 ..\obj\system_stm32f4xx.o
 .debug_line    0x00002bbf      0x452 ..\obj\stm32f4xx_dma.o
 .debug_line    0x00003011      0x481 ..\obj\stm32f4xx_spi.o
 .debug_line    0x00003492      0x513 ..\obj\stm32f4xx_i2c.o
 .debug_line    0x000039a5      0x266 ..\obj\misc.o
 .debug_line    0x00003c0b      0x39a ..\obj\adc_multichannel_init.o
 .debug_line    0x00003fa5      0xae9 ..\obj\stm32f4xx_tim.o
 .debug_line    0x00004a8e      0x325 ..\obj\eeprom.o

.debug_str      0x00000000     0x43ac
 .debug_str     0x00000000      0xe43 ..\obj\codec_configuration.o
                                0xeba (size before relaxing)
 .debug_str     0x00000e43       0xb2 ..\obj\startup_stm32f4xx.o
                                0x149 (size before relaxing)
 .debug_str     0x00000ef5      0x2bd ..\obj\main.o
                                0x811 (size before relaxing)
 .debug_str     0x000011b2      0x651 ..\obj\stm32f4xx_rcc.o
                                0x852 (size before relaxing)
 .debug_str     0x00001803      0x24c ..\obj\inputProcessing.o
                                0xd94 (size before relaxing)
 .debug_str     0x00001a4f      0x643 ..\obj\stm32f4xx_adc.o
                                0x806 (size before relaxing)
 .debug_str     0x00002092      0x4c3 ..\obj\printf.o
                                0x679 (size before relaxing)
 .debug_str     0x00002555       0x89 ..\obj\saveBanks.o
                                0x402 (size before relaxing)
 .debug_str     0x000025de       0x94 ..\obj\sevenSegment.o
                                0x39c (size before relaxing)
 .debug_str     0x00002672      0x1a5 ..\obj\stm32f4xx_gpio.o
                                0x4a5 (size before relaxing)
 .debug_str     0x00002817      0x3cd ..\obj\stm32f4xx_flash.o
                                0x594 (size before relaxing)
 .debug_str     0x00002be4       0xfe ..\obj\system_stm32f4xx.o
                                0x3ac (size before relaxing)
 .debug_str     0x00002ce2      0x25a ..\obj\stm32f4xx_dma.o
                                0x544 (size before relaxing)
 .debug_str     0x00002f3c      0x320 ..\obj\stm32f4xx_spi.o
                                0x68c (size before relaxing)
 .debug_str     0x0000325c      0x342 ..\obj\stm32f4xx_i2c.o
                                0x667 (size before relaxing)
 .debug_str     0x0000359e      0x15c ..\obj\misc.o
                                0x3d0 (size before relaxing)
 .debug_str     0x000036fa       0xd8 ..\obj\adc_multichannel_init.o
                                0x923 (size before relaxing)
 .debug_str     0x000037d2      0xa88 ..\obj\stm32f4xx_tim.o
                                0xdd2 (size before relaxing)
 .debug_str     0x0000425a      0x152 ..\obj\eeprom.o
                                0x38d (size before relaxing)

.comment        0x00000000       0x6e
 .comment       0x00000000       0x6e ..\obj\codec_configuration.o
                                 0x6f (size before relaxing)
 .comment       0x0000006e       0x6f ..\obj\startup_stm32f4xx.o
 .comment       0x0000006e       0x6f ..\obj\main.o
 .comment       0x0000006e       0x6f ..\obj\stm32f4xx_rcc.o
 .comment       0x0000006e       0x6f ..\obj\inputProcessing.o
 .comment       0x0000006e       0x6f ..\obj\stm32f4xx_adc.o
 .comment       0x0000006e       0x6f ..\obj\printf.o
 .comment       0x0000006e       0x6f ..\obj\saveBanks.o
 .comment       0x0000006e       0x6f ..\obj\sevenSegment.o
 .comment       0x0000006e       0x6f ..\obj\stm32f4xx_gpio.o
 .comment       0x0000006e       0x6f ..\obj\stm32f4xx_flash.o
 .comment       0x0000006e       0x6f ..\obj\system_stm32f4xx.o
 .comment       0x0000006e       0x6f ..\obj\stm32f4xx_dma.o
 .comment       0x0000006e       0x6f ..\obj\stm32f4xx_spi.o
 .comment       0x0000006e       0x6f ..\obj\stm32f4xx_i2c.o
 .comment       0x0000006e       0x6f ..\obj\misc.o
 .comment       0x0000006e       0x6f ..\obj\adc_multichannel_init.o
 .comment       0x0000006e       0x6f ..\obj\stm32f4xx_tim.o
 .comment       0x0000006e       0x6f ..\obj\eeprom.o

.ARM.attributes
                0x00000000       0x31
 .ARM.attributes
                0x00000000       0x33 ..\obj\codec_configuration.o
 .ARM.attributes
                0x00000033       0x33 ..\obj\startup_stm32f4xx.o
 .ARM.attributes
                0x00000066       0x33 ..\obj\main.o
 .ARM.attributes
                0x00000099       0x33 ..\obj\stm32f4xx_rcc.o
 .ARM.attributes
                0x000000cc       0x33 ..\obj\inputProcessing.o
 .ARM.attributes
                0x000000ff       0x33 ..\obj\stm32f4xx_adc.o
 .ARM.attributes
                0x00000132       0x33 ..\obj\printf.o
 .ARM.attributes
                0x00000165       0x33 ..\obj\saveBanks.o
 .ARM.attributes
                0x00000198       0x33 ..\obj\sevenSegment.o
 .ARM.attributes
                0x000001cb       0x33 ..\obj\stm32f4xx_gpio.o
 .ARM.attributes
                0x000001fe       0x33 ..\obj\stm32f4xx_flash.o
 .ARM.attributes
                0x00000231       0x21 ..\obj\sh_cmd.o
 .ARM.attributes
                0x00000252       0x33 ..\obj\system_stm32f4xx.o
 .ARM.attributes
                0x00000285       0x33 ..\obj\stm32f4xx_dma.o
 .ARM.attributes
                0x000002b8       0x33 ..\obj\stm32f4xx_spi.o
 .ARM.attributes
                0x000002eb       0x33 ..\obj\stm32f4xx_i2c.o
 .ARM.attributes
                0x0000031e       0x33 ..\obj\misc.o
 .ARM.attributes
                0x00000351       0x33 ..\obj\adc_multichannel_init.o
 .ARM.attributes
                0x00000384       0x33 ..\obj\stm32f4xx_tim.o
 .ARM.attributes
                0x000003b7       0x33 ..\obj\eeprom.o
 .ARM.attributes
                0x000003ea       0x2e c:/program files (x86)/gnu tools arm embedded/5.4 2016q2/bin/../lib/gcc/arm-none-eabi/5.4.1/../../../../arm-none-eabi/lib/armv7e-m\libm.a(lib_a-w_pow.o)
 .ARM.attributes
                0x00000418       0x2e c:/program files (x86)/gnu tools arm embedded/5.4 2016q2/bin/../lib/gcc/arm-none-eabi/5.4.1/../../../../arm-none-eabi/lib/armv7e-m\libm.a(lib_a-e_pow.o)
 .ARM.attributes
                0x00000446       0x2e c:/program files (x86)/gnu tools arm embedded/5.4 2016q2/bin/../lib/gcc/arm-none-eabi/5.4.1/../../../../arm-none-eabi/lib/armv7e-m\libm.a(lib_a-e_sqrt.o)
 .ARM.attributes
                0x00000474       0x2e c:/program files (x86)/gnu tools arm embedded/5.4 2016q2/bin/../lib/gcc/arm-none-eabi/5.4.1/../../../../arm-none-eabi/lib/armv7e-m\libm.a(lib_a-s_fabs.o)
 .ARM.attributes
                0x000004a2       0x2e c:/program files (x86)/gnu tools arm embedded/5.4 2016q2/bin/../lib/gcc/arm-none-eabi/5.4.1/../../../../arm-none-eabi/lib/armv7e-m\libm.a(lib_a-s_finite.o)
 .ARM.attributes
                0x000004d0       0x2e c:/program files (x86)/gnu tools arm embedded/5.4 2016q2/bin/../lib/gcc/arm-none-eabi/5.4.1/../../../../arm-none-eabi/lib/armv7e-m\libm.a(lib_a-s_lib_ver.o)
 .ARM.attributes
                0x000004fe       0x2e c:/program files (x86)/gnu tools arm embedded/5.4 2016q2/bin/../lib/gcc/arm-none-eabi/5.4.1/../../../../arm-none-eabi/lib/armv7e-m\libm.a(lib_a-s_matherr.o)
 .ARM.attributes
                0x0000052c       0x2e c:/program files (x86)/gnu tools arm embedded/5.4 2016q2/bin/../lib/gcc/arm-none-eabi/5.4.1/../../../../arm-none-eabi/lib/armv7e-m\libm.a(lib_a-s_nan.o)
 .ARM.attributes
                0x0000055a       0x2e c:/program files (x86)/gnu tools arm embedded/5.4 2016q2/bin/../lib/gcc/arm-none-eabi/5.4.1/../../../../arm-none-eabi/lib/armv7e-m\libm.a(lib_a-s_rint.o)
 .ARM.attributes
                0x00000588       0x2e c:/program files (x86)/gnu tools arm embedded/5.4 2016q2/bin/../lib/gcc/arm-none-eabi/5.4.1/../../../../arm-none-eabi/lib/armv7e-m\libm.a(lib_a-s_scalbn.o)
 .ARM.attributes
                0x000005b6       0x2e c:/program files (x86)/gnu tools arm embedded/5.4 2016q2/bin/../lib/gcc/arm-none-eabi/5.4.1/../../../../arm-none-eabi/lib/armv7e-m\libm.a(lib_a-s_copysign.o)
 .ARM.attributes
                0x000005e4       0x1e c:/program files (x86)/gnu tools arm embedded/5.4 2016q2/bin/../lib/gcc/arm-none-eabi/5.4.1/armv7e-m\libgcc.a(_arm_addsubdf3.o)
 .ARM.attributes
                0x00000602       0x1e c:/program files (x86)/gnu tools arm embedded/5.4 2016q2/bin/../lib/gcc/arm-none-eabi/5.4.1/armv7e-m\libgcc.a(_arm_muldivdf3.o)
 .ARM.attributes
                0x00000620       0x1e c:/program files (x86)/gnu tools arm embedded/5.4 2016q2/bin/../lib/gcc/arm-none-eabi/5.4.1/armv7e-m\libgcc.a(_arm_cmpdf2.o)
 .ARM.attributes
                0x0000063e       0x1e c:/program files (x86)/gnu tools arm embedded/5.4 2016q2/bin/../lib/gcc/arm-none-eabi/5.4.1/armv7e-m\libgcc.a(_arm_unorddf2.o)
 .ARM.attributes
                0x0000065c       0x1e c:/program files (x86)/gnu tools arm embedded/5.4 2016q2/bin/../lib/gcc/arm-none-eabi/5.4.1/armv7e-m\libgcc.a(_arm_fixdfsi.o)
 .ARM.attributes
                0x0000067a       0x1e c:/program files (x86)/gnu tools arm embedded/5.4 2016q2/bin/../lib/gcc/arm-none-eabi/5.4.1/armv7e-m\libgcc.a(_arm_fixunsdfsi.o)
 .ARM.attributes
                0x00000698       0x2e c:/program files (x86)/gnu tools arm embedded/5.4 2016q2/bin/../lib/gcc/arm-none-eabi/5.4.1/../../../../arm-none-eabi/lib/armv7e-m\libg.a(lib_a-errno.o)

.debug_frame    0x00000000     0x3984
 .debug_frame   0x00000000       0xe8 ..\obj\codec_configuration.o
 .debug_frame   0x000000e8       0x4c ..\obj\startup_stm32f4xx.o
 .debug_frame   0x00000134      0x150 ..\obj\main.o
 .debug_frame   0x00000284      0x6d4 ..\obj\stm32f4xx_rcc.o
 .debug_frame   0x00000958       0x5c ..\obj\inputProcessing.o
 .debug_frame   0x000009b4      0x5ec ..\obj\stm32f4xx_adc.o
 .debug_frame   0x00000fa0      0x2d8 ..\obj\printf.o
 .debug_frame   0x00001278       0x7c ..\obj\saveBanks.o
 .debug_frame   0x000012f4       0x5c ..\obj\sevenSegment.o
 .debug_frame   0x00001350      0x23c ..\obj\stm32f4xx_gpio.o
 .debug_frame   0x0000158c      0x450 ..\obj\stm32f4xx_flash.o
 .debug_frame   0x000019dc       0x7c ..\obj\system_stm32f4xx.o
 .debug_frame   0x00001a58      0x308 ..\obj\stm32f4xx_dma.o
 .debug_frame   0x00001d60      0x3f4 ..\obj\stm32f4xx_spi.o
 .debug_frame   0x00002154      0x530 ..\obj\stm32f4xx_i2c.o
 .debug_frame   0x00002684       0xd8 ..\obj\misc.o
 .debug_frame   0x0000275c       0xac ..\obj\adc_multichannel_init.o
 .debug_frame   0x00002808      0xe54 ..\obj\stm32f4xx_tim.o
 .debug_frame   0x0000365c      0x114 ..\obj\eeprom.o
 .debug_frame   0x00003770       0x4c c:/program files (x86)/gnu tools arm embedded/5.4 2016q2/bin/../lib/gcc/arm-none-eabi/5.4.1/../../../../arm-none-eabi/lib/armv7e-m\libm.a(lib_a-w_pow.o)
 .debug_frame   0x000037bc       0x68 c:/program files (x86)/gnu tools arm embedded/5.4 2016q2/bin/../lib/gcc/arm-none-eabi/5.4.1/../../../../arm-none-eabi/lib/armv7e-m\libm.a(lib_a-e_pow.o)
 .debug_frame   0x00003824       0x34 c:/program files (x86)/gnu tools arm embedded/5.4 2016q2/bin/../lib/gcc/arm-none-eabi/5.4.1/../../../../arm-none-eabi/lib/armv7e-m\libm.a(lib_a-e_sqrt.o)
 .debug_frame   0x00003858       0x20 c:/program files (x86)/gnu tools arm embedded/5.4 2016q2/bin/../lib/gcc/arm-none-eabi/5.4.1/../../../../arm-none-eabi/lib/armv7e-m\libm.a(lib_a-s_fabs.o)
 .debug_frame   0x00003878       0x20 c:/program files (x86)/gnu tools arm embedded/5.4 2016q2/bin/../lib/gcc/arm-none-eabi/5.4.1/../../../../arm-none-eabi/lib/armv7e-m\libm.a(lib_a-s_finite.o)
 .debug_frame   0x00003898       0x20 c:/program files (x86)/gnu tools arm embedded/5.4 2016q2/bin/../lib/gcc/arm-none-eabi/5.4.1/../../../../arm-none-eabi/lib/armv7e-m\libm.a(lib_a-s_matherr.o)
 .debug_frame   0x000038b8       0x20 c:/program files (x86)/gnu tools arm embedded/5.4 2016q2/bin/../lib/gcc/arm-none-eabi/5.4.1/../../../../arm-none-eabi/lib/armv7e-m\libm.a(lib_a-s_nan.o)
 .debug_frame   0x000038d8       0x3c c:/program files (x86)/gnu tools arm embedded/5.4 2016q2/bin/../lib/gcc/arm-none-eabi/5.4.1/../../../../arm-none-eabi/lib/armv7e-m\libm.a(lib_a-s_rint.o)
 .debug_frame   0x00003914       0x30 c:/program files (x86)/gnu tools arm embedded/5.4 2016q2/bin/../lib/gcc/arm-none-eabi/5.4.1/../../../../arm-none-eabi/lib/armv7e-m\libm.a(lib_a-s_scalbn.o)
 .debug_frame   0x00003944       0x20 c:/program files (x86)/gnu tools arm embedded/5.4 2016q2/bin/../lib/gcc/arm-none-eabi/5.4.1/../../../../arm-none-eabi/lib/armv7e-m\libm.a(lib_a-s_copysign.o)
 .debug_frame   0x00003964       0x20 c:/program files (x86)/gnu tools arm embedded/5.4 2016q2/bin/../lib/gcc/arm-none-eabi/5.4.1/../../../../arm-none-eabi/lib/armv7e-m\libg.a(lib_a-errno.o)
